{"stage": "compile", "commandIndex": 1, "executable": "/workspace/scratch/5809f5dce3dd/provider-superset-20261005/toolchain/apache-maven-3.9.9/bin/mvn"}
[INFO] Scanning for projects...
[INFO] 
[INFO] ------< com.synexia.verification:mre-packed-current-992-20261005 >------
[INFO] Building M3 packed current992 exact-source qualification 1.0.0
[INFO]   from pom.xml
[INFO] --------------------------------[ jar ]---------------------------------
[INFO] 
[INFO] --- resources:3.3.1:resources (default-resources) @ mre-packed-current-992-20261005 ---
[INFO] skip non existing resourceDirectory /workspace/scratch/5809f5dce3dd/m3-recipe-evolution-20261005/evidence/packed-current-v2/sources/synexia-common/src/main/resources
[INFO] 
[INFO] --- compiler:3.13.0:compile (default-compile) @ mre-packed-current-992-20261005 ---
[INFO] Recompiling the module because of changed source code.
[INFO] Compiling 23 source files with javac [debug release 21] to ../target/classes
[INFO] 
[INFO] --- resources:3.3.1:testResources (default-testResources) @ mre-packed-current-992-20261005 ---
[INFO] skip non existing resourceDirectory /workspace/scratch/5809f5dce3dd/m3-recipe-evolution-20261005/evidence/packed-current-v2/sources/synexia-common/src/test/resources
[INFO] 
[INFO] --- compiler:3.13.0:testCompile (default-testCompile) @ mre-packed-current-992-20261005 ---
[INFO] Recompiling the module because of changed dependency.
[INFO] Compiling 4 source files with javac [debug release 21] to ../target/test-classes
[INFO] ------------------------------------------------------------------------
[INFO] BUILD SUCCESS
[INFO] ------------------------------------------------------------------------
[INFO] Total time:  1.875 s
[INFO] Finished at: 2026-10-05T11:27:34+02:00
[INFO] ------------------------------------------------------------------------
{"artifacts": 45, "artifactManifestSHA256": "4043b7838faf6c079c6bb76f9f74036c7ff8b03c8f33c7f84785325d04ece3a2"}
