configure: Configuration created at Sun Oct  4 11:28:56 EEST 2026.
checking for basename... /usr/bin/basename
checking for dirname... /usr/bin/dirname
checking for file... /usr/bin/file
checking for ldd... /usr/bin/ldd
checking for echo... echo [builtin]
checking for tr... /usr/bin/tr
checking for uname... /usr/bin/uname
checking for wc... /usr/bin/wc
checking for grep that handles long lines and -e... /usr/bin/grep
checking for egrep... /usr/bin/grep -E
checking for a sed that does not truncate output... /usr/bin/sed
checking for cygpath... [not found]
checking for wslpath... [not found]
checking for cmd.exe... [not found]
checking build system type... x86_64-pc-linux-gnu
checking host system type... x86_64-pc-linux-gnu
checking target system type... x86_64-pc-linux-gnu
checking openjdk-build os-cpu... linux-x86_64
checking openjdk-build C library... gnu
checking openjdk-target os-cpu... linux-x86_64
checking openjdk-target C library... gnu
checking compilation type... native
checking for top-level directory... /workspace/scratch/18b9e6a1dfc0/full-jdk
checking for bash... /usr/bin/bash
checking for cat... /usr/bin/cat
checking for chmod... /usr/bin/chmod
checking for cp... /usr/bin/cp
checking for cut... /usr/bin/cut
checking for date... /usr/bin/date
checking for gdiff... [not found]
checking for diff... /usr/bin/diff
checking for expr... /usr/bin/expr
checking for find... /usr/bin/find
checking for gunzip... /usr/bin/gunzip
checking for pigz... [not found]
checking for gzip... /usr/bin/gzip
checking for head... /usr/bin/head
checking for ln... /usr/bin/ln
checking for ls... /usr/bin/ls
checking for gmkdir... [not found]
checking for mkdir... /usr/bin/mkdir
checking for mktemp... /usr/bin/mktemp
checking for mv... /usr/bin/mv
checking for gawk... [not found]
checking for nawk... /usr/bin/nawk
checking for printf... printf [builtin]
checking for rm... /usr/bin/rm
checking for rmdir... /usr/bin/rmdir
checking for sh... /usr/bin/sh
checking for sort... /usr/bin/sort
checking for tail... /usr/bin/tail
checking for gtar... [not found]
checking for tar... /usr/bin/tar
checking for tee... /usr/bin/tee
checking for touch... /usr/bin/touch
checking for xargs... /usr/bin/xargs
checking for fgrep... /usr/bin/grep -F
checking for df... /usr/bin/df
checking for git... /usr/local/bin/git
checking for nice... /usr/bin/nice
checking for greadlink... [not found]
checking for readlink... /usr/bin/readlink
checking for whoami... /usr/bin/whoami
checking for lsb_release... /usr/bin/lsb_release
checking for cmp... /usr/bin/cmp
checking for uniq... /usr/bin/uniq
checking for build environment type... dev, default (calculated from 'auto')
checking if custom source is suppressed (openjdk-only)... disabled, default
checking for --enable-debug... disabled, default
checking which debug level to use... fastdebug
checking which variants of the JVM to build... server
checking if absolute paths should be allowed in the build output... yes, debug build
checking for toolchain path... 
checking for sysroot... 
checking for extra path... 
checking where to store configuration... in default location
checking what configuration name to use... linux-x86_64-server-fastdebug
checking for zypper... [not found]
checking for apt-get... /usr/local/bin/apt-get
checking for pandoc... /usr/bin/pandoc
checking for pandoc version... 3.1.3
configure: WARNING: pandoc is version 3.1.3, not the recommended version 2.19.2
checking if the pandoc smart extension needs to be disabled for markdown... yes
checking for gmake... /usr/bin/gmake
configure: Testing potential make at /usr/bin/gmake, found using gmake in PATH
configure: Using GNU make at /usr/bin/gmake (version: GNU Make 4.3)
checking if make --output-sync is supported... yes
checking for make --output-sync value... none, default
checking if find supports -delete... yes
checking what type of tar was found... gnu
checking that grep (/usr/bin/grep) -Fx handles empty lines in the pattern list correctly... yes
checking for unzip... /workspace/scratch/18b9e6a1dfc0/build-tools/sysroot/usr/bin/unzip
checking for zip... /workspace/scratch/18b9e6a1dfc0/build-tools/sysroot/usr/bin/zip
checking for greadelf... [not found]
checking for readelf... /usr/bin/readelf
checking for dot... [not found]
checking for stat... /usr/bin/stat
checking for time... time [builtin]
checking for flock... /usr/bin/flock
checking for dtrace... [not found]
checking for gpatch... [not found]
checking for patch... /usr/bin/patch
checking if date is a GNU compatible version... yes
checking for ulimit... ulimit [builtin]
checking bash version... 5.2.21
checking if bash supports pipefail... yes
checking if bash supports errexit (-e)... yes
checking for pkg-config... /workspace/scratch/18b9e6a1dfc0/build-tools/sysroot/usr/bin/pkg-config
checking pkg-config is at least version 0.9.0... yes
checking for default LOG value... 
checking for JMOD compression type... zip-1, default
checking if packaged modules are kept... enabled, default
checking for --with-build-user... root, default
checking for --with-jdk-rc-name... OpenJDK Platform, default
checking for --with-vendor-name... N/A, default
checking for --with-vendor-url... https://openjdk.org/, default
checking for --with-vendor-bug-url... https://bugreport.java.com/bugreport/, default
checking for --with-vendor-vm-bug-url... https://bugreport.java.com/bugreport/crash.jsp, default
checking for --with-version-string... <none>, default
checking for --with-version-feature... 21, default
checking for --with-version-date... 2023-09-19, default
checking for --with-vendor-version-string... <disabled>, default
checking for --with-macosx-bundle-name-base... OpenJDK, default
checking for --with-macosx-bundle-id-base... net.java.openjdk-internal, default
checking for --with-macosx-bundle-build-version... 0, default
checking for version string... 21-internal-adhoc.root.full-jdk
configure: Found potential Boot JDK using configure arguments
checking for Boot JDK... /workspace/scratch/ed46f03838cd/tools/jdk-21.0.12.1+1
checking Boot JDK version... openjdk version "21.0.12.1" 2026-08-18 LTS OpenJDK Runtime Environment Temurin-21.0.12.1+1 (build 21.0.12.1+1-LTS) OpenJDK 64-Bit Server VM Temurin-21.0.12.1+1 (build 21.0.12.1+1-LTS, mixed mode, sharing)
checking for java [Boot JDK]... $BOOT_JDK/bin/java
checking for javac [Boot JDK]... $BOOT_JDK/bin/javac
checking for javadoc [Boot JDK]... $BOOT_JDK/bin/javadoc
checking for jar [Boot JDK]... $BOOT_JDK/bin/jar
checking if Boot JDK jar supports --date=TIMESTAMP... true
checking if Boot JDK is 32 or 64 bits... 64
checking for local Boot JDK Class Data Sharing (CDS)... yes, created
checking for Build JDK... yes, will use output dir
checking for docs-reference JDK... no, using interim javadoc for the docs-reference targets
checking what source date to use... 1791102537, from 'current' (default)
checking if we should build headless-only (no GUI)... enabled, from command line
checking if linker should clean out unused code (linktime-gc)... disabled, default
checking for graphviz dot... no, cannot generate full docs
checking for pandoc... yes
checking for --enable-full-docs... disabled, from default 'auto'
checking for cacerts file... default
checking for cacerts source... default
checking for --enable-unlimited-crypto... enabled, default
checking for jni library path... default
checking if static build is available... no
checking if static build is enabled... disabled, default
configure: Using default toolchain gcc (GNU Compiler Collection)
checking for gcc... /usr/bin/gcc
checking resolved symbolic links for CC... /usr/bin/x86_64-linux-gnu-gcc-13
configure: Using gcc C compiler version 13.3.0 [gcc (Ubuntu 13.3.0-6ubuntu2~24.04) 13.3.0]
checking whether the C compiler works... yes
checking for C compiler default output file name... a.out
checking for suffix of executables... 
checking whether we are cross compiling... no
checking for suffix of object files... o
checking whether the compiler supports GNU C... yes
checking whether /usr/bin/gcc accepts -g... yes
checking for /usr/bin/gcc option to enable C11 features... none needed
checking for g++... /usr/bin/g++
checking resolved symbolic links for CXX... /usr/bin/x86_64-linux-gnu-g++-13
configure: Using gcc C++ compiler version 13.3.0 [g++ (Ubuntu 13.3.0-6ubuntu2~24.04) 13.3.0]
checking whether the compiler supports GNU C++... yes
checking whether /usr/bin/g++ accepts -g... yes
checking for /usr/bin/g++ option to enable C++11 features... none needed
checking how to run the C preprocessor... /usr/bin/gcc -E
checking how to run the C++ preprocessor... /usr/bin/g++ -E
configure: Using gcc linker version 2.42 [GNU ld (GNU Binutils for Ubuntu) 2.42]
configure: comparing linker version to minimum version 2.25
checking for ar... /usr/bin/ar
checking for strip... /usr/bin/strip
checking for nm... /usr/bin/nm
checking for gobjcopy... [not found]
checking for objcopy... /usr/bin/objcopy
checking for gobjdump... [not found]
checking for objdump... /usr/bin/objdump
checking for c++filt... /usr/bin/c++filt
checking if @file is supported by gcc... yes
checking if CC supports "-m64"... yes
checking if CXX supports "-m64"... yes
checking if both CC and CXX support "-m64"... yes
checking for jtreg... [not found]
checking for jtreg test harness... no, not found
checking for jmh (Java Microbenchmark Harness)... no, disabled
checking for jib... no
checking for stdio.h... yes
checking for stdlib.h... yes
checking for string.h... yes
checking for inttypes.h... yes
checking for stdint.h... yes
checking for strings.h... yes
checking for sys/stat.h... yes
checking for sys/types.h... yes
checking for unistd.h... yes
checking for stdio.h... (cached) yes
checking size of int *... 8
checking for target address size... 64 bits
checking whether byte ordering is bigendian... no
checking for --enable-branch-protection... disabled, default
checking for --enable-warnings-as-errors... enabled, default
checking if CC supports "-Xassembler -mrelax-relocations=no"... yes
checking if CXX supports "-Xassembler -mrelax-relocations=no"... yes
checking if both CC and CXX support "-Xassembler -mrelax-relocations=no"... yes
checking if TARGET is x86... no
checking if CC supports "-fno-delete-null-pointer-checks"... yes
checking if CXX supports "-fno-delete-null-pointer-checks"... yes
checking if both CC and CXX support "-fno-delete-null-pointer-checks"... yes
checking if CC supports "-fno-lifetime-dse"... yes
checking if CXX supports "-fno-lifetime-dse"... yes
checking if both CC and CXX support "-fno-lifetime-dse"... yes
checking if CC supports "-ffp-contract=off"... yes
checking if CXX supports "-ffp-contract=off"... yes
checking if both CC and CXX support "-ffp-contract=off"... yes
checking if BUILD is x86... no
checking if BUILD_CC supports "-fno-delete-null-pointer-checks"... yes
checking if BUILD_CXX supports "-fno-delete-null-pointer-checks"... yes
checking if both BUILD_CC and BUILD_CXX support "-fno-delete-null-pointer-checks"... yes
checking if BUILD_CC supports "-fno-lifetime-dse"... yes
checking if BUILD_CXX supports "-fno-lifetime-dse"... yes
checking if both BUILD_CC and BUILD_CXX support "-fno-lifetime-dse"... yes
checking if BUILD_CC supports "-ffp-contract=off"... yes
checking if BUILD_CXX supports "-ffp-contract=off"... yes
checking if both BUILD_CC and BUILD_CXX support "-ffp-contract=off"... yes
checking how to run strip... --strip-debug
checking what type of native debug symbols to use... none
checking if we should add external native debug symbols to the shipped bundles... no
checking if native coverage is available... yes
checking for --enable-native-coverage... disabled, default
checking if AddressSanitizer (asan) is available... yes
checking for --enable-asan... disabled, default
checking if UndefinedBehaviorSanitizer (ubsan) is available... yes
checking for --enable-ubsan... disabled, default
checking if LeakSanitizer (lsan) is available... yes
checking for --enable-lsan... disabled, default
checking if fallback linker enabled... disabled, default
checking if static link of stdc++ is possible... yes
checking how to link with libstdc++... static
checking for which libjpeg to use... bundled
checking for which giflib to use... bundled
checking for PNG... no
checking for which libpng to use... bundled
checking for compress in -lz... yes
checking for which zlib to use... system
checking for system zlib functionality... ok
checking for which lcms to use... bundled
checking for which harfbuzz to use... bundled
checking for cups headers... yes
checking for fontconfig headers... yes
Using freetype: bundled
checking for --enable-hsdis-bundling... disabled, default
checking what hsdis backend to use... 'none', hsdis will not be built
checking if hsdis should be bundled... no
checking for --enable-libffi-bundling... disabled, default
checking for cos in -lm... yes
checking for dlopen in -ldl... yes
checking for X... libraries /workspace/scratch/18b9e6a1dfc0/build-tools/sysroot/usr/lib/x86_64-linux-gnu, headers /workspace/scratch/18b9e6a1dfc0/build-tools/sysroot/usr/include
checking whether -R must be followed by a space... neither works
checking for gethostbyname... yes
checking for connect... yes
checking for remove... yes
checking for shmat... yes
checking for IceConnectionNumber in -lICE... yes
checking for X11/extensions/shape.h... yes
checking for X11/extensions/Xrender.h... yes
checking for X11/extensions/XTest.h... yes
checking for X11/Intrinsic.h... yes
checking for X11/extensions/Xrandr.h... yes
checking for JVM features enabled by the user... none
checking for JVM features disabled by the user... none
checking if platform is supported by CDS... yes
checking if JVM feature 'cds' is available... yes
checking for dtrace tool and platform support... no
checking for sys/sdt.h... no
configure: Cannot enable dtrace with missing dependencies. See above.
checking if JVM feature 'dtrace' is available... no
checking if platform is supported by JVMCI... yes
checking if JVM feature 'jvmci' is available... yes
checking if platform is supported by Shenandoah... yes
checking if JVM feature 'shenandoahgc' is available... yes
checking if static-build is enabled in configure... no, use --enable-static-build to enable static build.
checking if JVM feature 'static-build' is available... no
checking if platform is supported by ZGC... yes
checking if JVM feature 'zgc' is available... yes
checking JVM features to use for variant 'server'... 'cds compiler1 compiler2 epsilongc g1gc jfr jni-check jvmci jvmti management parallelgc serialgc services shenandoahgc vm-structs zgc'
checking what hotspot build time to use... 2026-10-04T08:28:57Z (from --with-source-date)
checking if the jtreg failure handler is available... no (jtreg not present)
checking if the jtreg failure handler should be built... disabled, default
checking if the jtreg test thread factory is available... no (jtreg not present)
checking if the jtreg test thread factory should be built... disabled, from default 'auto'
checking if the CDS classlist generation should be enabled... enabled, from default 'auto'
checking if any translations should be excluded... no
checking if static man pages should be copied... enabled, default
checking if CDS archive is available... yes
checking if a default CDS archive should be generated... enabled, from default 'auto'
checking if CDS archive is available... yes
checking if compatible cds region alignment enabled... disabled, default
checking for number of cores... 9
checking for memory size... 9967 MB
checking whether to use javac server... enabled, default
checking flags for boot jdk java command ...  -Duser.language=en -Duser.country=US  -XX:+UnlockDiagnosticVMOptions -XX:-VerifySharedSpaces -XX:SharedArchiveFile=/workspace/scratch/18b9e6a1dfc0/full-jdk/build/linux-x86_64-server-fastdebug/configure-support/classes.jsa -Xshare:auto 
checking flags for boot jdk java command for big workloads...  -Xms64M -Xmx1600M
checking flags for bootcycle boot jdk java command for big workloads... -Xms64M -Xmx1600M
checking flags for boot jdk java command for small workloads...  -XX:+UseSerialGC -Xms32M -Xmx512M -XX:TieredStopAtLevel=1
checking for --enable-icecc... disabled, default
checking if precompiled headers are available... yes
checking for --enable-precompiled-headers... enabled, from default 'auto'
checking for ccache... [not found]
checking if ccache is available... no, ccache binary missing or not executable
checking if ccache is enabled... disabled, default
checking if build directory is on local disk... yes
configure: creating /workspace/scratch/18b9e6a1dfc0/full-jdk/build/linux-x86_64-server-fastdebug/configure-support/config.status
config.status: creating /workspace/scratch/18b9e6a1dfc0/full-jdk/build/linux-x86_64-server-fastdebug/spec.gmk
config.status: creating /workspace/scratch/18b9e6a1dfc0/full-jdk/build/linux-x86_64-server-fastdebug/bootcycle-spec.gmk
config.status: creating /workspace/scratch/18b9e6a1dfc0/full-jdk/build/linux-x86_64-server-fastdebug/buildjdk-spec.gmk
config.status: creating /workspace/scratch/18b9e6a1dfc0/full-jdk/build/linux-x86_64-server-fastdebug/compare.sh
config.status: creating /workspace/scratch/18b9e6a1dfc0/full-jdk/build/linux-x86_64-server-fastdebug/Makefile

====================================================
A new configuration has been successfully created in
/workspace/scratch/18b9e6a1dfc0/full-jdk/build/linux-x86_64-server-fastdebug
using configure arguments '--with-boot-jdk=/workspace/scratch/ed46f03838cd/tools/jdk-21.0.12.1+1 --with-debug-level=fastdebug --with-native-debug-symbols=none --with-jvm-variants=server --enable-headless-only --with-cups=/workspace/scratch/18b9e6a1dfc0/build-tools/sysroot/usr --with-fontconfig=/workspace/scratch/18b9e6a1dfc0/build-tools/sysroot/usr --with-alsa-include=/workspace/scratch/18b9e6a1dfc0/build-tools/sysroot/usr/include --with-alsa-lib=/workspace/scratch/18b9e6a1dfc0/build-tools/sysroot/usr/lib/x86_64-linux-gnu --with-freetype=bundled --x-includes=/workspace/scratch/18b9e6a1dfc0/build-tools/sysroot/usr/include --x-libraries=/workspace/scratch/18b9e6a1dfc0/build-tools/sysroot/usr/lib/x86_64-linux-gnu --with-jobs=4'.

Configuration summary:
* Name:           linux-x86_64-server-fastdebug
* Debug level:    fastdebug
* HS debug level: fastdebug
* JVM variants:   server
* JVM features:   server: 'cds compiler1 compiler2 epsilongc g1gc jfr jni-check jvmci jvmti management parallelgc serialgc services shenandoahgc vm-structs zgc' 
* OpenJDK target: OS: linux, CPU architecture: x86, address length: 64
* Version string: 21-internal-adhoc.root.full-jdk (21-internal)
* Source date:    1791102537 (2026-10-04T08:28:57Z)

Tools summary:
* Boot JDK:       openjdk version "21.0.12.1" 2026-08-18 LTS OpenJDK Runtime Environment Temurin-21.0.12.1+1 (build 21.0.12.1+1-LTS) OpenJDK 64-Bit Server VM Temurin-21.0.12.1+1 (build 21.0.12.1+1-LTS, mixed mode, sharing) (at /workspace/scratch/ed46f03838cd/tools/jdk-21.0.12.1+1)
* Toolchain:      gcc (GNU Compiler Collection)
* C Compiler:     Version 13.3.0 (at /usr/bin/gcc)
* C++ Compiler:   Version 13.3.0 (at /usr/bin/g++)

Build performance summary:
* Build jobs:     4
* Memory limit:   9967 MB

The following warnings were produced. Repeated here for convenience:
WARNING: pandoc is version 3.1.3, not the recommended version 2.19.2

