Building target 'images' in configuration 'linux-x86_64-server-fastdebug'
Compiling up to 4 files for BUILD_JIGSAW_TOOLS
Optimizing the exploded image
Creating java.datatransfer.jmod
Creating java.compiler.jmod
Creating java.instrument.jmod
Creating java.desktop.jmod
Creating java.logging.jmod
Creating java.management.jmod
Creating java.management.rmi.jmod
Creating java.naming.jmod
Creating java.net.http.jmod
Creating java.prefs.jmod
Creating java.scripting.jmod
Creating java.rmi.jmod
Creating java.se.jmod
Creating java.security.jgss.jmod
Creating java.security.sasl.jmod
Creating java.smartcardio.jmod
Creating java.sql.jmod
Creating java.sql.rowset.jmod
Creating java.transaction.xa.jmod
Creating java.xml.jmod
Creating java.xml.crypto.jmod
Creating jdk.accessibility.jmod
Creating jdk.attach.jmod
Creating jdk.charsets.jmod
Creating jdk.compiler.jmod
Creating jdk.crypto.cryptoki.jmod
Creating jdk.crypto.ec.jmod
Creating jdk.dynalink.jmod
Creating jdk.editpad.jmod
Creating jdk.hotspot.agent.jmod
Creating jdk.httpserver.jmod
Creating jdk.incubator.vector.jmod
Creating jdk.internal.ed.jmod
Creating jdk.internal.jvmstat.jmod
Creating jdk.internal.le.jmod
Creating jdk.internal.opt.jmod
Creating jdk.internal.vm.ci.jmod
Creating jdk.internal.vm.compiler.jmod
Creating jdk.internal.vm.compiler.management.jmod
Creating jdk.jartool.jmod
Creating jdk.javadoc.jmod
Creating jdk.jcmd.jmod
Creating jdk.jconsole.jmod
Creating jdk.jdeps.jmod
Creating jdk.jdwp.agent.jmod
Creating jdk.jdi.jmod
Creating jdk.jfr.jmod
Creating interim java.base.jmod
Creating interim java.logging.jmod
Creating jdk.jpackage.jmod
Creating jdk.jshell.jmod
Creating jdk.jsobject.jmod
Creating jdk.jstatd.jmod
Creating jdk.management.jmod
Creating jdk.localedata.jmod
Creating jdk.management.agent.jmod
Creating jdk.management.jfr.jmod
Creating jdk.naming.dns.jmod
Creating jdk.naming.rmi.jmod
Creating jdk.net.jmod
Creating jdk.nio.mapmode.jmod
Creating jdk.random.jmod
Creating jdk.sctp.jmod
Creating jdk.security.auth.jmod
Creating jdk.security.jgss.jmod
Creating jdk.unsupported.jmod
Creating jdk.unsupported.desktop.jmod
Creating jdk.xml.dom.jmod
Creating jdk.zipfs.jmod
Compiling up to 3 files for BUILD_DEMO_CodePointIM
Updating support/demos/image/jfc/CodePointIM/src.zip
Compiling up to 3 files for BUILD_DEMO_FileChooserDemo
Updating support/demos/image/jfc/FileChooserDemo/src.zip
Creating interim jimage
Compiling up to 29 files for BUILD_DEMO_SwingSet2
Updating support/demos/image/jfc/SwingSet2/src.zip
Compiling up to 3 files for BUILD_DEMO_Font2DTest
Updating support/demos/image/jfc/Font2DTest/src.zip
Compiling up to 64 files for BUILD_DEMO_J2Ddemo
Updating support/demos/image/jfc/J2Ddemo/src.zip
Compiling up to 15 files for BUILD_DEMO_Metalworks
Updating support/demos/image/jfc/Metalworks/src.zip
Compiling up to 2 files for BUILD_DEMO_Notepad
Updating support/demos/image/jfc/Notepad/src.zip
Compiling up to 5 files for BUILD_DEMO_Stylepad
Updating support/demos/image/jfc/Stylepad/src.zip
Compiling up to 5 files for BUILD_DEMO_SampleTree
Updating support/demos/image/jfc/SampleTree/src.zip
Compiling up to 8 files for BUILD_DEMO_TableExample
Updating support/demos/image/jfc/TableExample/src.zip
Compiling up to 1 files for BUILD_DEMO_TransparentRuler
Updating support/demos/image/jfc/TransparentRuler/src.zip
Creating support/demos/image/jfc/CodePointIM/CodePointIM.jar
Creating support/demos/image/jfc/FileChooserDemo/FileChooserDemo.jar
Creating support/demos/image/jfc/SwingSet2/SwingSet2.jar
Creating support/demos/image/jfc/Font2DTest/Font2DTest.jar
Compiling up to 2 files for CLASSLIST_JAR
Creating support/demos/image/jfc/J2Ddemo/J2Ddemo.jar
Creating support/demos/image/jfc/Notepad/Notepad.jar
Creating support/demos/image/jfc/Metalworks/Metalworks.jar
Creating support/classlist.jar
Creating support/demos/image/jfc/Stylepad/Stylepad.jar
Creating support/demos/image/jfc/SampleTree/SampleTree.jar
Creating support/demos/image/jfc/TableExample/TableExample.jar
Creating support/demos/image/jfc/TransparentRuler/TransparentRuler.jar
Creating jdk.jlink.jmod
Creating java.base.jmod
Creating jdk image
Creating CDS archive for jdk image for server
Creating CDS-NOCOOPS archive for jdk image for server
Stopping javac server
Finished building target 'images' in configuration 'linux-x86_64-server-fastdebug'
