[INFO] Scanning for projects...
[INFO] 
[INFO] ---------< com.m3.verification:jcc-merge-mapping-recovery-v04 >---------
[INFO] Building jcc-merge-mapping-recovery-v04 20261006
[INFO]   from pom.xml
[INFO] --------------------------------[ jar ]---------------------------------
[INFO] 
[INFO] --- resources:3.3.1:resources (default-resources) @ jcc-merge-mapping-recovery-v04 ---
[INFO] Copying 13 resources from ../../../src/main/resources to target/classes
[INFO] 
[INFO] --- compiler:3.13.0:compile (default-compile) @ jcc-merge-mapping-recovery-v04 ---
[INFO] Recompiling the module because of changed source code.
[INFO] Compiling 1 source file with javac [debug release 21] to target/classes
[INFO] 
[INFO] --- resources:3.3.1:testResources (default-testResources) @ jcc-merge-mapping-recovery-v04 ---
[INFO] Copying 1 resource from ../../../src/test/resources to target/test-classes
[INFO] 
[INFO] --- compiler:3.13.0:testCompile (default-testCompile) @ jcc-merge-mapping-recovery-v04 ---
[INFO] Recompiling the module because of changed dependency.
[INFO] Compiling 1 source file with javac [debug release 21] to target/test-classes
[INFO] 
[INFO] --- surefire:3.2.5:test (default-test) @ jcc-merge-mapping-recovery-v04 ---
[INFO] Using auto detected provider org.apache.maven.surefire.junitplatform.JUnitPlatformProvider
[INFO] 
[INFO] -------------------------------------------------------
[INFO]  T E S T S
[INFO] -------------------------------------------------------
[INFO] Running com.m3.rewrite.backport.JccMergeMappingRecoveryV04Test
[INFO] Tests run: 13, Failures: 0, Errors: 0, Skipped: 0, Time elapsed: 1.219 s -- in com.m3.rewrite.backport.JccMergeMappingRecoveryV04Test
[INFO] 
[INFO] Results:
[INFO] 
[INFO] Tests run: 13, Failures: 0, Errors: 0, Skipped: 0
[INFO] 
[INFO] 
[INFO] --- jar:3.4.1:jar (default-jar) @ jcc-merge-mapping-recovery-v04 ---
[INFO] Building jar: /workspace/scratch/1c68df1bae79/javac-convergence-20261006/receiving-merge-audit/candidate/mapping-v04/execution-actual-v01/repository/m3/tooling/migration-recipes/tasks/jcc-merge-recovery-20261006/mapping-verification-v04/target/jcc-merge-mapping-recovery-v04-20261006.jar
[INFO] ------------------------------------------------------------------------
[INFO] BUILD SUCCESS
[INFO] ------------------------------------------------------------------------
[INFO] Total time:  3.913 s
[INFO] Finished at: 2026-10-06T15:32:09+09:00
[INFO] ------------------------------------------------------------------------
