[INFO] Scanning for projects...
[INFO] 
[INFO] ---------------< com.m3.verification:jcc-merge-recovery >---------------
[INFO] Building jcc-merge-recovery 20261006
[INFO]   from pom.xml
[INFO] --------------------------------[ jar ]---------------------------------
[INFO] ------------------------------------------------------------------------
[INFO] BUILD FAILURE
[INFO] ------------------------------------------------------------------------
[INFO] Total time:  0.312 s
[INFO] Finished at: 2026-10-06T13:21:26+09:00
[INFO] ------------------------------------------------------------------------
[ERROR] Failed to execute goal on project jcc-merge-recovery: Could not resolve dependencies for project com.m3.verification:jcc-merge-recovery:jar:20261006
[ERROR] dependency: org.ow2.asm:asm:jar:9.3 (runtime)
[ERROR] 	Cannot access central (https://repo.maven.apache.org/maven2) in offline mode and the artifact org.ow2.asm:asm:jar:9.3 has not been downloaded from it before.
[ERROR] dependency: org.ow2.asm:asm-util:jar:9.3 (runtime)
[ERROR] 	Cannot access central (https://repo.maven.apache.org/maven2) in offline mode and the artifact org.ow2.asm:asm-util:jar:9.3 has not been downloaded from it before.
[ERROR] dependency: org.ow2.asm:asm-tree:jar:9.3 (runtime)
[ERROR] 	Cannot access central (https://repo.maven.apache.org/maven2) in offline mode and the artifact org.ow2.asm:asm-tree:jar:9.3 has not been downloaded from it before.
[ERROR] dependency: org.ow2.asm:asm-analysis:jar:9.3 (runtime)
[ERROR] 	Cannot access central (https://repo.maven.apache.org/maven2) in offline mode and the artifact org.ow2.asm:asm-analysis:jar:9.3 has not been downloaded from it before.
[ERROR] -> [Help 1]
[ERROR] 
[ERROR] To see the full stack trace of the errors, re-run Maven with the -e switch.
[ERROR] Re-run Maven using the -X switch to enable full debug logging.
[ERROR] 
[ERROR] For more information about the errors and possible solutions, please read the following articles:
[ERROR] [Help 1] http://cwiki.apache.org/confluence/display/MAVEN/DependencyResolutionException
