[INFO] Scanning for projects...
[INFO] 
[INFO] ---------------< com.synexia.verification:m3-ci-752-jcc >---------------
[INFO] Building Pinned JCC context pair recipe qualification 1.0.0
[INFO]   from pom.xml
[INFO] --------------------------------[ jar ]---------------------------------
[INFO] 
[INFO] --- resources:3.3.1:resources (default-resources) @ m3-ci-752-jcc ---
[INFO] Copying 7 resources from src/main/resources to target/classes
[INFO] 
[INFO] --- compiler:3.13.0:compile (default-compile) @ m3-ci-752-jcc ---
[INFO] Recompiling the module because of changed source code.
[INFO] Compiling 1 source file with javac [debug release 21] to target/classes
[INFO] 
[INFO] --- resources:3.3.1:testResources (default-testResources) @ m3-ci-752-jcc ---
[INFO] Copying 32 resources from src/test/resources to target/test-classes
[INFO] 
[INFO] --- compiler:3.13.0:testCompile (default-testCompile) @ m3-ci-752-jcc ---
[INFO] Recompiling the module because of changed dependency.
[INFO] Compiling 1 source file with javac [debug release 21] to target/test-classes
[INFO] ------------------------------------------------------------------------
[INFO] BUILD SUCCESS
[INFO] ------------------------------------------------------------------------
[INFO] Total time:  1.671 s
[INFO] Finished at: 2026-10-05T17:49:15Z
[INFO] ------------------------------------------------------------------------
