test_actual_packet_check_apply_idempotent_rollback_and_replay (test_jcc_handoff_packet.JccHandoffPacketTests.test_actual_packet_check_apply_idempotent_rollback_and_replay) ... ok
test_actual_required_preimage_missing_or_drifted_refuses_atomically (test_jcc_handoff_packet.JccHandoffPacketTests.test_actual_required_preimage_missing_or_drifted_refuses_atomically) ... ok
test_each_actual_absent_output_occupied_refuses_atomically (test_jcc_handoff_packet.JccHandoffPacketTests.test_each_actual_absent_output_occupied_refuses_atomically) ... ok
test_each_actual_guard_missing_or_drifted_refuses_atomically (test_jcc_handoff_packet.JccHandoffPacketTests.test_each_actual_guard_missing_or_drifted_refuses_atomically) ... ok
test_each_foreign_postimage_edit_refuses_rollback_and_replay_atomically (test_jcc_handoff_packet.JccHandoffPacketTests.test_each_foreign_postimage_edit_refuses_rollback_and_replay_atomically) ... ok
test_each_single_postimage_mixed_with_preimages_refuses_atomically (test_jcc_handoff_packet.JccHandoffPacketTests.test_each_single_postimage_mixed_with_preimages_refuses_atomically) ... ok
test_both_exact_profiles_select_their_sealed_plan_without_writes (test_jcc_handoff_context_profiles.JccHandoffContextProfileTests.test_both_exact_profiles_select_their_sealed_plan_without_writes) ... ok
test_each_other_guard_drift_refuses_during_actual_setup (test_jcc_handoff_context_profiles.JccHandoffContextProfileTests.test_each_other_guard_drift_refuses_during_actual_setup) ... ok
test_missing_selected_plan_refuses_with_other_profile_still_present (test_jcc_handoff_context_profiles.JccHandoffContextProfileTests.test_missing_selected_plan_refuses_with_other_profile_still_present) ... ok
test_resealed_recipe_identity_substitution_refuses (test_jcc_handoff_context_profiles.JccHandoffContextProfileTests.test_resealed_recipe_identity_substitution_refuses) ... ok
test_resealed_validator_guard_substitution_refuses (test_jcc_handoff_context_profiles.JccHandoffContextProfileTests.test_resealed_validator_guard_substitution_refuses) ... ok
test_swapped_profile_plan_refuses (test_jcc_handoff_context_profiles.JccHandoffContextProfileTests.test_swapped_profile_plan_refuses) ... ok
test_unknown_validator_refuses_without_fallback (test_jcc_handoff_context_profiles.JccHandoffContextProfileTests.test_unknown_validator_refuses_without_fallback) ... ok
test_whitespace_only_plan_drift_refuses (test_jcc_handoff_context_profiles.JccHandoffContextProfileTests.test_whitespace_only_plan_drift_refuses) ... ok
test_all_three_profiles_execute_six_retained_packet_methods (test_jcc_handoff_current_context.JccHandoffCurrentContextTests.test_all_three_profiles_execute_six_retained_packet_methods) ... ok
test_current_exact_pair_selects_new_plan_without_writes (test_jcc_handoff_current_context.JccHandoffCurrentContextTests.test_current_exact_pair_selects_new_plan_without_writes) ... ok
test_current_other_guard_drift_still_refuses_without_writes (test_jcc_handoff_current_context.JccHandoffCurrentContextTests.test_current_other_guard_drift_still_refuses_without_writes) ... ok
test_current_selected_plan_missing_drifted_or_resealed_refuses (test_jcc_handoff_current_context.JccHandoffCurrentContextTests.test_current_selected_plan_missing_drifted_or_resealed_refuses) ... ok
test_historical_pom_fixture_drift_refuses_without_writes (test_jcc_handoff_current_context.JccHandoffCurrentContextTests.test_historical_pom_fixture_drift_refuses_without_writes) ... ok
test_known_validator_and_pom_in_unadmitted_pair_refuse (test_jcc_handoff_current_context.JccHandoffCurrentContextTests.test_known_validator_and_pom_in_unadmitted_pair_refuse) ... ok
test_unknown_pom_or_validator_refuses_without_fallback (test_jcc_handoff_current_context.JccHandoffCurrentContextTests.test_unknown_pom_or_validator_refuses_without_fallback) ... ok

----------------------------------------------------------------------
Ran 21 tests in 3.081s

OK
CIH_CONTEXT_VERIFIED methods=21 packetMethods=6 historicalProfiles=2 currentProfiles=1 nestedPacketExecutions=18
CIH_VERIFIED targets=5 mixedStates=32 initialRefusals=16 postScanRefusals=10 outputSeal=66524b7605f7e490a1c3a2258c738da9d77f50c62a6475206289162d988b4801
