[INFO] Scanning for projects...
[INFO] 
[INFO] ----------< com.m3.verification:jcc-source-recovery-handoff >-----------
[INFO] Building jcc-source-recovery-handoff 0.1.0-SNAPSHOT
[INFO]   from pom.xml
[INFO] --------------------------------[ jar ]---------------------------------
[INFO] 
[INFO] --- clean:3.2.0:clean (default-clean) @ jcc-source-recovery-handoff ---
[INFO] 
[INFO] --- resources:3.3.1:resources (default-resources) @ jcc-source-recovery-handoff ---
[INFO] Copying 12 resources from ../../src/main/resources to target/classes
[INFO] 
[INFO] --- compiler:3.13.0:compile (default-compile) @ jcc-source-recovery-handoff ---
[INFO] Recompiling the module because of changed source code.
[INFO] Compiling 1 source file with javac [debug release 21] to target/classes
[INFO] 
[INFO] --- resources:3.3.1:testResources (default-testResources) @ jcc-source-recovery-handoff ---
[INFO] skip non existing resourceDirectory /workspace/scratch/1c68df1bae79/javac-convergence-20261005/work/m3jdk21-current/successor-e04/overlay/m3/tooling/migration-recipes/verification/jcc-source-recovery-handoff/src/test/resources
[INFO] 
[INFO] --- compiler:3.13.0:testCompile (default-testCompile) @ jcc-source-recovery-handoff ---
[INFO] Recompiling the module because of changed dependency.
[INFO] Compiling 1 source file with javac [debug release 21] to target/test-classes
[INFO] 
[INFO] --- surefire:3.2.5:test (default-test) @ jcc-source-recovery-handoff ---
[INFO] Using auto detected provider org.apache.maven.surefire.junitplatform.JUnitPlatformProvider
[INFO] 
[INFO] -------------------------------------------------------
[INFO]  T E S T S
[INFO] -------------------------------------------------------
[INFO] Running com.m3.rewrite.backport.JccSourceRecoveryHandoffTest
[INFO] Tests run: 12, Failures: 0, Errors: 0, Skipped: 0, Time elapsed: 0.959 s -- in com.m3.rewrite.backport.JccSourceRecoveryHandoffTest
[INFO] 
[INFO] Results:
[INFO] 
[INFO] Tests run: 12, Failures: 0, Errors: 0, Skipped: 0
[INFO] 
[INFO] 
[INFO] --- jar:3.4.1:jar (default-jar) @ jcc-source-recovery-handoff ---
[INFO] Building jar: /workspace/scratch/1c68df1bae79/javac-convergence-20261005/work/m3jdk21-current/successor-e04/overlay/m3/tooling/migration-recipes/verification/jcc-source-recovery-handoff/target/jcc-source-recovery-handoff-0.1.0-SNAPSHOT.jar
[INFO] ------------------------------------------------------------------------
[INFO] BUILD SUCCESS
[INFO] ------------------------------------------------------------------------
[INFO] Total time:  3.994 s
[INFO] Finished at: 2026-10-05T17:40:54Z
[INFO] ------------------------------------------------------------------------
