[INFO] Scanning for projects...
[INFO] 
[INFO] -------------< com.m3.verification:a3-code-string-repair >--------------
[INFO] Building a3-code-string-repair 20261006
[INFO]   from pom.xml
[INFO] --------------------------------[ jar ]---------------------------------
[INFO] 
[INFO] --- resources:3.3.1:resources (default-resources) @ a3-code-string-repair ---
[INFO] Copying 9 resources from ../../../src/main/resources to target/classes
[INFO] 
[INFO] --- compiler:3.13.0:compile (default-compile) @ a3-code-string-repair ---
[INFO] Recompiling the module because of changed source code.
[INFO] Compiling 2 source files with javac [debug release 21] to target/classes
[INFO] 
[INFO] --- resources:3.3.1:testResources (default-testResources) @ a3-code-string-repair ---
[INFO] skip non existing resourceDirectory /workspace/scratch/1c68df1bae79/javac-convergence-20261006/current-ci/a3-code-string-repair-v01/proof-workspace/m3/tooling/migration-recipes/tasks/a3-code-string-repair-20261006/verification/src/test/resources
[INFO] 
[INFO] --- compiler:3.13.0:testCompile (default-testCompile) @ a3-code-string-repair ---
[INFO] Recompiling the module because of changed dependency.
[INFO] Compiling 1 source file with javac [debug release 21] to target/test-classes
[INFO] 
[INFO] --- surefire:3.2.5:test (default-test) @ a3-code-string-repair ---
[INFO] Using auto detected provider org.apache.maven.surefire.junitplatform.JUnitPlatformProvider
[INFO] 
[INFO] -------------------------------------------------------
[INFO]  T E S T S
[INFO] -------------------------------------------------------
[INFO] Running com.m3.rewrite.backport.A3CodeStringRepairTest
SLF4J: Failed to load class "org.slf4j.impl.StaticLoggerBinder".
SLF4J: Defaulting to no-operation (NOP) logger implementation
SLF4J: See http://www.slf4j.org/codes.html#StaticLoggerBinder for further details.
[INFO] Tests run: 9, Failures: 0, Errors: 0, Skipped: 0, Time elapsed: 1.445 s -- in com.m3.rewrite.backport.A3CodeStringRepairTest
[INFO] 
[INFO] Results:
[INFO] 
[INFO] Tests run: 9, Failures: 0, Errors: 0, Skipped: 0
[INFO] 
[INFO] ------------------------------------------------------------------------
[INFO] BUILD SUCCESS
[INFO] ------------------------------------------------------------------------
[INFO] Total time:  4.132 s
[INFO] Finished at: 2026-10-06T14:30:10+09:00
[INFO] ------------------------------------------------------------------------
