[INFO] Scanning for projects...
[INFO] 
[INFO] -----------------------------< com.m3:bsr >-----------------------------
[INFO] Building BSR: bitmap summary reuse target qualification 1.0-SNAPSHOT
[INFO]   from pom.xml
[INFO] --------------------------------[ jar ]---------------------------------
[INFO] 
[INFO] --- resources:3.3.1:resources (default-resources) @ bsr ---
[INFO] Copying 34 resources from src/main/resources to target/classes
[INFO] 
[INFO] --- compiler:3.13.0:compile (default-compile) @ bsr ---
[INFO] Nothing to compile - all classes are up to date.
[INFO] 
[INFO] --- resources:3.3.1:testResources (default-testResources) @ bsr ---
[INFO] skip non existing resourceDirectory /workspace/scratch/18b9e6a1dfc0/inputs/bit-scan/jdk/m3/tooling/bsr/src/test/resources
[INFO] 
[INFO] --- compiler:3.13.0:testCompile (default-testCompile) @ bsr ---
[INFO] Recompiling the module because of changed source code.
[INFO] Compiling 1 source file with javac [debug release 21] to target/test-classes
[INFO] 
[INFO] --- surefire:3.2.5:test (default-test) @ bsr ---
[INFO] Using auto detected provider org.apache.maven.surefire.junitplatform.JUnitPlatformProvider
[INFO] 
[INFO] -------------------------------------------------------
[INFO]  T E S T S
[INFO] -------------------------------------------------------
[INFO] Running com.m3.bsr.BsrTest
SLF4J: No SLF4J providers were found.
SLF4J: Defaulting to no-operation (NOP) logger implementation
SLF4J: See https://www.slf4j.org/codes.html#noProviders for further details.
[INFO] Tests run: 11, Failures: 0, Errors: 0, Skipped: 0, Time elapsed: 18.83 s -- in com.m3.bsr.BsrTest
[INFO] 
[INFO] Results:
[INFO] 
[INFO] Tests run: 11, Failures: 0, Errors: 0, Skipped: 0
[INFO] 
[INFO] 
[INFO] --- jar:3.4.1:jar (default-jar) @ bsr ---
[INFO] Building jar: /workspace/scratch/18b9e6a1dfc0/inputs/bit-scan/jdk/m3/tooling/bsr/target/bsr-1.0-SNAPSHOT.jar
[INFO] ------------------------------------------------------------------------
[INFO] BUILD SUCCESS
[INFO] ------------------------------------------------------------------------
[INFO] Total time:  21.776 s
[INFO] Finished at: 2026-10-06T05:10:30Z
[INFO] ------------------------------------------------------------------------
