[INFO] Scanning for projects...
[INFO] 
[INFO] -------------< com.m3.verification:jcc-receiving-fixture >--------------
[INFO] Building jcc-receiving-fixture 0.1.0-SNAPSHOT
[INFO]   from pom.xml
[INFO] --------------------------------[ jar ]---------------------------------
[INFO] 
[INFO] --- clean:3.2.0:clean (default-clean) @ jcc-receiving-fixture ---
[INFO] 
[INFO] --- resources:3.3.1:resources (default-resources) @ jcc-receiving-fixture ---
[INFO] skip non existing resourceDirectory /workspace/scratch/1c68df1bae79/javac-convergence-20261005/work/m3jdk21-current/candidate-authoring/receiving-fixture/epoch2/overlay/m3/tooling/migration-recipes/verification/jcc-receiving/src/main/resources
[INFO] 
[INFO] --- compiler:3.13.0:compile (default-compile) @ jcc-receiving-fixture ---
[INFO] Recompiling the module because of changed source code.
[INFO] Compiling 5 source files with javac [debug release 21] to target/classes
[INFO] 
[INFO] --- resources:3.3.1:testResources (default-testResources) @ jcc-receiving-fixture ---
[INFO] skip non existing resourceDirectory /workspace/scratch/1c68df1bae79/javac-convergence-20261005/work/m3jdk21-current/candidate-authoring/receiving-fixture/epoch2/overlay/m3/tooling/migration-recipes/verification/jcc-receiving/src/test/resources
[INFO] 
[INFO] --- compiler:3.13.0:testCompile (default-testCompile) @ jcc-receiving-fixture ---
[INFO] Recompiling the module because of changed dependency.
[INFO] Compiling 2 source files with javac [debug release 21] to target/test-classes
[INFO] 
[INFO] --- surefire:3.2.5:test (default-test) @ jcc-receiving-fixture ---
[INFO] Using auto detected provider org.apache.maven.surefire.junitplatform.JUnitPlatformProvider
[INFO] 
[INFO] -------------------------------------------------------
[INFO]  T E S T S
[INFO] -------------------------------------------------------
[INFO] Running com.m3.rewrite.atom.JccReceivingFixtureTest
SLF4J: Failed to load class "org.slf4j.impl.StaticLoggerBinder".
SLF4J: Defaulting to no-operation (NOP) logger implementation
SLF4J: See http://www.slf4j.org/codes.html#StaticLoggerBinder for further details.
[INFO] Tests run: 4, Failures: 0, Errors: 0, Skipped: 0, Time elapsed: 5.937 s -- in com.m3.rewrite.atom.JccReceivingFixtureTest
[INFO] 
[INFO] Results:
[INFO] 
[INFO] Tests run: 4, Failures: 0, Errors: 0, Skipped: 0
[INFO] 
[INFO] 
[INFO] --- jar:3.4.1:jar (default-jar) @ jcc-receiving-fixture ---
[INFO] Building jar: /workspace/scratch/1c68df1bae79/javac-convergence-20261005/work/m3jdk21-current/candidate-authoring/receiving-fixture/epoch2/overlay/m3/tooling/migration-recipes/verification/jcc-receiving/target/jcc-receiving-fixture-0.1.0-SNAPSHOT.jar
[INFO] ------------------------------------------------------------------------
[INFO] BUILD SUCCESS
[INFO] ------------------------------------------------------------------------
[INFO] Total time:  8.430 s
[INFO] Finished at: 2026-10-05T10:34:15+02:00
[INFO] ------------------------------------------------------------------------
