Runnable configure script is not present
Generating runnable configure script at /tmp/m3-runtime-migration-20261002/source-native/build/.configure-support/generated-configure.sh
Using autoconf at /usr/bin/autoconf [autoconf (GNU Autoconf) 2.71]
configure: Configuration created at Fri Oct  2 01:45:18 UTC 2026.
checking for basename... /usr/bin/basename
checking for dirname... /usr/bin/dirname
checking for file... /usr/bin/file
checking for ldd... /usr/bin/ldd
checking for echo... echo [builtin]
checking for tr... /usr/bin/tr
checking for uname... /usr/bin/uname
checking for wc... /usr/bin/wc
checking for grep that handles long lines and -e... /usr/bin/grep
checking for egrep... /usr/bin/grep -E
checking for a sed that does not truncate output... /usr/bin/sed
checking for cygpath... [not found]
checking for wslpath... /usr/bin/wslpath
checking for cmd.exe... /mnt/c/WINDOWS/system32/cmd.exe
checking build system type... x86_64-pc-wsl
checking host system type... x86_64-pc-wsl
checking target system type... x86_64-pc-wsl
checking openjdk-build os-cpu... windows-x86_64
checking openjdk-target os-cpu... windows-x86_64
checking compilation type... native
checking Windows environment type... wsl2
checking wsl2 drive prefix... '/mnt'
checking wsl2 root directory as Windows path... '\\wsl.localhost\Ubuntu-24.04'
checking wsl2 temp directory... /mnt/c/toolchain/tmp
checking wsl2 release... 6.6.87.2-microsoft-standard-WSL2
checking wsl2 version... #1 SMP PREEMPT_DYNAMIC Thu Jun  5 18:30:46 UTC 2025
checking Windows version... 10.0.26200.9457
checking wsl distribution... /tmp/m3-runtime-migration-20261002/source-native/build/.configure-support/generated-configure.sh: line 13093: -d: command not found

checking what kind of 'find' is first on the PATH... unix style
checking for top-level directory... /tmp/m3-runtime-migration-20261002/source-native
checking for bash... /usr/bin/bash
checking for cat... /usr/bin/cat
checking for chmod... /usr/bin/chmod
checking for cp... /usr/bin/cp
checking for cut... /usr/bin/cut
checking for date... /usr/bin/date
checking for gdiff... [not found]
checking for diff... /usr/bin/diff
checking for expr... /usr/bin/expr
checking for find... /usr/bin/find
checking for gunzip... /usr/bin/gunzip
checking for pigz... [not found]
checking for gzip... /usr/bin/gzip
checking for head... /usr/bin/head
checking for ln... /usr/bin/ln
checking for ls... /usr/bin/ls
checking for gmkdir... [not found]
checking for mkdir... /usr/bin/mkdir
checking for mktemp... /usr/bin/mktemp
checking for mv... /usr/bin/mv
checking for gawk... /usr/bin/gawk
checking for printf... printf [builtin]
checking for rm... /usr/bin/rm
checking for rmdir... /usr/bin/rmdir
checking for sh... /usr/bin/sh
checking for sort... /usr/bin/sort
checking for tail... /usr/bin/tail
checking for gtar... [not found]
checking for tar... /usr/bin/tar
checking for tee... /usr/bin/tee
checking for touch... /usr/bin/touch
checking for xargs... /usr/bin/xargs
checking for fgrep... /usr/bin/grep -F
checking for df... /usr/bin/df
checking for git... /usr/bin/git
checking for nice... /usr/bin/nice
checking for greadlink... [not found]
checking for readlink... /usr/bin/readlink
checking for whoami... /usr/bin/whoami
checking for lsb_release... /usr/bin/lsb_release
checking for cmp... /usr/bin/cmp
checking for uniq... /usr/bin/uniq
checking for build environment type... dev, default (calculated from 'auto')
checking if custom source is suppressed (openjdk-only)... disabled, default
checking for --enable-debug... disabled, default
checking which debug level to use... fastdebug
checking which variants of the JVM to build... server
checking if absolute paths should be allowed in the build output... yes, debug build
checking for toolchain path... 
checking for sysroot... 
checking for extra path... 
checking where to store configuration... in default location
checking what configuration name to use... windows-x86_64-server-fastdebug
checking for zypper... [not found]
checking for apt-get... /usr/bin/apt-get
checking for pandoc... $FIXPATH /mnt/c/programdata/chocolatey/bin/pandoc.exe
checking for pandoc version... 3.10
configure: WARNING: pandoc is version 3.10, not the recommended version 2.19.2
checking if the pandoc smart extension needs to be disabled for markdown... yes
checking for gmake... /usr/bin/gmake
configure: Testing potential make at /usr/bin/gmake, found using gmake in PATH
configure: Using GNU make at /usr/bin/gmake (version: GNU Make 4.3)
checking if make --output-sync is supported... yes
checking for make --output-sync value... none, default
checking if find supports -delete... yes
checking what type of tar was found... gnu
checking that grep (/usr/bin/grep) -Fx handles empty lines in the pattern list correctly... yes
checking for unzip... /usr/bin/unzip
checking for zip... [not found]
configure: error: Could not find required tool for ZIPEXE
configure exiting with result code 1
