[INFO] Scanning for projects...
[INFO]
[INFO] ---------------------< com.m3.tooling:san-recipe >----------------------
[INFO] Building SAN: whole-estate sanitization scope recipe 0.1.0-SNAPSHOT
[INFO]   from pom.xml
[INFO] --------------------------------[ jar ]---------------------------------
[INFO]
[INFO] --- resources:3.3.1:resources (default-resources) @ san-recipe ---
[INFO] Copying 13 resources from ../../src/main/resources to target/classes
[INFO]
[INFO] --- compiler:3.13.0:compile (default-compile) @ san-recipe ---
[INFO] Nothing to compile - all classes are up to date.
[INFO]
[INFO] --- resources:3.3.1:testResources (default-testResources) @ san-recipe ---
[INFO] skip non existing resourceDirectory /workspace/scratch/18b9e6a1dfc0/m3jdk21/m3/tooling/migration-recipes/tasks/san/src/test/resources
[INFO]
[INFO] --- compiler:3.13.0:testCompile (default-testCompile) @ san-recipe ---
[INFO] Recompiling the module because of changed source code.
[INFO] Compiling 2 source files with javac [debug release 21] to target/test-classes
[INFO]
[INFO] --- surefire:3.2.5:test (default-test) @ san-recipe ---
[INFO] Using auto detected provider org.apache.maven.surefire.junitplatform.JUnitPlatformProvider
[INFO]
[INFO] -------------------------------------------------------
[INFO]  T E S T S
[INFO] -------------------------------------------------------
[INFO] Running com.m3.rewrite.SanTest
SLF4J: No SLF4J providers were found.
SLF4J: Defaulting to no-operation (NOP) logger implementation
SLF4J: See https://www.slf4j.org/codes.html#noProviders for further details.
[INFO] Tests run: 3, Failures: 0, Errors: 0, Skipped: 0, Time elapsed: 0.961 s -- in com.m3.rewrite.SanTest
[INFO] Running com.m3.rewrite.SanCompatTest
[ERROR] Tests run: 2, Failures: 1, Errors: 0, Skipped: 0, Time elapsed: 4.738 s <<< FAILURE! -- in com.m3.rewrite.SanCompatTest
[ERROR] com.m3.rewrite.SanCompatTest.replayCompilesActualA3OwnersAndReachesFixedPoint -- Time elapsed: 4.221 s <<< FAILURE!
org.opentest4j.AssertionFailedError: [org.openrewrite.internal.RecipeRunException: java.lang.IllegalStateException: A3Alg target changed after scan: src/main/java/com/m3/a3/A3Alg.java, org.openrewrite.internal.RecipeRunException: java.lang.IllegalStateException: A3Alg target changed after scan: src/test/java/com/m3/a3/A3AlgTest.java] ==> expected: <true> but was: <false>
	at org.junit.jupiter.api.AssertionFailureBuilder.build(AssertionFailureBuilder.java:151)
	at org.junit.jupiter.api.AssertionFailureBuilder.buildAndThrow(AssertionFailureBuilder.java:132)
	at org.junit.jupiter.api.AssertTrue.failNotTrue(AssertTrue.java:63)
	at org.junit.jupiter.api.AssertTrue.assertTrue(AssertTrue.java:36)
	at org.junit.jupiter.api.Assertions.assertTrue(Assertions.java:214)
	at com.m3.rewrite.a3.M3A3AlgorithmCatalogueRecipeTest.exactCurrentPreimagesTransformAndSecondPassIsFixedPoint(M3A3AlgorithmCatalogueRecipeTest.java:77)
	at java.base/jdk.internal.reflect.DirectMethodHandleAccessor.invoke(DirectMethodHandleAccessor.java:103)
	at java.base/java.lang.reflect.Method.invoke(Method.java:580)
	at com.m3.rewrite.SanCompatTest.replayCompilesActualA3OwnersAndReachesFixedPoint(SanCompatTest.java:84)
	at java.base/java.lang.reflect.Method.invoke(Method.java:580)
	at java.base/java.util.ArrayList.forEach(ArrayList.java:1596)
	at java.base/java.util.ArrayList.forEach(ArrayList.java:1596)

[INFO]
[INFO] Results:
[INFO]
[ERROR] Failures:
[ERROR]   SanCompatTest.replayCompilesActualA3OwnersAndReachesFixedPoint:84 [org.openrewrite.internal.RecipeRunException: java.lang.IllegalStateException: A3Alg target changed after scan: src/main/java/com/m3/a3/A3Alg.java, org.openrewrite.internal.RecipeRunException: java.lang.IllegalStateException: A3Alg target changed after scan: src/test/java/com/m3/a3/A3AlgTest.java] ==> expected: <true> but was: <false>
[INFO]
[ERROR] Tests run: 5, Failures: 1, Errors: 0, Skipped: 0
[INFO]
[INFO] ------------------------------------------------------------------------
[INFO] BUILD FAILURE
[INFO] ------------------------------------------------------------------------
[INFO] Total time:  7.682 s
[INFO] Finished at: 2026-10-05T10:24:21+08:00
[INFO] ------------------------------------------------------------------------
[ERROR] Failed to execute goal org.apache.maven.plugins:maven-surefire-plugin:3.2.5:test (default-test) on project san-recipe: There are test failures.
[ERROR]
[ERROR] Please refer to /workspace/scratch/18b9e6a1dfc0/m3jdk21/m3/tooling/migration-recipes/tasks/san/target/surefire-reports for the individual test results.
[ERROR] Please refer to dump files (if any exist) [date].dump, [date]-jvmRun[N].dump and [date].dumpstream.
[ERROR] -> [Help 1]
[ERROR]
[ERROR] To see the full stack trace of the errors, re-run Maven with the -e switch.
[ERROR] Re-run Maven using the -X switch to enable full debug logging.
[ERROR]
[ERROR] For more information about the errors and possible solutions, please read the following articles:
[ERROR] [Help 1] http://cwiki.apache.org/confluence/display/MAVEN/MojoFailureException
