[INFO] Scanning for projects...
[INFO]
[INFO] ---------------------< com.m3.tooling:san-recipe >----------------------
[INFO] Building SAN: whole-estate sanitization scope recipe 0.1.0-SNAPSHOT
[INFO]   from pom.xml
[INFO] --------------------------------[ jar ]---------------------------------
[INFO]
[INFO] --- resources:3.3.1:resources (default-resources) @ san-recipe ---
[INFO] Copying 13 resources from ../../src/main/resources to target/classes
[INFO]
[INFO] --- compiler:3.13.0:compile (default-compile) @ san-recipe ---
[INFO] Nothing to compile - all classes are up to date.
[INFO]
[INFO] --- resources:3.3.1:testResources (default-testResources) @ san-recipe ---
[INFO] skip non existing resourceDirectory /workspace/scratch/18b9e6a1dfc0/m3jdk21/m3/tooling/migration-recipes/tasks/san/src/test/resources
[INFO]
[INFO] --- compiler:3.13.0:testCompile (default-testCompile) @ san-recipe ---
[INFO] Recompiling the module because of changed source code.
[INFO] Compiling 2 source files with javac [debug release 21] to target/test-classes
[INFO]
[INFO] --- surefire:3.2.5:test (default-test) @ san-recipe ---
[INFO] Using auto detected provider org.apache.maven.surefire.junitplatform.JUnitPlatformProvider
[INFO]
[INFO] -------------------------------------------------------
[INFO]  T E S T S
[INFO] -------------------------------------------------------
[INFO] Running com.m3.rewrite.SanTest
SLF4J: No SLF4J providers were found.
SLF4J: Defaulting to no-operation (NOP) logger implementation
SLF4J: See https://www.slf4j.org/codes.html#noProviders for further details.
[INFO] Tests run: 3, Failures: 0, Errors: 0, Skipped: 0, Time elapsed: 0.966 s -- in com.m3.rewrite.SanTest
[INFO] Running com.m3.rewrite.SanCompatTest
[ERROR] Tests run: 2, Failures: 0, Errors: 1, Skipped: 0, Time elapsed: 2.023 s <<< FAILURE! -- in com.m3.rewrite.SanCompatTest
[ERROR] com.m3.rewrite.SanCompatTest.replayCompilesActualA3OwnersAndReachesFixedPoint -- Time elapsed: 1.207 s <<< ERROR!
java.lang.IllegalStateException: java.lang.IllegalStateException: invalid hash-pinned Java manifest row
	at com.m3.rewrite.SanCompatTest.lambda$context$0(SanCompatTest.java:44)
	at org.openrewrite.scheduling.RecipeRunCycle.handleError(RecipeRunCycle.java:243)
	at org.openrewrite.scheduling.RecipeRunCycle.lambda$scanSources$1(RecipeRunCycle.java:99)
	at org.openrewrite.scheduling.RecipeStack.reduce(RecipeStack.java:57)
	at org.openrewrite.scheduling.RecipeRunCycle.lambda$scanSources$2(RecipeRunCycle.java:78)
	at org.openrewrite.internal.InMemoryLargeSourceSet.lambda$edit$0(InMemoryLargeSourceSet.java:66)
	at org.openrewrite.internal.ListUtils.map(ListUtils.java:176)
	at org.openrewrite.internal.InMemoryLargeSourceSet.edit(InMemoryLargeSourceSet.java:65)
	at org.openrewrite.scheduling.RecipeRunCycle.scanSources(RecipeRunCycle.java:77)
	at org.openrewrite.RecipeScheduler.runRecipeCycles(RecipeScheduler.java:81)
	at org.openrewrite.RecipeScheduler.scheduleRun(RecipeScheduler.java:41)
	at org.openrewrite.Recipe.run(Recipe.java:344)
	at org.openrewrite.Recipe.run(Recipe.java:340)
	at com.m3.rewrite.SanCompatTest.replayCompilesActualA3OwnersAndReachesFixedPoint(SanCompatTest.java:49)
	at java.base/java.lang.reflect.Method.invoke(Method.java:580)
	at java.base/java.util.ArrayList.forEach(ArrayList.java:1596)
	at java.base/java.util.ArrayList.forEach(ArrayList.java:1596)
Caused by: java.lang.IllegalStateException: invalid hash-pinned Java manifest row
	at com.synexia.rewrite.M3HashPinnedJavaSnapshotRecipe.targets(M3HashPinnedJavaSnapshotRecipe.java:220)
	at com.synexia.rewrite.M3HashPinnedJavaSnapshotRecipe.getInitialValue(M3HashPinnedJavaSnapshotRecipe.java:87)
	at com.synexia.rewrite.M3HashPinnedJavaSnapshotRecipe.getInitialValue(M3HashPinnedJavaSnapshotRecipe.java:40)
	at org.openrewrite.ScanningRecipe.lambda$getAccumulator$0(ScanningRecipe.java:89)
	at java.base/java.util.HashMap.computeIfAbsent(HashMap.java:1228)
	at org.openrewrite.Cursor.computeMessageIfAbsent(Cursor.java:285)
	at org.openrewrite.ScanningRecipe.getAccumulator(ScanningRecipe.java:89)
	at org.openrewrite.scheduling.RecipeRunCycle.lambda$scanSources$1(RecipeRunCycle.java:90)
	... 14 more

[INFO]
[INFO] Results:
[INFO]
[ERROR] Errors:
[ERROR]   SanCompatTest.replayCompilesActualA3OwnersAndReachesFixedPoint:49->lambda$context$0:44 IllegalState java.lang.IllegalStateException: invalid hash-pinned Java manifest row
[INFO]
[ERROR] Tests run: 5, Failures: 0, Errors: 1, Skipped: 0
[INFO]
[INFO] ------------------------------------------------------------------------
[INFO] BUILD FAILURE
[INFO] ------------------------------------------------------------------------
[INFO] Total time:  4.753 s
[INFO] Finished at: 2026-10-05T10:23:36+08:00
[INFO] ------------------------------------------------------------------------
[ERROR] Failed to execute goal org.apache.maven.plugins:maven-surefire-plugin:3.2.5:test (default-test) on project san-recipe:
[ERROR]
[ERROR] Please refer to /workspace/scratch/18b9e6a1dfc0/m3jdk21/m3/tooling/migration-recipes/tasks/san/target/surefire-reports for the individual test results.
[ERROR] Please refer to dump files (if any exist) [date].dump, [date]-jvmRun[N].dump and [date].dumpstream.
[ERROR] -> [Help 1]
[ERROR]
[ERROR] To see the full stack trace of the errors, re-run Maven with the -e switch.
[ERROR] Re-run Maven using the -X switch to enable full debug logging.
[ERROR]
[ERROR] For more information about the errors and possible solutions, please read the following articles:
[ERROR] [Help 1] http://cwiki.apache.org/confluence/display/MAVEN/MojoFailureException
