[INFO] Scanning for projects...
[INFO] ------------------------------------------------------------------------
[INFO] Reactor Build Order:
[INFO]
[INFO] migration-recipes                                                  [jar]
[INFO] M3JDK21 Maven control reactor                                      [pom]
[INFO] M3 A3 absorption tooling                                           [jar]
[INFO]
[INFO] ------------------< com.m3.tooling:migration-recipes >------------------
[INFO] Building migration-recipes 0.1.0-SNAPSHOT                          [1/3]
[INFO]   from tooling/migration-recipes/pom.xml
[INFO] --------------------------------[ jar ]---------------------------------
[WARNING] The POM for org.jacoco:jacoco-maven-plugin:jar:0.8.15 is missing, no dependency information available
[INFO] ------------------------------------------------------------------------
[INFO] Reactor Summary for M3JDK21 Maven control reactor 0.1.0-SNAPSHOT:
[INFO]
[INFO] migration-recipes .................................. FAILURE [  0.014 s]
[INFO] M3JDK21 Maven control reactor ...................... SKIPPED
[INFO] M3 A3 absorption tooling ........................... SKIPPED
[INFO] ------------------------------------------------------------------------
[INFO] BUILD FAILURE
[INFO] ------------------------------------------------------------------------
[INFO] Total time:  0.113 s
[INFO] Finished at: 2026-10-05T10:24:41+08:00
[INFO] ------------------------------------------------------------------------
[ERROR] Plugin org.jacoco:jacoco-maven-plugin:0.8.15 or one of its dependencies could not be resolved:
[ERROR] 	Cannot access central (https://repo.maven.apache.org/maven2) in offline mode and the artifact org.jacoco:jacoco-maven-plugin:jar:0.8.15 has not been downloaded from it before.
[ERROR] -> [Help 1]
[ERROR]
[ERROR] To see the full stack trace of the errors, re-run Maven with the -e switch.
[ERROR] Re-run Maven using the -X switch to enable full debug logging.
[ERROR]
[ERROR] For more information about the errors and possible solutions, please read the following articles:
[ERROR] [Help 1] http://cwiki.apache.org/confluence/display/MAVEN/PluginResolutionException
