[INFO] Scanning for projects...
[INFO]
[INFO] ---------------------< com.m3.tooling:san-recipe >----------------------
[INFO] Building SAN: whole-estate sanitization scope recipe 0.1.0-SNAPSHOT
[INFO]   from pom.xml
[INFO] --------------------------------[ jar ]---------------------------------
[INFO]
[INFO] --- resources:3.3.1:resources (default-resources) @ san-recipe ---
[INFO] Copying 6 resources from ../../src/main/resources to target/classes
[INFO]
[INFO] --- compiler:3.13.0:compile (default-compile) @ san-recipe ---
[INFO] Recompiling the module because of changed source code.
[INFO] Compiling 1 source file with javac [debug release 21] to target/classes
[INFO]
[INFO] --- resources:3.3.1:testResources (default-testResources) @ san-recipe ---
[INFO] skip non existing resourceDirectory /workspace/scratch/18b9e6a1dfc0/m3jdk21/m3/tooling/migration-recipes/tasks/san/src/test/resources
[INFO]
[INFO] --- compiler:3.13.0:testCompile (default-testCompile) @ san-recipe ---
[INFO] Recompiling the module because of changed dependency.
[INFO] Compiling 1 source file with javac [debug release 21] to target/test-classes
[INFO]
[INFO] --- surefire:3.2.5:test (default-test) @ san-recipe ---
[INFO] Using auto detected provider org.apache.maven.surefire.junitplatform.JUnitPlatformProvider
[INFO]
[INFO] -------------------------------------------------------
[INFO]  T E S T S
[INFO] -------------------------------------------------------
[INFO] Running com.m3.rewrite.SanTest
[ERROR] Tests run: 3, Failures: 0, Errors: 3, Skipped: 0, Time elapsed: 0.077 s <<< FAILURE! -- in com.m3.rewrite.SanTest
[ERROR] com.m3.rewrite.SanTest.ignoresUnrelatedSource -- Time elapsed: 0.047 s <<< ERROR!
java.lang.NoClassDefFoundError: org/slf4j/LoggerFactory
	at org.openrewrite.Recipe.<clinit>(Recipe.java:63)
	at com.m3.rewrite.SanTest.ignoresUnrelatedSource(SanTest.java:66)
	at java.base/java.lang.reflect.Method.invoke(Method.java:580)
	at java.base/java.util.ArrayList.forEach(ArrayList.java:1596)
	at java.base/java.util.ArrayList.forEach(ArrayList.java:1596)
Caused by: java.lang.ClassNotFoundException: org.slf4j.LoggerFactory
	at java.base/jdk.internal.loader.BuiltinClassLoader.loadClass(BuiltinClassLoader.java:641)
	at java.base/jdk.internal.loader.ClassLoaders$AppClassLoader.loadClass(ClassLoaders.java:188)
	at java.base/java.lang.ClassLoader.loadClass(ClassLoader.java:526)
	... 5 more

[ERROR] com.m3.rewrite.SanTest.refusesDriftMissingAndDuplicate -- Time elapsed: 0.002 s <<< ERROR!
java.lang.NoClassDefFoundError: Could not initialize class com.m3.rewrite.backport.M3Jdk21HashPinnedTextSnapshotRecipe
	at com.m3.rewrite.SanTest.refusesDriftMissingAndDuplicate(SanTest.java:56)
	at java.base/java.lang.reflect.Method.invoke(Method.java:580)
	at java.base/java.util.ArrayList.forEach(ArrayList.java:1596)
	at java.base/java.util.ArrayList.forEach(ArrayList.java:1596)
Caused by: java.lang.ExceptionInInitializerError: Exception java.lang.NoClassDefFoundError: org/slf4j/LoggerFactory [in thread "main"]
	at org.openrewrite.Recipe.<clinit>(Recipe.java:63)
	at com.m3.rewrite.SanTest.ignoresUnrelatedSource(SanTest.java:66)
	... 3 more

[ERROR] com.m3.rewrite.SanTest.declarativeReplayAndFixedPoint -- Time elapsed: 0.008 s <<< ERROR!
java.lang.NoClassDefFoundError: org/slf4j/LoggerFactory
	at org.openrewrite.config.ClasspathScanningLoader.<clinit>(ClasspathScanningLoader.java:42)
	at org.openrewrite.config.Environment$Builder.scanRuntimeClasspath(Environment.java:224)
	at com.m3.rewrite.SanTest.declarativeReplayAndFixedPoint(SanTest.java:41)
	at java.base/java.lang.reflect.Method.invoke(Method.java:580)
	at java.base/java.util.ArrayList.forEach(ArrayList.java:1596)
	at java.base/java.util.ArrayList.forEach(ArrayList.java:1596)
Caused by: java.lang.ClassNotFoundException: org.slf4j.LoggerFactory
	at java.base/jdk.internal.loader.BuiltinClassLoader.loadClass(BuiltinClassLoader.java:641)
	at java.base/jdk.internal.loader.ClassLoaders$AppClassLoader.loadClass(ClassLoaders.java:188)
	at java.base/java.lang.ClassLoader.loadClass(ClassLoader.java:526)
	... 6 more

[INFO]
[INFO] Results:
[INFO]
[ERROR] Errors:
[ERROR]   SanTest.declarativeReplayAndFixedPoint:41 » NoClassDefFound org/slf4j/LoggerFactory
[ERROR]   SanTest.ignoresUnrelatedSource:66 » NoClassDefFound org/slf4j/LoggerFactory
[ERROR]   SanTest.refusesDriftMissingAndDuplicate:56 NoClassDefFound Could not initialize class com.m3.rewrite.backport.M3Jdk21HashPinnedTextSnapshotRecipe
[INFO]
[ERROR] Tests run: 3, Failures: 0, Errors: 3, Skipped: 0
[INFO]
[INFO] ------------------------------------------------------------------------
[INFO] BUILD FAILURE
[INFO] ------------------------------------------------------------------------
[INFO] Total time:  27.063 s
[INFO] Finished at: 2026-10-05T09:45:23+08:00
[INFO] ------------------------------------------------------------------------
[ERROR] Failed to execute goal org.apache.maven.plugins:maven-surefire-plugin:3.2.5:test (default-test) on project san-recipe:
[ERROR]
[ERROR] Please refer to /workspace/scratch/18b9e6a1dfc0/m3jdk21/m3/tooling/migration-recipes/tasks/san/target/surefire-reports for the individual test results.
[ERROR] Please refer to dump files (if any exist) [date].dump, [date]-jvmRun[N].dump and [date].dumpstream.
[ERROR] -> [Help 1]
[ERROR]
[ERROR] To see the full stack trace of the errors, re-run Maven with the -e switch.
[ERROR] Re-run Maven using the -X switch to enable full debug logging.
[ERROR]
[ERROR] For more information about the errors and possible solutions, please read the following articles:
[ERROR] [Help 1] http://cwiki.apache.org/confluence/display/MAVEN/MojoFailureException
