[INFO] Scanning for projects...
[INFO]
[INFO] ---------------------< com.m3.tooling:san-recipe >----------------------
[INFO] Building SAN: whole-estate sanitization scope recipe 0.1.0-SNAPSHOT
[INFO]   from pom.xml
[INFO] --------------------------------[ jar ]---------------------------------
[INFO]
[INFO] --- resources:3.3.1:resources (default-resources) @ san-recipe ---
[INFO] Copying 6 resources from ../../src/main/resources to target/classes
[INFO]
[INFO] --- compiler:3.13.0:compile (default-compile) @ san-recipe ---
[INFO] Recompiling the module because of changed source code.
[INFO] Compiling 1 source file with javac [debug release 21] to target/classes
[INFO] -------------------------------------------------------------
[WARNING] COMPILATION WARNING :
[INFO] -------------------------------------------------------------
[WARNING] Cannot find annotation method 'value()' in type 'org.intellij.lang.annotations.Language': class file for org.intellij.lang.annotations.Language not found
[WARNING] Cannot find annotation method 'value()' in type 'org.intellij.lang.annotations.Language'
[WARNING] Cannot find annotation method 'value()' in type 'org.intellij.lang.annotations.Language'
[WARNING] Cannot find annotation method 'value()' in type 'org.intellij.lang.annotations.Language'
[WARNING] Cannot find annotation method 'value()' in type 'org.intellij.lang.annotations.Language'
[INFO] 5 warnings
[INFO] -------------------------------------------------------------
[INFO] -------------------------------------------------------------
[ERROR] COMPILATION ERROR :
[INFO] -------------------------------------------------------------
[ERROR] warnings found and -Werror specified
[INFO] 1 error
[INFO] -------------------------------------------------------------
[INFO] ------------------------------------------------------------------------
[INFO] BUILD FAILURE
[INFO] ------------------------------------------------------------------------
[INFO] Total time:  27.663 s
[INFO] Finished at: 2026-10-05T09:44:03+08:00
[INFO] ------------------------------------------------------------------------
[ERROR] Failed to execute goal org.apache.maven.plugins:maven-compiler-plugin:3.13.0:compile (default-compile) on project san-recipe: Compilation failure
[ERROR] warnings found and -Werror specified
[ERROR] -> [Help 1]
[ERROR]
[ERROR] To see the full stack trace of the errors, re-run Maven with the -e switch.
[ERROR] Re-run Maven using the -X switch to enable full debug logging.
[ERROR]
[ERROR] For more information about the errors and possible solutions, please read the following articles:
[ERROR] [Help 1] http://cwiki.apache.org/confluence/display/MAVEN/MojoFailureException
