[INFO] Scanning for projects...
[INFO]
[INFO] ---------------------< com.m3.tooling:san-recipe >----------------------
[INFO] Building SAN: whole-estate sanitization scope recipe 0.1.0-SNAPSHOT
[INFO]   from pom.xml
[INFO] --------------------------------[ jar ]---------------------------------
[INFO]
[INFO] --- resources:3.3.1:resources (default-resources) @ san-recipe ---
[INFO] Copying 15 resources from ../../src/main/resources to target/classes
[INFO]
[INFO] --- compiler:3.13.0:compile (default-compile) @ san-recipe ---
[INFO] Nothing to compile - all classes are up to date.
[INFO]
[INFO] --- resources:3.3.1:testResources (default-testResources) @ san-recipe ---
[INFO] skip non existing resourceDirectory /workspace/scratch/18b9e6a1dfc0/m3jdk21/m3/tooling/migration-recipes/tasks/san/src/test/resources
[INFO]
[INFO] --- compiler:3.13.0:testCompile (default-testCompile) @ san-recipe ---
[INFO] Nothing to compile - all classes are up to date.
[INFO]
[INFO] --- surefire:3.2.5:test (default-test) @ san-recipe ---
[INFO] Using auto detected provider org.apache.maven.surefire.junitplatform.JUnitPlatformProvider
[INFO]
[INFO] -------------------------------------------------------
[INFO]  T E S T S
[INFO] -------------------------------------------------------
[INFO] Running com.m3.rewrite.SanTest
SLF4J: No SLF4J providers were found.
SLF4J: Defaulting to no-operation (NOP) logger implementation
SLF4J: See https://www.slf4j.org/codes.html#noProviders for further details.
[INFO] Tests run: 3, Failures: 0, Errors: 0, Skipped: 0, Time elapsed: 1.085 s -- in com.m3.rewrite.SanTest
[INFO] Running com.m3.rewrite.SanCompatTest
[INFO] Tests run: 2, Failures: 0, Errors: 0, Skipped: 0, Time elapsed: 8.081 s -- in com.m3.rewrite.SanCompatTest
[INFO]
[INFO] Results:
[INFO]
[INFO] Tests run: 5, Failures: 0, Errors: 0, Skipped: 0
[INFO]
[INFO]
[INFO] --- jar:3.4.1:jar (default-jar) @ san-recipe ---
[INFO] Building jar: /workspace/scratch/18b9e6a1dfc0/m3jdk21/m3/tooling/migration-recipes/tasks/san/target/san-recipe-0.1.0-SNAPSHOT.jar
[INFO] ------------------------------------------------------------------------
[INFO] BUILD SUCCESS
[INFO] ------------------------------------------------------------------------
[INFO] Total time:  10.534 s
[INFO] Finished at: 2026-10-05T10:28:56+08:00
[INFO] ------------------------------------------------------------------------
