[INFO] Scanning for projects...
[INFO] 
[INFO] ------------< com.m3.verification:jcc-source-final-handoff >------------
[INFO] Building jcc-source-final-handoff 0.1.0-SNAPSHOT
[INFO]   from pom.xml
[INFO] --------------------------------[ jar ]---------------------------------
[INFO] 
[INFO] --- clean:3.2.0:clean (default-clean) @ jcc-source-final-handoff ---
[INFO] 
[INFO] --- resources:3.3.1:resources (default-resources) @ jcc-source-final-handoff ---
[INFO] Copying 11 resources from ../../src/main/resources to target/classes
[INFO] 
[INFO] --- compiler:3.13.0:compile (default-compile) @ jcc-source-final-handoff ---
[INFO] Recompiling the module because of changed source code.
[INFO] Compiling 1 source file with javac [debug release 21] to target/classes
[INFO] 
[INFO] --- resources:3.3.1:testResources (default-testResources) @ jcc-source-final-handoff ---
[INFO] skip non existing resourceDirectory /workspace/scratch/1c68df1bae79/javac-convergence-20261005/work/m3jdk21-current/successor-e03/overlay/m3/tooling/migration-recipes/verification/jcc-source-final-handoff/src/test/resources
[INFO] 
[INFO] --- compiler:3.13.0:testCompile (default-testCompile) @ jcc-source-final-handoff ---
[INFO] Recompiling the module because of changed dependency.
[INFO] Compiling 1 source file with javac [debug release 21] to target/test-classes
[INFO] 
[INFO] --- surefire:3.2.5:test (default-test) @ jcc-source-final-handoff ---
[INFO] Using auto detected provider org.apache.maven.surefire.junitplatform.JUnitPlatformProvider
[INFO] 
[INFO] -------------------------------------------------------
[INFO]  T E S T S
[INFO] -------------------------------------------------------
[INFO] Running com.m3.rewrite.backport.JccSourceFinalHandoffTest
[INFO] Tests run: 11, Failures: 0, Errors: 0, Skipped: 0, Time elapsed: 0.942 s -- in com.m3.rewrite.backport.JccSourceFinalHandoffTest
[INFO] 
[INFO] Results:
[INFO] 
[INFO] Tests run: 11, Failures: 0, Errors: 0, Skipped: 0
[INFO] 
[INFO] 
[INFO] --- jar:3.4.1:jar (default-jar) @ jcc-source-final-handoff ---
[INFO] Building jar: /workspace/scratch/1c68df1bae79/javac-convergence-20261005/work/m3jdk21-current/successor-e03/overlay/m3/tooling/migration-recipes/verification/jcc-source-final-handoff/target/jcc-source-final-handoff-0.1.0-SNAPSHOT.jar
[INFO] ------------------------------------------------------------------------
[INFO] BUILD SUCCESS
[INFO] ------------------------------------------------------------------------
[INFO] Total time:  3.596 s
[INFO] Finished at: 2026-10-05T11:57:41Z
[INFO] ------------------------------------------------------------------------
