[main] WARN org.openrewrite.config.ClasspathScanningLoader - Unable to configure com.synexia.rewrite.M3HashPinnedJavaSnapshotRecipe
org.openrewrite.config.RecipeIntrospectionException: Unable to call primary constructor for Recipe class com.synexia.rewrite.M3HashPinnedJavaSnapshotRecipe
	at org.openrewrite.internal.RecipeIntrospectionUtils.getRecipeIntrospectionException(RecipeIntrospectionUtils.java:154)
	at org.openrewrite.internal.RecipeIntrospectionUtils.construct(RecipeIntrospectionUtils.java:139)
	at org.openrewrite.internal.RecipeIntrospectionUtils.constructRecipe(RecipeIntrospectionUtils.java:102)
	at org.openrewrite.config.ClasspathScanningLoader.configureRecipes(ClasspathScanningLoader.java:175)
	at org.openrewrite.config.ClasspathScanningLoader.scanClasses(ClasspathScanningLoader.java:145)
	at org.openrewrite.config.ClasspathScanningLoader.<init>(ClasspathScanningLoader.java:60)
	at org.openrewrite.config.Environment$Builder.scanRuntimeClasspath(Environment.java:224)
	at com.synexia.rewrite.M3OpenRewriteRuntimeRecipeInventoryRecipe.descriptors(M3OpenRewriteRuntimeRecipeInventoryRecipe.java:100)
	at com.synexia.rewrite.M3ClosureCompatibilityTest.runtimeInventoryKeepsSortedUniqueImmutableDescriptors(M3ClosureCompatibilityTest.java:223)
	at com.synexia.rewrite.M3ClosureCompatibilityTest.main(M3ClosureCompatibilityTest.java:551)
Caused by: java.lang.reflect.InvocationTargetException
	at java.base/jdk.internal.reflect.DirectConstructorHandleAccessor.newInstance(DirectConstructorHandleAccessor.java:74)
	at java.base/java.lang.reflect.Constructor.newInstanceWithCaller(Constructor.java:502)
	at java.base/java.lang.reflect.Constructor.newInstance(Constructor.java:486)
	at org.openrewrite.internal.RecipeIntrospectionUtils.construct(RecipeIntrospectionUtils.java:136)
	... 8 more
Caused by: java.lang.IllegalArgumentException: invalid hash-pinned Java crate
	at com.synexia.rewrite.M3HashPinnedJavaSnapshotRecipe.<init>(M3HashPinnedJavaSnapshotRecipe.java:76)
	at java.base/jdk.internal.reflect.DirectConstructorHandleAccessor.newInstance(DirectConstructorHandleAccessor.java:62)
	... 11 more
[main] WARN org.openrewrite.config.ClasspathScanningLoader - Unable to configure com.synexia.rewrite.M3IopOnlySerialMechanicalJavaRecipe
java.lang.IllegalStateException: M3 static-analysis recipe pack is incomplete: org.openrewrite.staticanalysis.AtomicPrimitiveEqualsUsesGet
	at com.synexia.rewrite.M3StaticAnalysisRules.packDiscoveryLoader(M3StaticAnalysisRules.java:198)
	at com.synexia.rewrite.M3StaticAnalysisRules.loadRecipes(M3StaticAnalysisRules.java:152)
	at com.synexia.rewrite.M3StaticAnalysisRules.passes(M3StaticAnalysisRules.java:130)
	at com.synexia.rewrite.M3StaticAnalysisRules.passesForIopPattern(M3StaticAnalysisRules.java:125)
	at com.synexia.rewrite.M3IopPatternMechanicalPasses.forPattern(M3IopPatternMechanicalPasses.java:62)
	at com.synexia.rewrite.M3IopPatternMechanicalPasses.forPattern(M3IopPatternMechanicalPasses.java:16)
	at com.synexia.rewrite.M3IopFullScaleMutationAuthority.canonicalPassPlan(M3IopFullScaleMutationAuthority.java:244)
	at com.synexia.rewrite.M3IopFullScaleMutationAuthority.canonicalPasses(M3IopFullScaleMutationAuthority.java:248)
	at com.synexia.rewrite.M3IopOnlySerialMechanicalJavaRecipe.getRecipeList(M3IopOnlySerialMechanicalJavaRecipe.java:58)
	at org.openrewrite.Recipe.createRecipeDescriptor(Recipe.java:217)
	at org.openrewrite.Recipe.getDescriptor(Recipe.java:209)
	at org.openrewrite.config.ClasspathScanningLoader.configureRecipes(ClasspathScanningLoader.java:176)
	at org.openrewrite.config.ClasspathScanningLoader.scanClasses(ClasspathScanningLoader.java:145)
	at org.openrewrite.config.ClasspathScanningLoader.<init>(ClasspathScanningLoader.java:60)
	at org.openrewrite.config.Environment$Builder.scanRuntimeClasspath(Environment.java:224)
	at com.synexia.rewrite.M3OpenRewriteRuntimeRecipeInventoryRecipe.descriptors(M3OpenRewriteRuntimeRecipeInventoryRecipe.java:100)
	at com.synexia.rewrite.M3ClosureCompatibilityTest.runtimeInventoryKeepsSortedUniqueImmutableDescriptors(M3ClosureCompatibilityTest.java:223)
	at com.synexia.rewrite.M3ClosureCompatibilityTest.main(M3ClosureCompatibilityTest.java:551)
Caused by: java.lang.ClassNotFoundException: org.openrewrite.staticanalysis.AtomicPrimitiveEqualsUsesGet
	at java.base/jdk.internal.loader.BuiltinClassLoader.loadClass(BuiltinClassLoader.java:641)
	at java.base/jdk.internal.loader.ClassLoaders$AppClassLoader.loadClass(ClassLoaders.java:188)
	at java.base/java.lang.ClassLoader.loadClass(ClassLoader.java:526)
	at java.base/java.lang.Class.forName0(Native Method)
	at java.base/java.lang.Class.forName(Class.java:536)
	at java.base/java.lang.Class.forName(Class.java:515)
	at com.synexia.rewrite.M3StaticAnalysisRules.packDiscoveryLoader(M3StaticAnalysisRules.java:188)
	... 17 more
[main] WARN org.openrewrite.config.ClasspathScanningLoader - Unable to configure com.synexia.rewrite.M3IopPatternOnlySerialMechanicalJavaRecipe
java.lang.IllegalStateException: M3 static-analysis recipe pack is incomplete: org.openrewrite.staticanalysis.AtomicPrimitiveEqualsUsesGet
	at com.synexia.rewrite.M3StaticAnalysisRules.packDiscoveryLoader(M3StaticAnalysisRules.java:198)
	at com.synexia.rewrite.M3StaticAnalysisRules.loadRecipes(M3StaticAnalysisRules.java:152)
	at com.synexia.rewrite.M3StaticAnalysisRules.passes(M3StaticAnalysisRules.java:130)
	at com.synexia.rewrite.M3StaticAnalysisRules.passesForIopPattern(M3StaticAnalysisRules.java:125)
	at com.synexia.rewrite.M3IopPatternMechanicalPasses.forPattern(M3IopPatternMechanicalPasses.java:62)
	at com.synexia.rewrite.M3IopPatternMechanicalPasses.forPattern(M3IopPatternMechanicalPasses.java:16)
	at com.synexia.rewrite.M3IopFullScaleMutationAuthority.canonicalPassPlan(M3IopFullScaleMutationAuthority.java:244)
	at com.synexia.rewrite.M3IopFullScaleMutationAuthority.canonicalPasses(M3IopFullScaleMutationAuthority.java:248)
	at com.synexia.rewrite.M3IopPatternOnlySerialMechanicalJavaRecipe.getRecipeList(M3IopPatternOnlySerialMechanicalJavaRecipe.java:145)
	at org.openrewrite.Recipe.createRecipeDescriptor(Recipe.java:217)
	at org.openrewrite.Recipe.getDescriptor(Recipe.java:209)
	at org.openrewrite.config.ClasspathScanningLoader.configureRecipes(ClasspathScanningLoader.java:176)
	at org.openrewrite.config.ClasspathScanningLoader.scanClasses(ClasspathScanningLoader.java:145)
	at org.openrewrite.config.ClasspathScanningLoader.<init>(ClasspathScanningLoader.java:60)
	at org.openrewrite.config.Environment$Builder.scanRuntimeClasspath(Environment.java:224)
	at com.synexia.rewrite.M3OpenRewriteRuntimeRecipeInventoryRecipe.descriptors(M3OpenRewriteRuntimeRecipeInventoryRecipe.java:100)
	at com.synexia.rewrite.M3ClosureCompatibilityTest.runtimeInventoryKeepsSortedUniqueImmutableDescriptors(M3ClosureCompatibilityTest.java:223)
	at com.synexia.rewrite.M3ClosureCompatibilityTest.main(M3ClosureCompatibilityTest.java:551)
Caused by: java.lang.ClassNotFoundException: org.openrewrite.staticanalysis.AtomicPrimitiveEqualsUsesGet
	at java.base/jdk.internal.loader.BuiltinClassLoader.loadClass(BuiltinClassLoader.java:641)
	at java.base/jdk.internal.loader.ClassLoaders$AppClassLoader.loadClass(ClassLoaders.java:188)
	at java.base/java.lang.ClassLoader.loadClass(ClassLoader.java:526)
	at java.base/java.lang.Class.forName0(Native Method)
	at java.base/java.lang.Class.forName(Class.java:536)
	at java.base/java.lang.Class.forName(Class.java:515)
	at com.synexia.rewrite.M3StaticAnalysisRules.packDiscoveryLoader(M3StaticAnalysisRules.java:188)
	... 17 more
[main] WARN org.openrewrite.config.ClasspathScanningLoader - Unable to configure com.synexia.rewrite.M3LlmRecipeFirstRecipe
java.lang.IllegalStateException: M3 static-analysis recipe pack is incomplete: org.openrewrite.staticanalysis.AtomicPrimitiveEqualsUsesGet
	at com.synexia.rewrite.M3StaticAnalysisRules.packDiscoveryLoader(M3StaticAnalysisRules.java:198)
	at com.synexia.rewrite.M3StaticAnalysisRules.loadRecipes(M3StaticAnalysisRules.java:152)
	at com.synexia.rewrite.M3StaticAnalysisRules.passes(M3StaticAnalysisRules.java:130)
	at com.synexia.rewrite.M3StaticAnalysisRules.passesForIopPattern(M3StaticAnalysisRules.java:125)
	at com.synexia.rewrite.M3IopPatternMechanicalPasses.forPattern(M3IopPatternMechanicalPasses.java:62)
	at com.synexia.rewrite.M3IopPatternMechanicalPasses.forPattern(M3IopPatternMechanicalPasses.java:16)
	at com.synexia.rewrite.M3IopFullScaleMutationAuthority.canonicalPassPlan(M3IopFullScaleMutationAuthority.java:244)
	at com.synexia.rewrite.M3IopFullScaleMutationAuthority.canonicalPasses(M3IopFullScaleMutationAuthority.java:248)
	at com.synexia.rewrite.M3IopPatternOnlySerialMechanicalJavaRecipe.getRecipeList(M3IopPatternOnlySerialMechanicalJavaRecipe.java:145)
	at org.openrewrite.Recipe.createRecipeDescriptor(Recipe.java:217)
	at org.openrewrite.Recipe.getDescriptor(Recipe.java:209)
	at org.openrewrite.Recipe.createRecipeDescriptor(Recipe.java:218)
	at org.openrewrite.Recipe.getDescriptor(Recipe.java:209)
	at org.openrewrite.config.ClasspathScanningLoader.configureRecipes(ClasspathScanningLoader.java:176)
	at org.openrewrite.config.ClasspathScanningLoader.scanClasses(ClasspathScanningLoader.java:145)
	at org.openrewrite.config.ClasspathScanningLoader.<init>(ClasspathScanningLoader.java:60)
	at org.openrewrite.config.Environment$Builder.scanRuntimeClasspath(Environment.java:224)
	at com.synexia.rewrite.M3OpenRewriteRuntimeRecipeInventoryRecipe.descriptors(M3OpenRewriteRuntimeRecipeInventoryRecipe.java:100)
	at com.synexia.rewrite.M3ClosureCompatibilityTest.runtimeInventoryKeepsSortedUniqueImmutableDescriptors(M3ClosureCompatibilityTest.java:223)
	at com.synexia.rewrite.M3ClosureCompatibilityTest.main(M3ClosureCompatibilityTest.java:551)
Caused by: java.lang.ClassNotFoundException: org.openrewrite.staticanalysis.AtomicPrimitiveEqualsUsesGet
	at java.base/jdk.internal.loader.BuiltinClassLoader.loadClass(BuiltinClassLoader.java:641)
	at java.base/jdk.internal.loader.ClassLoaders$AppClassLoader.loadClass(ClassLoaders.java:188)
	at java.base/java.lang.ClassLoader.loadClass(ClassLoader.java:526)
	at java.base/java.lang.Class.forName0(Native Method)
	at java.base/java.lang.Class.forName(Class.java:536)
	at java.base/java.lang.Class.forName(Class.java:515)
	at com.synexia.rewrite.M3StaticAnalysisRules.packDiscoveryLoader(M3StaticAnalysisRules.java:188)
	... 19 more
[main] WARN org.openrewrite.config.ClasspathScanningLoader - Unable to configure com.synexia.rewrite.M3HashPinnedJavaSnapshotRecipe
org.openrewrite.config.RecipeIntrospectionException: Unable to call primary constructor for Recipe class com.synexia.rewrite.M3HashPinnedJavaSnapshotRecipe
	at org.openrewrite.internal.RecipeIntrospectionUtils.getRecipeIntrospectionException(RecipeIntrospectionUtils.java:154)
	at org.openrewrite.internal.RecipeIntrospectionUtils.construct(RecipeIntrospectionUtils.java:139)
	at org.openrewrite.internal.RecipeIntrospectionUtils.constructRecipe(RecipeIntrospectionUtils.java:102)
	at org.openrewrite.config.ClasspathScanningLoader.configureRecipes(ClasspathScanningLoader.java:175)
	at org.openrewrite.config.ClasspathScanningLoader.scanClasses(ClasspathScanningLoader.java:146)
	at org.openrewrite.config.ClasspathScanningLoader.<init>(ClasspathScanningLoader.java:60)
	at org.openrewrite.config.Environment$Builder.scanRuntimeClasspath(Environment.java:224)
	at com.synexia.rewrite.M3OpenRewriteRuntimeRecipeInventoryRecipe.descriptors(M3OpenRewriteRuntimeRecipeInventoryRecipe.java:100)
	at com.synexia.rewrite.M3ClosureCompatibilityTest.runtimeInventoryKeepsSortedUniqueImmutableDescriptors(M3ClosureCompatibilityTest.java:223)
	at com.synexia.rewrite.M3ClosureCompatibilityTest.main(M3ClosureCompatibilityTest.java:551)
Caused by: java.lang.reflect.InvocationTargetException
	at java.base/jdk.internal.reflect.DirectConstructorHandleAccessor.newInstance(DirectConstructorHandleAccessor.java:74)
	at java.base/java.lang.reflect.Constructor.newInstanceWithCaller(Constructor.java:502)
	at java.base/java.lang.reflect.Constructor.newInstance(Constructor.java:486)
	at org.openrewrite.internal.RecipeIntrospectionUtils.construct(RecipeIntrospectionUtils.java:136)
	... 8 more
Caused by: java.lang.IllegalArgumentException: invalid hash-pinned Java crate
	at com.synexia.rewrite.M3HashPinnedJavaSnapshotRecipe.<init>(M3HashPinnedJavaSnapshotRecipe.java:76)
	at java.base/jdk.internal.reflect.DirectConstructorHandleAccessor.newInstance(DirectConstructorHandleAccessor.java:62)
	... 11 more
