{"stage": "compile", "commandIndex": 1, "executable": "/workspace/scratch/5809f5dce3dd/provider-superset-20261005/toolchain/apache-maven-3.9.9/bin/mvn"}
[INFO] Scanning for projects...
[INFO] 
[INFO] ------< com.synexia.verification:mrd-current-bootstrap-20261005 >-------
[INFO] Building Mrd exact parser dependency candidate bootstrap 1.0.0
[INFO]   from pom.xml
[INFO] --------------------------------[ jar ]---------------------------------
[INFO] 
[INFO] --- resources:3.3.1:resources (default-resources) @ mrd-current-bootstrap-20261005 ---
[INFO] Copying 3 resources from ../sources/synexia-openrewrite-recipes/src/main/resources to ../target/classes
[INFO] 
[INFO] --- compiler:3.13.0:compile (default-compile) @ mrd-current-bootstrap-20261005 ---
[INFO] Recompiling the module because of changed source code.
[INFO] Compiling 4 source files with javac [debug release 21] to ../target/classes
[INFO] 
[INFO] --- resources:3.3.1:testResources (default-testResources) @ mrd-current-bootstrap-20261005 ---
[INFO] Copying 1 resource from ../sources/synexia-openrewrite-recipes/verification/mre-20261005/parser-bootstrap/src/test/resources to ../target/test-classes
[INFO] 
[INFO] --- compiler:3.13.0:testCompile (default-testCompile) @ mrd-current-bootstrap-20261005 ---
[INFO] Recompiling the module because of changed dependency.
[INFO] Compiling 1 source file with javac [debug release 21] to ../target/test-classes
[INFO] ------------------------------------------------------------------------
[INFO] BUILD SUCCESS
[INFO] ------------------------------------------------------------------------
[INFO] Total time:  2.056 s
[INFO] Finished at: 2026-10-05T10:51:53+02:00
[INFO] ------------------------------------------------------------------------
{"artifacts": 20, "artifactManifestSHA256": "e277accae2fe8235fca0c9d71ec038dfc31c720fb98578d1b76cbabd2f639ef7"}
