test_baseline_manifest_comes_from_its_own_commit (test_retention.RetentionAuditTest.test_baseline_manifest_comes_from_its_own_commit) ... ok
test_baseline_output_replay_retains_obligation_provenance (test_retention.RetentionAuditTest.test_baseline_output_replay_retains_obligation_provenance) ... ok
test_conflicting_baseline_manifest_paths_are_explicit (test_retention.RetentionAuditTest.test_conflicting_baseline_manifest_paths_are_explicit) ... ok
test_conflicting_baselines_are_order_independent_without_a_winner (test_retention.RetentionAuditTest.test_conflicting_baselines_are_order_independent_without_a_winner) ... ok
test_conflicting_capabilities_cannot_hide_competing_hashes (test_retention.RetentionAuditTest.test_conflicting_capabilities_cannot_hide_competing_hashes) ... ok
test_default_summary_root_and_outputs_remain_exact (test_retention.RetentionAuditTest.test_default_summary_root_and_outputs_remain_exact) ... ok
test_deleted_catalogue_keeps_baseline_targets (test_retention.RetentionAuditTest.test_deleted_catalogue_keeps_baseline_targets) ... ok
test_deleted_target_directory_fails_strict_cli (test_retention.RetentionAuditTest.test_deleted_target_directory_fails_strict_cli) ... ok
test_drift_is_review_and_missing_is_explicit (test_retention.RetentionAuditTest.test_drift_is_review_and_missing_is_explicit) ... ok
test_dropped_capability_keeps_baseline_targets_and_fails_strict_cli (test_retention.RetentionAuditTest.test_dropped_capability_keeps_baseline_targets_and_fails_strict_cli) ... ok
test_empty_manifest_keeps_all_baseline_obligations (test_retention.RetentionAuditTest.test_empty_manifest_keeps_all_baseline_obligations) ... ok
test_empty_or_unreadable_explicit_baseline_catalogue_refuses (test_retention.RetentionAuditTest.test_empty_or_unreadable_explicit_baseline_catalogue_refuses) ... ok
test_every_octopus_parent_contributes_its_obligations (test_retention.RetentionAuditTest.test_every_octopus_parent_contributes_its_obligations) ... ok
test_exact_retention_is_deterministic (test_retention.RetentionAuditTest.test_exact_retention_is_deterministic) ... ok
test_explicit_pre_push_baseline_survives_intermediate_catalogue_deletion (test_retention.RetentionAuditTest.test_explicit_pre_push_baseline_survives_intermediate_catalogue_deletion) ... ok
test_harmless_additional_capability_and_target_are_accepted (test_retention.RetentionAuditTest.test_harmless_additional_capability_and_target_are_accepted) ... ok
test_implicit_parent_catalogue_absence_is_recorded_but_explicit_refuses (test_retention.RetentionAuditTest.test_implicit_parent_catalogue_absence_is_recorded_but_explicit_refuses) ... ok
test_invalid_existing_parent_catalogue_is_not_treated_as_absence (test_retention.RetentionAuditTest.test_invalid_existing_parent_catalogue_is_not_treated_as_absence) ... ok
test_invalid_explicit_cli_baseline_refuses_before_output (test_retention.RetentionAuditTest.test_invalid_explicit_cli_baseline_refuses_before_output) ... ok
test_invalid_manifest_and_catalogue_fail_closed (test_retention.RetentionAuditTest.test_invalid_manifest_and_catalogue_fail_closed) ... ok
test_malformed_quoted_catalogue_is_a_cli_refusal (test_retention.RetentionAuditTest.test_malformed_quoted_catalogue_is_a_cli_refusal) ... ok
test_manifest_is_read_from_exact_commit_not_worktree (test_retention.RetentionAuditTest.test_manifest_is_read_from_exact_commit_not_worktree) ... ok
test_missing_baseline_manifest_refuses_even_for_implicit_parent (test_retention.RetentionAuditTest.test_missing_baseline_manifest_refuses_even_for_implicit_parent) ... ok
test_moved_manifest_is_explicit_declaration_conflict (test_retention.RetentionAuditTest.test_moved_manifest_is_explicit_declaration_conflict) ... ok
test_opt_in_digest_parser_accepts_all_digits_and_refuses_whitespace (test_retention.RetentionAuditTest.test_opt_in_digest_parser_accepts_all_digits_and_refuses_whitespace) ... ok
test_opt_in_symlink_target_and_declaration_refuse (test_retention.RetentionAuditTest.test_opt_in_symlink_target_and_declaration_refuse) ... ok
test_ref_movement_still_refuses_baseline_audit (test_retention.RetentionAuditTest.test_ref_movement_still_refuses_baseline_audit) ... ok
test_removed_manifest_keeps_baseline_targets (test_retention.RetentionAuditTest.test_removed_manifest_keeps_baseline_targets) ... ok
test_removed_manifest_row_keeps_its_obligation (test_retention.RetentionAuditTest.test_removed_manifest_row_keeps_its_obligation) ... ok
test_repeated_cli_baselines_preserve_all_exact_origins (test_retention.RetentionAuditTest.test_repeated_cli_baselines_preserve_all_exact_origins) ... ok
test_rewriting_expected_hash_cannot_reseal_changed_target (test_retention.RetentionAuditTest.test_rewriting_expected_hash_cannot_reseal_changed_target) ... ok
test_target_drift_with_unchanged_declaration_remains_review (test_retention.RetentionAuditTest.test_target_drift_with_unchanged_declaration_remains_review) ... ok
test_unsafe_and_non_commit_baseline_ids_refuse (test_retention.RetentionAuditTest.test_unsafe_and_non_commit_baseline_ids_refuse) ... ok
test_unsafe_catalogue_and_manifest_paths_refuse_in_baseline_mode (test_retention.RetentionAuditTest.test_unsafe_catalogue_and_manifest_paths_refuse_in_baseline_mode) ... ok
test_unsafe_target_and_duplicate_obligations_refuse (test_retention.RetentionAuditTest.test_unsafe_target_and_duplicate_obligations_refuse) ... ok
test_write_is_deterministic_and_refuses_existing_output (test_retention.RetentionAuditTest.test_write_is_deterministic_and_refuses_existing_output) ... ok

----------------------------------------------------------------------
Ran 36 tests in 3.201s

OK
