EXPECTED_PARSER_REFUSAL syntactically incomplete dependency
java.lang.IllegalStateException: Java parser dependency parse/format drift: dep/src/main/java/dependency/Helper.java
	at com.synexia.rewrite.M3HashPinnedJavaSnapshotRecipe.validateParserDependencies(M3HashPinnedJavaSnapshotRecipe.java:307)
	at com.synexia.rewrite.M3HashPinnedJavaSnapshotRecipe.prepare(M3HashPinnedJavaSnapshotRecipe.java:204)
	at com.synexia.rewrite.M3HashPinnedJavaSnapshotRecipe.generate(M3HashPinnedJavaSnapshotRecipe.java:130)
	at com.synexia.rewrite.M3HashPinnedJavaSnapshotRecipe.generate(M3HashPinnedJavaSnapshotRecipe.java:44)
	at org.openrewrite.ScanningRecipe.generate(ScanningRecipe.java:63)
	at org.openrewrite.scheduling.RecipeRunCycle.lambda$generateSources$4(RecipeRunCycle.java:113)
	at org.openrewrite.scheduling.RecipeStack.reduce(RecipeStack.java:57)
	at org.openrewrite.scheduling.RecipeRunCycle.generateSources(RecipeRunCycle.java:108)
	at org.openrewrite.RecipeScheduler.runRecipeCycles(RecipeScheduler.java:85)
	at org.openrewrite.RecipeScheduler.scheduleRun(RecipeScheduler.java:41)
	at org.openrewrite.Recipe.run(Recipe.java:344)
	at org.openrewrite.Recipe.run(Recipe.java:340)
	at com.synexia.rewrite.M3ParserDependenciesTest.refused(M3ParserDependenciesTest.java:391)
	at com.synexia.rewrite.M3ParserDependenciesTest.syntaxAndObservedIncompleteDependencyFailuresPreserveActualErrors(M3ParserDependenciesTest.java:200)
	at com.synexia.rewrite.M3ParserDependenciesTest.main(M3ParserDependenciesTest.java:315)
EXPECTED_PARSER_REFUSAL actual review alone reproduces incomplete semantic source closure
org.openrewrite.java.JavaParsingException: Failed symbol entering or attribution
	at org.openrewrite.java.isolated.ReloadableJava21Parser.parseInputsToCompilerAst(ReloadableJava21Parser.java:222)
	at org.openrewrite.java.isolated.ReloadableJava21Parser.parseInputs(ReloadableJava21Parser.java:151)
	at org.openrewrite.java.Java21Parser.parseInputs(Java21Parser.java:39)
	at com.synexia.rewrite.M3HashPinnedJavaSnapshotRecipe.parseChecked(M3HashPinnedJavaSnapshotRecipe.java:326)
	at com.synexia.rewrite.M3HashPinnedJavaSnapshotRecipe.validateParserDependencies(M3HashPinnedJavaSnapshotRecipe.java:298)
	at com.synexia.rewrite.M3HashPinnedJavaSnapshotRecipe.prepare(M3HashPinnedJavaSnapshotRecipe.java:204)
	at com.synexia.rewrite.M3HashPinnedJavaSnapshotRecipe.generate(M3HashPinnedJavaSnapshotRecipe.java:130)
	at com.synexia.rewrite.M3HashPinnedJavaSnapshotRecipe.generate(M3HashPinnedJavaSnapshotRecipe.java:44)
	at org.openrewrite.ScanningRecipe.generate(ScanningRecipe.java:63)
	at org.openrewrite.scheduling.RecipeRunCycle.lambda$generateSources$4(RecipeRunCycle.java:113)
	at org.openrewrite.scheduling.RecipeStack.reduce(RecipeStack.java:57)
	at org.openrewrite.scheduling.RecipeRunCycle.generateSources(RecipeRunCycle.java:108)
	at org.openrewrite.RecipeScheduler.runRecipeCycles(RecipeScheduler.java:85)
	at org.openrewrite.RecipeScheduler.scheduleRun(RecipeScheduler.java:41)
	at org.openrewrite.Recipe.run(Recipe.java:344)
	at org.openrewrite.Recipe.run(Recipe.java:340)
	at com.synexia.rewrite.M3ParserDependenciesTest.refused(M3ParserDependenciesTest.java:391)
	at com.synexia.rewrite.M3ParserDependenciesTest.syntaxAndObservedIncompleteDependencyFailuresPreserveActualErrors(M3ParserDependenciesTest.java:204)
	at com.synexia.rewrite.M3ParserDependenciesTest.main(M3ParserDependenciesTest.java:315)
Caused by: java.lang.AssertionError
	at com.sun.tools.javac.util.Assert.error(Assert.java:155)
	at com.sun.tools.javac.util.Assert.checkNonNull(Assert.java:62)
	at com.sun.tools.javac.util.ListBuffer.append(ListBuffer.java:127)
	at com.sun.tools.javac.comp.Attr$1.visitYield(Attr.java:1646)
	at com.sun.tools.javac.tree.JCTree$JCYield.accept(JCTree.java:1677)
	at com.sun.tools.javac.tree.TreeScanner.scan(TreeScanner.java:50)
	at com.sun.tools.javac.tree.TreeScanner.scan(TreeScanner.java:58)
	at com.sun.tools.javac.comp.Attr.lambda$visitSwitchExpression$7(Attr.java:1653)
	at com.sun.tools.javac.comp.Attr.handleSwitch(Attr.java:1859)
	at com.sun.tools.javac.comp.Attr.visitSwitchExpression(Attr.java:1638)
	at com.sun.tools.javac.tree.JCTree$JCSwitchExpression.accept(JCTree.java:1399)
	at com.sun.tools.javac.comp.Attr.attribTree(Attr.java:662)
	at com.sun.tools.javac.comp.Attr.visitReturn(Attr.java:2484)
	at com.sun.tools.javac.tree.JCTree$JCReturn.accept(JCTree.java:1728)
	at com.sun.tools.javac.comp.Attr.attribTree(Attr.java:662)
	at com.sun.tools.javac.comp.Attr.attribStat(Attr.java:736)
	at com.sun.tools.javac.comp.Attr.attribStats(Attr.java:755)
	at com.sun.tools.javac.comp.Attr.visitBlock(Attr.java:1448)
	at com.sun.tools.javac.tree.JCTree$JCBlock.accept(JCTree.java:1092)
	at com.sun.tools.javac.comp.Attr.attribTree(Attr.java:662)
	at com.sun.tools.javac.comp.Attr.attribStat(Attr.java:736)
	at com.sun.tools.javac.comp.Attr.visitMethodDef(Attr.java:1231)
	at com.sun.tools.javac.tree.JCTree$JCMethodDecl.accept(JCTree.java:916)
	at com.sun.tools.javac.comp.Attr.attribTree(Attr.java:662)
	at com.sun.tools.javac.comp.Attr.attribStat(Attr.java:736)
	at com.sun.tools.javac.comp.Attr.attribClassBody(Attr.java:5664)
	at com.sun.tools.javac.comp.Attr.attribClass(Attr.java:5552)
	at com.sun.tools.javac.comp.Attr.attribClass(Attr.java:5376)
	at com.sun.tools.javac.comp.Attr.attrib(Attr.java:5315)
	at com.sun.tools.javac.main.JavaCompiler.attribute(JavaCompiler.java:1359)
	at com.sun.tools.javac.main.JavaCompiler.attribute(JavaCompiler.java:1332)
	at org.openrewrite.java.isolated.ReloadableJava21Parser.parseInputsToCompilerAst(ReloadableJava21Parser.java:217)
	... 18 more
java.lang.IllegalStateException: Java parser failed while preparing parser dependencies
	at com.synexia.rewrite.M3HashPinnedJavaSnapshotRecipe.parseChecked(M3HashPinnedJavaSnapshotRecipe.java:328)
	at com.synexia.rewrite.M3HashPinnedJavaSnapshotRecipe.validateParserDependencies(M3HashPinnedJavaSnapshotRecipe.java:298)
	at com.synexia.rewrite.M3HashPinnedJavaSnapshotRecipe.prepare(M3HashPinnedJavaSnapshotRecipe.java:204)
	at com.synexia.rewrite.M3HashPinnedJavaSnapshotRecipe.generate(M3HashPinnedJavaSnapshotRecipe.java:130)
	at com.synexia.rewrite.M3HashPinnedJavaSnapshotRecipe.generate(M3HashPinnedJavaSnapshotRecipe.java:44)
	at org.openrewrite.ScanningRecipe.generate(ScanningRecipe.java:63)
	at org.openrewrite.scheduling.RecipeRunCycle.lambda$generateSources$4(RecipeRunCycle.java:113)
	at org.openrewrite.scheduling.RecipeStack.reduce(RecipeStack.java:57)
	at org.openrewrite.scheduling.RecipeRunCycle.generateSources(RecipeRunCycle.java:108)
	at org.openrewrite.RecipeScheduler.runRecipeCycles(RecipeScheduler.java:85)
	at org.openrewrite.RecipeScheduler.scheduleRun(RecipeScheduler.java:41)
	at org.openrewrite.Recipe.run(Recipe.java:344)
	at org.openrewrite.Recipe.run(Recipe.java:340)
	at com.synexia.rewrite.M3ParserDependenciesTest.refused(M3ParserDependenciesTest.java:391)
	at com.synexia.rewrite.M3ParserDependenciesTest.syntaxAndObservedIncompleteDependencyFailuresPreserveActualErrors(M3ParserDependenciesTest.java:204)
	at com.synexia.rewrite.M3ParserDependenciesTest.main(M3ParserDependenciesTest.java:315)
Caused by: org.openrewrite.java.JavaParsingException: Failed symbol entering or attribution
	at org.openrewrite.java.isolated.ReloadableJava21Parser.parseInputsToCompilerAst(ReloadableJava21Parser.java:222)
	at org.openrewrite.java.isolated.ReloadableJava21Parser.parseInputs(ReloadableJava21Parser.java:151)
	at org.openrewrite.java.Java21Parser.parseInputs(Java21Parser.java:39)
	at com.synexia.rewrite.M3HashPinnedJavaSnapshotRecipe.parseChecked(M3HashPinnedJavaSnapshotRecipe.java:326)
	... 15 more
Caused by: java.lang.AssertionError
	at com.sun.tools.javac.util.Assert.error(Assert.java:155)
	at com.sun.tools.javac.util.Assert.checkNonNull(Assert.java:62)
	at com.sun.tools.javac.util.ListBuffer.append(ListBuffer.java:127)
	at com.sun.tools.javac.comp.Attr$1.visitYield(Attr.java:1646)
	at com.sun.tools.javac.tree.JCTree$JCYield.accept(JCTree.java:1677)
	at com.sun.tools.javac.tree.TreeScanner.scan(TreeScanner.java:50)
	at com.sun.tools.javac.tree.TreeScanner.scan(TreeScanner.java:58)
	at com.sun.tools.javac.comp.Attr.lambda$visitSwitchExpression$7(Attr.java:1653)
	at com.sun.tools.javac.comp.Attr.handleSwitch(Attr.java:1859)
	at com.sun.tools.javac.comp.Attr.visitSwitchExpression(Attr.java:1638)
	at com.sun.tools.javac.tree.JCTree$JCSwitchExpression.accept(JCTree.java:1399)
	at com.sun.tools.javac.comp.Attr.attribTree(Attr.java:662)
	at com.sun.tools.javac.comp.Attr.visitReturn(Attr.java:2484)
	at com.sun.tools.javac.tree.JCTree$JCReturn.accept(JCTree.java:1728)
	at com.sun.tools.javac.comp.Attr.attribTree(Attr.java:662)
	at com.sun.tools.javac.comp.Attr.attribStat(Attr.java:736)
	at com.sun.tools.javac.comp.Attr.attribStats(Attr.java:755)
	at com.sun.tools.javac.comp.Attr.visitBlock(Attr.java:1448)
	at com.sun.tools.javac.tree.JCTree$JCBlock.accept(JCTree.java:1092)
	at com.sun.tools.javac.comp.Attr.attribTree(Attr.java:662)
	at com.sun.tools.javac.comp.Attr.attribStat(Attr.java:736)
	at com.sun.tools.javac.comp.Attr.visitMethodDef(Attr.java:1231)
	at com.sun.tools.javac.tree.JCTree$JCMethodDecl.accept(JCTree.java:916)
	at com.sun.tools.javac.comp.Attr.attribTree(Attr.java:662)
	at com.sun.tools.javac.comp.Attr.attribStat(Attr.java:736)
	at com.sun.tools.javac.comp.Attr.attribClassBody(Attr.java:5664)
	at com.sun.tools.javac.comp.Attr.attribClass(Attr.java:5552)
	at com.sun.tools.javac.comp.Attr.attribClass(Attr.java:5376)
	at com.sun.tools.javac.comp.Attr.attrib(Attr.java:5315)
	at com.sun.tools.javac.main.JavaCompiler.attribute(JavaCompiler.java:1359)
	at com.sun.tools.javac.main.JavaCompiler.attribute(JavaCompiler.java:1332)
	at org.openrewrite.java.isolated.ReloadableJava21Parser.parseInputsToCompilerAst(ReloadableJava21Parser.java:217)
	... 18 more
EXPECTED_PARSER_REFUSAL late target attribution
org.openrewrite.java.JavaParsingException: Failed symbol entering or attribution
	at org.openrewrite.java.isolated.ReloadableJava21Parser.parseInputsToCompilerAst(ReloadableJava21Parser.java:222)
	at org.openrewrite.java.isolated.ReloadableJava21Parser.parseInputs(ReloadableJava21Parser.java:151)
	at org.openrewrite.java.Java21Parser.parseInputs(Java21Parser.java:39)
	at com.synexia.rewrite.M3HashPinnedJavaSnapshotRecipe.parseChecked(M3HashPinnedJavaSnapshotRecipe.java:326)
	at com.synexia.rewrite.M3HashPinnedJavaSnapshotRecipe.parse(M3HashPinnedJavaSnapshotRecipe.java:236)
	at com.synexia.rewrite.M3HashPinnedJavaSnapshotRecipe.prepare(M3HashPinnedJavaSnapshotRecipe.java:207)
	at com.synexia.rewrite.M3HashPinnedJavaSnapshotRecipe.generate(M3HashPinnedJavaSnapshotRecipe.java:130)
	at com.synexia.rewrite.M3HashPinnedJavaSnapshotRecipe.generate(M3HashPinnedJavaSnapshotRecipe.java:44)
	at org.openrewrite.ScanningRecipe.generate(ScanningRecipe.java:63)
	at org.openrewrite.scheduling.RecipeRunCycle.lambda$generateSources$4(RecipeRunCycle.java:113)
	at org.openrewrite.scheduling.RecipeStack.reduce(RecipeStack.java:57)
	at org.openrewrite.scheduling.RecipeRunCycle.generateSources(RecipeRunCycle.java:108)
	at org.openrewrite.RecipeScheduler.runRecipeCycles(RecipeScheduler.java:85)
	at org.openrewrite.RecipeScheduler.scheduleRun(RecipeScheduler.java:41)
	at org.openrewrite.Recipe.run(Recipe.java:344)
	at org.openrewrite.Recipe.run(Recipe.java:340)
	at com.synexia.rewrite.M3ParserDependenciesTest.refused(M3ParserDependenciesTest.java:391)
	at com.synexia.rewrite.M3ParserDependenciesTest.lateTargetFailurePublishesNeitherEarlierAdditionNorReplacement(M3ParserDependenciesTest.java:231)
	at com.synexia.rewrite.M3ParserDependenciesTest.main(M3ParserDependenciesTest.java:316)
Caused by: java.lang.AssertionError
	at com.sun.tools.javac.util.Assert.error(Assert.java:155)
	at com.sun.tools.javac.util.Assert.checkNonNull(Assert.java:62)
	at com.sun.tools.javac.util.ListBuffer.append(ListBuffer.java:127)
	at com.sun.tools.javac.comp.Attr$1.visitYield(Attr.java:1646)
	at com.sun.tools.javac.tree.JCTree$JCYield.accept(JCTree.java:1677)
	at com.sun.tools.javac.tree.TreeScanner.scan(TreeScanner.java:50)
	at com.sun.tools.javac.tree.TreeScanner.scan(TreeScanner.java:58)
	at com.sun.tools.javac.comp.Attr.lambda$visitSwitchExpression$7(Attr.java:1653)
	at com.sun.tools.javac.comp.Attr.handleSwitch(Attr.java:1859)
	at com.sun.tools.javac.comp.Attr.visitSwitchExpression(Attr.java:1638)
	at com.sun.tools.javac.tree.JCTree$JCSwitchExpression.accept(JCTree.java:1399)
	at com.sun.tools.javac.comp.Attr.attribTree(Attr.java:662)
	at com.sun.tools.javac.comp.Attr.visitReturn(Attr.java:2484)
	at com.sun.tools.javac.tree.JCTree$JCReturn.accept(JCTree.java:1728)
	at com.sun.tools.javac.comp.Attr.attribTree(Attr.java:662)
	at com.sun.tools.javac.comp.Attr.attribStat(Attr.java:736)
	at com.sun.tools.javac.comp.Attr.attribStats(Attr.java:755)
	at com.sun.tools.javac.comp.Attr.visitBlock(Attr.java:1448)
	at com.sun.tools.javac.tree.JCTree$JCBlock.accept(JCTree.java:1092)
	at com.sun.tools.javac.comp.Attr.attribTree(Attr.java:662)
	at com.sun.tools.javac.comp.Attr.attribStat(Attr.java:736)
	at com.sun.tools.javac.comp.Attr.visitMethodDef(Attr.java:1231)
	at com.sun.tools.javac.tree.JCTree$JCMethodDecl.accept(JCTree.java:916)
	at com.sun.tools.javac.comp.Attr.attribTree(Attr.java:662)
	at com.sun.tools.javac.comp.Attr.attribStat(Attr.java:736)
	at com.sun.tools.javac.comp.Attr.attribClassBody(Attr.java:5664)
	at com.sun.tools.javac.comp.Attr.attribClass(Attr.java:5552)
	at com.sun.tools.javac.comp.Attr.attribClass(Attr.java:5376)
	at com.sun.tools.javac.comp.Attr.attrib(Attr.java:5315)
	at com.sun.tools.javac.main.JavaCompiler.attribute(JavaCompiler.java:1359)
	at com.sun.tools.javac.main.JavaCompiler.attribute(JavaCompiler.java:1332)
	at org.openrewrite.java.isolated.ReloadableJava21Parser.parseInputsToCompilerAst(ReloadableJava21Parser.java:217)
	... 18 more
java.lang.IllegalStateException: Java parser failed while preparing m3-fast-search/src/main/java/com/synexia/m3/search/CompetitiveProblemReview.java
	at com.synexia.rewrite.M3HashPinnedJavaSnapshotRecipe.parseChecked(M3HashPinnedJavaSnapshotRecipe.java:328)
	at com.synexia.rewrite.M3HashPinnedJavaSnapshotRecipe.parse(M3HashPinnedJavaSnapshotRecipe.java:236)
	at com.synexia.rewrite.M3HashPinnedJavaSnapshotRecipe.prepare(M3HashPinnedJavaSnapshotRecipe.java:207)
	at com.synexia.rewrite.M3HashPinnedJavaSnapshotRecipe.generate(M3HashPinnedJavaSnapshotRecipe.java:130)
	at com.synexia.rewrite.M3HashPinnedJavaSnapshotRecipe.generate(M3HashPinnedJavaSnapshotRecipe.java:44)
	at org.openrewrite.ScanningRecipe.generate(ScanningRecipe.java:63)
	at org.openrewrite.scheduling.RecipeRunCycle.lambda$generateSources$4(RecipeRunCycle.java:113)
	at org.openrewrite.scheduling.RecipeStack.reduce(RecipeStack.java:57)
	at org.openrewrite.scheduling.RecipeRunCycle.generateSources(RecipeRunCycle.java:108)
	at org.openrewrite.RecipeScheduler.runRecipeCycles(RecipeScheduler.java:85)
	at org.openrewrite.RecipeScheduler.scheduleRun(RecipeScheduler.java:41)
	at org.openrewrite.Recipe.run(Recipe.java:344)
	at org.openrewrite.Recipe.run(Recipe.java:340)
	at com.synexia.rewrite.M3ParserDependenciesTest.refused(M3ParserDependenciesTest.java:391)
	at com.synexia.rewrite.M3ParserDependenciesTest.lateTargetFailurePublishesNeitherEarlierAdditionNorReplacement(M3ParserDependenciesTest.java:231)
	at com.synexia.rewrite.M3ParserDependenciesTest.main(M3ParserDependenciesTest.java:316)
Caused by: org.openrewrite.java.JavaParsingException: Failed symbol entering or attribution
	at org.openrewrite.java.isolated.ReloadableJava21Parser.parseInputsToCompilerAst(ReloadableJava21Parser.java:222)
	at org.openrewrite.java.isolated.ReloadableJava21Parser.parseInputs(ReloadableJava21Parser.java:151)
	at org.openrewrite.java.Java21Parser.parseInputs(Java21Parser.java:39)
	at com.synexia.rewrite.M3HashPinnedJavaSnapshotRecipe.parseChecked(M3HashPinnedJavaSnapshotRecipe.java:326)
	... 15 more
Caused by: java.lang.AssertionError
	at com.sun.tools.javac.util.Assert.error(Assert.java:155)
	at com.sun.tools.javac.util.Assert.checkNonNull(Assert.java:62)
	at com.sun.tools.javac.util.ListBuffer.append(ListBuffer.java:127)
	at com.sun.tools.javac.comp.Attr$1.visitYield(Attr.java:1646)
	at com.sun.tools.javac.tree.JCTree$JCYield.accept(JCTree.java:1677)
	at com.sun.tools.javac.tree.TreeScanner.scan(TreeScanner.java:50)
	at com.sun.tools.javac.tree.TreeScanner.scan(TreeScanner.java:58)
	at com.sun.tools.javac.comp.Attr.lambda$visitSwitchExpression$7(Attr.java:1653)
	at com.sun.tools.javac.comp.Attr.handleSwitch(Attr.java:1859)
	at com.sun.tools.javac.comp.Attr.visitSwitchExpression(Attr.java:1638)
	at com.sun.tools.javac.tree.JCTree$JCSwitchExpression.accept(JCTree.java:1399)
	at com.sun.tools.javac.comp.Attr.attribTree(Attr.java:662)
	at com.sun.tools.javac.comp.Attr.visitReturn(Attr.java:2484)
	at com.sun.tools.javac.tree.JCTree$JCReturn.accept(JCTree.java:1728)
	at com.sun.tools.javac.comp.Attr.attribTree(Attr.java:662)
	at com.sun.tools.javac.comp.Attr.attribStat(Attr.java:736)
	at com.sun.tools.javac.comp.Attr.attribStats(Attr.java:755)
	at com.sun.tools.javac.comp.Attr.visitBlock(Attr.java:1448)
	at com.sun.tools.javac.tree.JCTree$JCBlock.accept(JCTree.java:1092)
	at com.sun.tools.javac.comp.Attr.attribTree(Attr.java:662)
	at com.sun.tools.javac.comp.Attr.attribStat(Attr.java:736)
	at com.sun.tools.javac.comp.Attr.visitMethodDef(Attr.java:1231)
	at com.sun.tools.javac.tree.JCTree$JCMethodDecl.accept(JCTree.java:916)
	at com.sun.tools.javac.comp.Attr.attribTree(Attr.java:662)
	at com.sun.tools.javac.comp.Attr.attribStat(Attr.java:736)
	at com.sun.tools.javac.comp.Attr.attribClassBody(Attr.java:5664)
	at com.sun.tools.javac.comp.Attr.attribClass(Attr.java:5552)
	at com.sun.tools.javac.comp.Attr.attribClass(Attr.java:5376)
	at com.sun.tools.javac.comp.Attr.attrib(Attr.java:5315)
	at com.sun.tools.javac.main.JavaCompiler.attribute(JavaCompiler.java:1359)
	at com.sun.tools.javac.main.JavaCompiler.attribute(JavaCompiler.java:1332)
	at org.openrewrite.java.isolated.ReloadableJava21Parser.parseInputsToCompilerAst(ReloadableJava21Parser.java:217)
	... 18 more
