{"stage": "compile", "commandIndex": 1, "executable": "/workspace/scratch/5809f5dce3dd/provider-superset-20261005/toolchain/apache-maven-3.9.9/bin/mvn"}
[INFO] Scanning for projects...
[INFO] 
[INFO] -------< com.synexia.verification:mre-pcr-current-992-20261005 >--------
[INFO] Building M3 pcr current992 exact-source qualification 1.0.0
[INFO]   from pom.xml
[INFO] --------------------------------[ jar ]---------------------------------
[INFO] 
[INFO] --- resources:3.3.1:resources (default-resources) @ mre-pcr-current-992-20261005 ---
[INFO] Copying 61 resources from ../sources/synexia-openrewrite-recipes/src/main/resources to ../target/classes
[INFO] 
[INFO] --- compiler:3.13.0:compile (default-compile) @ mre-pcr-current-992-20261005 ---
[INFO] Recompiling the module because of changed source code.
[INFO] Compiling 8 source files with javac [debug release 21] to ../target/classes
[INFO] 
[INFO] --- resources:3.3.1:testResources (default-testResources) @ mre-pcr-current-992-20261005 ---
[INFO] Copying 17 resources from ../sources/synexia-openrewrite-recipes/src/test/resources to ../target/test-classes
[INFO] 
[INFO] --- compiler:3.13.0:testCompile (default-testCompile) @ mre-pcr-current-992-20261005 ---
[INFO] Recompiling the module because of changed dependency.
[INFO] Compiling 4 source files with javac [debug release 21] to ../target/test-classes
[INFO] ------------------------------------------------------------------------
[INFO] BUILD SUCCESS
[INFO] ------------------------------------------------------------------------
[INFO] Total time:  3.725 s
[INFO] Finished at: 2026-10-05T11:21:21+02:00
[INFO] ------------------------------------------------------------------------
{"artifacts": 120, "artifactManifestSHA256": "b85115ed7ffa8ce93bcc58fa5216212040294d33a93b9e322ff448304e0360a4"}
