[INFO] Scanning for projects...
[INFO] 
[INFO] --< com.synexia.verification:m3-original-full-ast-navigation-oracles >--
[INFO] Building m3-original-full-ast-navigation-oracles 1.0.0
[INFO]   from pom-ast-full-oracle.xml
[INFO] --------------------------------[ pom ]---------------------------------
[INFO] 
[INFO] --- exec:3.5.0:exec (run-original-full-ast-navigation-test-class) @ m3-original-full-ast-navigation-oracles ---

Test run finished after 488 ms
[         4 containers found      ]
[         0 containers skipped    ]
[         4 containers started    ]
[         0 containers aborted    ]
[         4 containers successful ]
[         0 containers failed     ]
[         4 tests found           ]
[         0 tests skipped         ]
[         4 tests started         ]
[         0 tests aborted         ]
[         4 tests successful      ]
[         0 tests failed          ]

[INFO] ------------------------------------------------------------------------
[INFO] BUILD SUCCESS
[INFO] ------------------------------------------------------------------------
[INFO] Total time:  1.230 s
[INFO] Finished at: 2026-10-07T12:20:02+05:30
[INFO] ------------------------------------------------------------------------
