START_UTC=2026-10-02T03:25:16Z
your 131072x1 screen size is bogus. expect trouble
warning: rejected 69667e3f1ce673aaded2ad93e4ae2ecf6c59668b because shallow roots are not allowed to be updated
HEAD is now at 69667e3f1 Restore opt-in MIndex runtime from pinned recipes on master
MINDEX_INTEGRATION_RECIPE_PASS state=after
SEGMENTED_RECIPE_PASS state=after
...SOURCE_BOUND_RECIPE_PASS files=29 check_only=True
....
----------------------------------------------------------------------
Ran 4 tests in 0.027s

OK
...
----------------------------------------------------------------------
Ran 4 tests in 0.178s

OK
..
----------------------------------------------------------------------
Ran 4 tests in 0.406s

OK
....
----------------------------------------------------------------------
Ran 4 tests in 0.802s

OK
BUILD_COMMAND=make images JOBS=4
BUILD_EXIT=0
Building target 'images' in configuration 'linux-x86_64-server-fastdebug'
Creating jdk image
Creating CDS archive for jdk image for server
Creating CDS-NOCOOPS archive for jdk image for server
Finished building target 'images' in configuration 'linux-x86_64-server-fastdebug'
openjdk version "21-internal" 2023-09-19
OpenJDK Runtime Environment (fastdebug build 21-internal-adhoc.root.source-native)
OpenJDK 64-Bit Server VM (fastdebug build 21-internal-adhoc.root.source-native, mixed mode, sharing)
IMAGE=/var/tmp/m3-runtime-migration-20261002/source-native/build/linux-x86_64-server-fastdebug/images/jdk
FINISH_UTC=2026-10-02T03:25:46Z
