RESUME_UTC=2026-10-02T03:36:21Z
PRIOR_UPSTREAM_RESULTS_VERIFIED passed=84
DEFAULT_RESUME_EXIT=0
Picked up JAVA_TOOL_OPTIONS: -Xms16m -Xmx256m
Picked up JAVA_TOOL_OPTIONS: -Xms16m -Xmx256m
Picked up JAVA_TOOL_OPTIONS: -Xms16m -Xmx256m
Test results: passed: 7; did not match prior status: 79
Report written to /var/tmp/m3-runtime-migration-20261002/jtreg-candidate-696/jtreg-final-default-report/html/report.html
Results written to /var/tmp/m3-runtime-migration-20261002/jtreg-candidate-696/jtreg-final-default-work
ENABLED_EXIT=143
Picked up JAVA_TOOL_OPTIONS: -Xms16m -Xmx256m
Directory "/var/tmp/m3-runtime-migration-20261002/jtreg-candidate-696/jtreg-enabled-work" not found: creating
Directory "/var/tmp/m3-runtime-migration-20261002/jtreg-candidate-696/jtreg-enabled-report" not found: creating
Picked up JAVA_TOOL_OPTIONS: -Xms16m -Xmx256m
Picked up JAVA_TOOL_OPTIONS: -Xms16m -Xmx256m
Picked up JAVA_TOOL_OPTIONS: -Xms16m -Xmx256m
Picked up JAVA_TOOL_OPTIONS: -Xms16m -Xmx256m
Picked up JAVA_TOOL_OPTIONS: -Xms16m -Xmx256m
JTREG_MATCHED_RESULTS {'jtreg-final-default': {'Passed': 86, 'Failed': 0, 'Error': 0, 'unknown': 0}, 'jtreg-enabled': {'Passed': 13, 'Failed': 0, 'Error': 0, 'unknown': 0}}
/var/tmp/m3-runtime-migration-20261002/source-native/build/linux-x86_64-server-fastdebug/images/jdk/release: OK
/var/tmp/m3-runtime-migration-20261002/source-native/build/linux-x86_64-server-fastdebug/images/jdk/bin/java: OK
/var/tmp/m3-runtime-migration-20261002/source-native/build/linux-x86_64-server-fastdebug/images/jdk/lib/modules: OK
/var/tmp/m3-runtime-migration-20261002/source-native/build/linux-x86_64-server-fastdebug/images/jdk/lib/server/libjvm.so: OK
/var/tmp/m3-runtime-migration-20261002/source-native/build/linux-x86_64-server-fastdebug/images/jdk/lib/libjava.so: OK
FINISH_UTC=2026-10-02T03:38:57Z
