[INFO] Scanning for projects...
[INFO] 
[INFO] -----------------< com.m3.verification:jcc-ci-repair >------------------
[INFO] Building jcc-ci-repair 20261006
[INFO]   from pom.xml
[INFO] --------------------------------[ jar ]---------------------------------
[INFO] 
[INFO] --- resources:3.3.1:resources (default-resources) @ jcc-ci-repair ---
[INFO] Copying 9 resources from ../../../src/main/resources to target/classes
[INFO] 
[INFO] --- compiler:3.13.0:compile (default-compile) @ jcc-ci-repair ---
[INFO] Recompiling the module because of changed source code.
[INFO] Compiling 2 source files with javac [debug release 21] to target/classes
[INFO] 
[INFO] --- resources:3.3.1:testResources (default-testResources) @ jcc-ci-repair ---
[INFO] skip non existing resourceDirectory /workspace/scratch/1c68df1bae79/javac-convergence-20261006/current-ci/repair-candidate/execution/maven-workspace/m3/tooling/migration-recipes/tasks/jcc-ci-repair-20261006/verification/src/test/resources
[INFO] 
[INFO] --- compiler:3.13.0:testCompile (default-testCompile) @ jcc-ci-repair ---
[INFO] Recompiling the module because of changed dependency.
[INFO] Compiling 1 source file with javac [debug release 21] to target/test-classes
[INFO] 
[INFO] --- surefire:3.2.5:test (default-test) @ jcc-ci-repair ---
[INFO] Using auto detected provider org.apache.maven.surefire.junitplatform.JUnitPlatformProvider
[INFO] 
[INFO] -------------------------------------------------------
[INFO]  T E S T S
[INFO] -------------------------------------------------------
[INFO] Running com.m3.rewrite.backport.JccCiRepairTest
SLF4J: Failed to load class "org.slf4j.impl.StaticLoggerBinder".
SLF4J: Defaulting to no-operation (NOP) logger implementation
SLF4J: See http://www.slf4j.org/codes.html#StaticLoggerBinder for further details.
[ERROR] Tests run: 8, Failures: 1, Errors: 0, Skipped: 0, Time elapsed: 1.355 s <<< FAILURE! -- in com.m3.rewrite.backport.JccCiRepairTest
[ERROR] com.m3.rewrite.backport.JccCiRepairTest.retainedOwnerProducesExactlyThreeOutputsAndPreservesIdentityAtFixedPoint -- Time elapsed: 0.024 s <<< FAILURE!
org.opentest4j.AssertionFailedError: expected: <Markers(id=08c7dedc-4c67-4334-b6e6-9519bbd5eb34, markers=[])> but was: <Markers(id=08c7dedc-4c67-4334-b6e6-9519bbd5eb34, markers=[RecipesThatMadeChanges(id=d162df01-fbfa-4b86-9923-4ba73850e041, recipes=[[com.m3.rewrite.backport.M3Jdk21HashPinnedTextSnapshotRecipe@3cceba25]])])>
	at org.junit.jupiter.api.AssertionFailureBuilder.build(AssertionFailureBuilder.java:151)
	at org.junit.jupiter.api.AssertionFailureBuilder.buildAndThrow(AssertionFailureBuilder.java:132)
	at org.junit.jupiter.api.AssertEquals.failNotEqual(AssertEquals.java:197)
	at org.junit.jupiter.api.AssertEquals.assertEquals(AssertEquals.java:182)
	at org.junit.jupiter.api.AssertEquals.assertEquals(AssertEquals.java:177)
	at org.junit.jupiter.api.Assertions.assertEquals(Assertions.java:1145)
	at com.m3.rewrite.backport.JccCiRepairTest.retainedOwnerProducesExactlyThreeOutputsAndPreservesIdentityAtFixedPoint(JccCiRepairTest.java:75)
	at java.base/java.lang.reflect.Method.invoke(Method.java:580)
	at java.base/java.util.ArrayList.forEach(ArrayList.java:1596)
	at java.base/java.util.ArrayList.forEach(ArrayList.java:1596)

[INFO] 
[INFO] Results:
[INFO] 
[ERROR] Failures: 
[ERROR]   JccCiRepairTest.retainedOwnerProducesExactlyThreeOutputsAndPreservesIdentityAtFixedPoint:75 expected: <Markers(id=08c7dedc-4c67-4334-b6e6-9519bbd5eb34, markers=[])> but was: <Markers(id=08c7dedc-4c67-4334-b6e6-9519bbd5eb34, markers=[RecipesThatMadeChanges(id=d162df01-fbfa-4b86-9923-4ba73850e041, recipes=[[com.m3.rewrite.backport.M3Jdk21HashPinnedTextSnapshotRecipe@3cceba25]])])>
[INFO] 
[ERROR] Tests run: 8, Failures: 1, Errors: 0, Skipped: 0
[INFO] 
[INFO] ------------------------------------------------------------------------
[INFO] BUILD FAILURE
[INFO] ------------------------------------------------------------------------
[INFO] Total time:  3.572 s
[INFO] Finished at: 2026-10-06T13:18:04+09:00
[INFO] ------------------------------------------------------------------------
[ERROR] Failed to execute goal org.apache.maven.plugins:maven-surefire-plugin:3.2.5:test (default-test) on project jcc-ci-repair: There are test failures.
[ERROR] 
[ERROR] Please refer to /workspace/scratch/1c68df1bae79/javac-convergence-20261006/current-ci/repair-candidate/execution/maven-workspace/m3/tooling/migration-recipes/tasks/jcc-ci-repair-20261006/verification/target/surefire-reports for the individual test results.
[ERROR] Please refer to dump files (if any exist) [date].dump, [date]-jvmRun[N].dump and [date].dumpstream.
[ERROR] -> [Help 1]
[ERROR] 
[ERROR] To see the full stack trace of the errors, re-run Maven with the -e switch.
[ERROR] Re-run Maven using the -X switch to enable full debug logging.
[ERROR] 
[ERROR] For more information about the errors and possible solutions, please read the following articles:
[ERROR] [Help 1] http://cwiki.apache.org/confluence/display/MAVEN/MojoFailureException
