[main] WARN org.openrewrite.config.ClasspathScanningLoader - Unable to configure com.synexia.rewrite.M3HashPinnedJavaSnapshotRecipe
org.openrewrite.config.RecipeIntrospectionException: Unable to call primary constructor for Recipe class com.synexia.rewrite.M3HashPinnedJavaSnapshotRecipe
	at org.openrewrite.internal.RecipeIntrospectionUtils.getRecipeIntrospectionException(RecipeIntrospectionUtils.java:154)
	at org.openrewrite.internal.RecipeIntrospectionUtils.construct(RecipeIntrospectionUtils.java:139)
	at org.openrewrite.internal.RecipeIntrospectionUtils.constructRecipe(RecipeIntrospectionUtils.java:102)
	at org.openrewrite.config.ClasspathScanningLoader.configureRecipes(ClasspathScanningLoader.java:175)
	at org.openrewrite.config.ClasspathScanningLoader.scanClasses(ClasspathScanningLoader.java:145)
	at org.openrewrite.config.ClasspathScanningLoader.<init>(ClasspathScanningLoader.java:60)
	at org.openrewrite.config.Environment$Builder.scanRuntimeClasspath(Environment.java:224)
	at com.synexia.rewrite.M3OpenRewriteInventory.discover(M3OpenRewriteInventory.java:55)
	at com.synexia.rewrite.PcsTest.discoversExactlyOneLocalPcsCapability(PcsTest.java:87)
	at com.synexia.rewrite.PcsTest.main(PcsTest.java:209)
Caused by: java.lang.reflect.InvocationTargetException
	at java.base/jdk.internal.reflect.DirectConstructorHandleAccessor.newInstance(DirectConstructorHandleAccessor.java:74)
	at java.base/java.lang.reflect.Constructor.newInstanceWithCaller(Constructor.java:502)
	at java.base/java.lang.reflect.Constructor.newInstance(Constructor.java:486)
	at org.openrewrite.internal.RecipeIntrospectionUtils.construct(RecipeIntrospectionUtils.java:136)
	... 8 more
Caused by: java.lang.IllegalArgumentException: invalid hash-pinned Java crate
	at com.synexia.rewrite.M3HashPinnedJavaSnapshotRecipe.<init>(M3HashPinnedJavaSnapshotRecipe.java:76)
	at java.base/jdk.internal.reflect.DirectConstructorHandleAccessor.newInstance(DirectConstructorHandleAccessor.java:62)
	... 11 more
[main] WARN org.openrewrite.config.ClasspathScanningLoader - Unable to configure com.synexia.rewrite.M3HashPinnedJavaSnapshotRecipe
org.openrewrite.config.RecipeIntrospectionException: Unable to call primary constructor for Recipe class com.synexia.rewrite.M3HashPinnedJavaSnapshotRecipe
	at org.openrewrite.internal.RecipeIntrospectionUtils.getRecipeIntrospectionException(RecipeIntrospectionUtils.java:154)
	at org.openrewrite.internal.RecipeIntrospectionUtils.construct(RecipeIntrospectionUtils.java:139)
	at org.openrewrite.internal.RecipeIntrospectionUtils.constructRecipe(RecipeIntrospectionUtils.java:102)
	at org.openrewrite.config.ClasspathScanningLoader.configureRecipes(ClasspathScanningLoader.java:175)
	at org.openrewrite.config.ClasspathScanningLoader.scanClasses(ClasspathScanningLoader.java:146)
	at org.openrewrite.config.ClasspathScanningLoader.<init>(ClasspathScanningLoader.java:60)
	at org.openrewrite.config.Environment$Builder.scanRuntimeClasspath(Environment.java:224)
	at com.synexia.rewrite.M3OpenRewriteInventory.discover(M3OpenRewriteInventory.java:55)
	at com.synexia.rewrite.PcsTest.discoversExactlyOneLocalPcsCapability(PcsTest.java:87)
	at com.synexia.rewrite.PcsTest.main(PcsTest.java:209)
Caused by: java.lang.reflect.InvocationTargetException
	at java.base/jdk.internal.reflect.DirectConstructorHandleAccessor.newInstance(DirectConstructorHandleAccessor.java:74)
	at java.base/java.lang.reflect.Constructor.newInstanceWithCaller(Constructor.java:502)
	at java.base/java.lang.reflect.Constructor.newInstance(Constructor.java:486)
	at org.openrewrite.internal.RecipeIntrospectionUtils.construct(RecipeIntrospectionUtils.java:136)
	... 8 more
Caused by: java.lang.IllegalArgumentException: invalid hash-pinned Java crate
	at com.synexia.rewrite.M3HashPinnedJavaSnapshotRecipe.<init>(M3HashPinnedJavaSnapshotRecipe.java:76)
	at java.base/jdk.internal.reflect.DirectConstructorHandleAccessor.newInstance(DirectConstructorHandleAccessor.java:62)
	... 11 more
