[INFO] Scanning for projects...
[INFO] 
[INFO] ----------------------< com.m3:m3-synexia-import >----------------------
[INFO] Building M3JDK21 Synexia Apache import verifier 0.1.0-SNAPSHOT
[INFO]   from pom.xml
[INFO] --------------------------------[ jar ]---------------------------------
[INFO] 
[INFO] --- exec:3.5.0:exec (default-cli) @ m3-synexia-import ---
mvn.cmd : Exception in thread "main" java.lang.IllegalStateException: Synexia source hash drift: synexia-indexstring/src/main/java/com/synexia/indexstring/MIndexRegexProgram.java expected=9999e8afe1ec44de58edd644c0ca278415fb7a379f6cdacfe9dbf7011ed77131 actual=e4b15427340171d01e0abf6da50b2f7fa0382f0c2f8dc9c563df7cac62f9189e
At line:2 char:827
+ ... in:3.5.0:exec'); $taskText=(& $taskMvn @taskMvnArguments *>&1 | Out-S ...
+                                 ~~~~~~~~~~~~~~~~~~~~~~~~~~~~~~~~~
    + CategoryInfo          : NotSpecified: (Exception in th...3df7cac62f9189e:String) [], RemoteException
    + FullyQualifiedErrorId : NativeCommandError
 
	at com.m3.synexia.importer.SynexiaImporter.verifySources(SynexiaImporter.java:63)
	at com.m3.synexia.importer.SynexiaImporter.verify(SynexiaImporter.java:21)
	at com.m3.synexia.importer.SynexiaImporter.materialize(SynexiaImporter.java:98)
	at com.m3.synexia.importer.SynexiaImportCli.main(SynexiaImportCli.java:24)
[ERROR] Command execution failed.
org.apache.commons.exec.ExecuteException: Process exited with an error: 1 (Exit value: 1)
    at org.apache.commons.exec.DefaultExecutor.executeInternal (DefaultExecutor.java:355)
    at org.apache.commons.exec.DefaultExecutor.execute (DefaultExecutor.java:253)
    at org.codehaus.mojo.exec.ExecMojo.executeCommandLine (ExecMojo.java:903)
    at org.codehaus.mojo.exec.ExecMojo.executeCommandLine (ExecMojo.java:863)
    at org.codehaus.mojo.exec.ExecMojo.execute (ExecMojo.java:454)
    at org.apache.maven.plugin.DefaultBuildPluginManager.executeMojo (DefaultBuildPluginManager.java:126)
    at org.apache.maven.lifecycle.internal.MojoExecutor.doExecute2 (MojoExecutor.java:328)
    at org.apache.maven.lifecycle.internal.MojoExecutor.doExecute (MojoExecutor.java:316)
    at org.apache.maven.lifecycle.internal.MojoExecutor.execute (MojoExecutor.java:212)
    at org.apache.maven.lifecycle.internal.MojoExecutor.execute (MojoExecutor.java:174)
    at org.apache.maven.lifecycle.internal.MojoExecutor.access$000 (MojoExecutor.java:75)
    at org.apache.maven.lifecycle.internal.MojoExecutor$1.run (MojoExecutor.java:162)
    at org.apache.maven.plugin.DefaultMojosExecutionStrategy.execute (DefaultMojosExecutionStrategy.java:39)
    at org.apache.maven.lifecycle.internal.MojoExecutor.execute (MojoExecutor.java:159)
    at org.apache.maven.lifecycle.internal.LifecycleModuleBuilder.buildProject (LifecycleModuleBuilder.java:105)
    at org.apache.maven.lifecycle.internal.LifecycleModuleBuilder.buildProject (LifecycleModuleBuilder.java:73)
    at org.apache.maven.lifecycle.internal.builder.singlethreaded.SingleThreadedBuilder.build (SingleThreadedBuilder.java:53)
    at org.apache.maven.lifecycle.internal.LifecycleStarter.execute (LifecycleStarter.java:118)
    at org.apache.maven.DefaultMaven.doExecute (DefaultMaven.java:261)
    at org.apache.maven.DefaultMaven.doExecute (DefaultMaven.java:173)
    at org.apache.maven.DefaultMaven.execute (DefaultMaven.java:101)
    at org.apache.maven.cli.MavenCli.execute (MavenCli.java:919)
    at org.apache.maven.cli.MavenCli.doMain (MavenCli.java:285)
    at org.apache.maven.cli.MavenCli.main (MavenCli.java:207)
    at jdk.internal.reflect.DirectMethodHandleAccessor.invoke (DirectMethodHandleAccessor.java:103)
    at java.lang.reflect.Method.invoke (Method.java:580)
    at org.codehaus.plexus.classworlds.launcher.Launcher.launchEnhanced (Launcher.java:255)
    at org.codehaus.plexus.classworlds.launcher.Launcher.launch (Launcher.java:201)
    at org.codehaus.plexus.classworlds.launcher.Launcher.mainWithExitCode (Launcher.java:361)
    at org.codehaus.plexus.classworlds.launcher.Launcher.main (Launcher.java:314)
[INFO] ------------------------------------------------------------------------
[INFO] BUILD FAILURE
[INFO] ------------------------------------------------------------------------
[INFO] Total time:  0.405 s
[INFO] Finished at: 2026-10-07T12:13:20+05:30
[INFO] ------------------------------------------------------------------------
[ERROR] Failed to execute goal org.codehaus.mojo:exec-maven-plugin:3.5.0:exec (default-cli) on project m3-synexia-import: Command execution failed. Process exited with an error: 1 (Exit value: 1) -> [Help 1]
[ERROR] 
[ERROR] To see the full stack trace of the errors, re-run Maven with the -e switch.
[ERROR] Re-run Maven using the -X switch to enable full debug logging.
[ERROR] 
[ERROR] For more information about the errors and possible solutions, please read the following articles:
[ERROR] [Help 1] http://cwiki.apache.org/confluence/display/MAVEN/MojoExecutionException
