{"stage": "compile", "commandIndex": 1, "executable": "/workspace/scratch/5809f5dce3dd/provider-superset-20261005/toolchain/apache-maven-3.9.9/bin/mvn"}
[INFO] Scanning for projects...
[INFO] 
[INFO] ------< com.synexia.verification:mrc-current-bootstrap-20261005 >-------
[INFO] Building Mrc4 current exact-source qualification 1.0.0
[INFO]   from pom.xml
[INFO] --------------------------------[ jar ]---------------------------------
[INFO] 
[INFO] --- resources:3.3.1:resources (default-resources) @ mrc-current-bootstrap-20261005 ---
[INFO] Copying 15 resources from ../sources/synexia-openrewrite-recipes/src/main/resources to ../target/classes
[INFO] 
[INFO] --- compiler:3.13.0:compile (default-compile) @ mrc-current-bootstrap-20261005 ---
[INFO] Recompiling the module because of changed source code.
[INFO] Compiling 9 source files with javac [debug release 21] to ../target/classes
[INFO] 
[INFO] --- resources:3.3.1:testResources (default-testResources) @ mrc-current-bootstrap-20261005 ---
[INFO] Copying 7 resources from ../sources/synexia-openrewrite-recipes/verification/mre-20261005/closure-bootstrap-v4/src/test/resources to ../target/test-classes
[INFO] 
[INFO] --- compiler:3.13.0:testCompile (default-testCompile) @ mrc-current-bootstrap-20261005 ---
[INFO] Recompiling the module because of changed dependency.
[INFO] Compiling 2 source files with javac [debug release 21] to ../target/test-classes
[INFO] ------------------------------------------------------------------------
[INFO] BUILD SUCCESS
[INFO] ------------------------------------------------------------------------
[INFO] Total time:  2.338 s
[INFO] Finished at: 2026-10-05T12:01:25+02:00
[INFO] ------------------------------------------------------------------------
{"artifacts": 52, "artifactManifestSHA256": "60f46bd863f6531f6c873bdcc27bfd3de79e1d6bd01b0fa732157a84d04040fc"}
