[INFO] Scanning for projects...
[INFO] 
[INFO] ---------------< com.m3.verification:jcc-ci-a3-behavior >---------------
[INFO] Building jcc-ci-a3-behavior 20261006
[INFO]   from pom.xml
[INFO] --------------------------------[ jar ]---------------------------------
[INFO] 
[INFO] --- resources:3.3.1:resources (default-resources) @ jcc-ci-a3-behavior ---
[INFO] Copying 11 resources from ../../../src/main/resources to target/classes
[INFO] 
[INFO] --- compiler:3.13.0:compile (default-compile) @ jcc-ci-a3-behavior ---
[INFO] Recompiling the module because of changed source code.
[INFO] Compiling 2 source files with javac [debug release 21] to target/classes
[INFO] 
[INFO] --- resources:3.3.1:testResources (default-testResources) @ jcc-ci-a3-behavior ---
[INFO] Copying 5 resources from ../../../src/test/resources to target/test-classes
[INFO] 
[INFO] --- compiler:3.13.0:testCompile (default-testCompile) @ jcc-ci-a3-behavior ---
[INFO] Recompiling the module because of changed dependency.
[INFO] Compiling 2 source files with javac [debug release 21] to target/test-classes
[INFO] 
[INFO] --- surefire:3.2.5:test (default-test) @ jcc-ci-a3-behavior ---
[INFO] Using auto detected provider org.apache.maven.surefire.junitplatform.JUnitPlatformProvider
[INFO] 
[INFO] -------------------------------------------------------
[INFO]  T E S T S
[INFO] -------------------------------------------------------
[INFO] Running com.m3.rewrite.M3A3RegexMemoryWorkflowRecipeTest
SLF4J: Failed to load class "org.slf4j.impl.StaticLoggerBinder".
SLF4J: Defaulting to no-operation (NOP) logger implementation
SLF4J: See http://www.slf4j.org/codes.html#StaticLoggerBinder for further details.
[INFO] Tests run: 2, Failures: 0, Errors: 0, Skipped: 0, Time elapsed: 0.251 s -- in com.m3.rewrite.M3A3RegexMemoryWorkflowRecipeTest
[INFO] Running com.m3.rewrite.M3A3RegexMemoryLabDeliveryRecipeTest
[ERROR] Tests run: 2, Failures: 0, Errors: 1, Skipped: 0, Time elapsed: 3.325 s <<< FAILURE! -- in com.m3.rewrite.M3A3RegexMemoryLabDeliveryRecipeTest
[ERROR] com.m3.rewrite.M3A3RegexMemoryLabDeliveryRecipeTest.exactCurrentA3PreimagesAdvanceRegexMemoryLabAndReachFixedPoint -- Time elapsed: 3.318 s <<< ERROR!
java.lang.IllegalStateException: Java template parse/format drift: src/main/java/com/m3/a3/A3RegexMatrix.java
	at com.synexia.rewrite.M3HashPinnedJavaSnapshotRecipe.parse(M3HashPinnedJavaSnapshotRecipe.java:227)
	at com.synexia.rewrite.M3HashPinnedJavaSnapshotRecipe.prepare(M3HashPinnedJavaSnapshotRecipe.java:194)
	at com.synexia.rewrite.M3HashPinnedJavaSnapshotRecipe.generate(M3HashPinnedJavaSnapshotRecipe.java:135)
	at com.synexia.rewrite.M3HashPinnedJavaSnapshotRecipe.generate(M3HashPinnedJavaSnapshotRecipe.java:43)
	at org.openrewrite.ScanningRecipe.generate(ScanningRecipe.java:63)
	at org.openrewrite.scheduling.RecipeRunCycle.lambda$generateSources$4(RecipeRunCycle.java:113)
	at org.openrewrite.scheduling.RecipeStack.reduce(RecipeStack.java:57)
	at org.openrewrite.scheduling.RecipeRunCycle.generateSources(RecipeRunCycle.java:108)
	at org.openrewrite.RecipeScheduler.runRecipeCycles(RecipeScheduler.java:85)
	at org.openrewrite.RecipeScheduler.scheduleRun(RecipeScheduler.java:41)
	at org.openrewrite.Recipe.run(Recipe.java:344)
	at org.openrewrite.Recipe.run(Recipe.java:340)
	at com.m3.rewrite.M3A3RegexMemoryLabDeliveryRecipeTest.apply(M3A3RegexMemoryLabDeliveryRecipeTest.java:82)
	at com.m3.rewrite.M3A3RegexMemoryLabDeliveryRecipeTest.exactCurrentA3PreimagesAdvanceRegexMemoryLabAndReachFixedPoint(M3A3RegexMemoryLabDeliveryRecipeTest.java:40)
	at java.base/java.lang.reflect.Method.invoke(Method.java:580)
	at java.base/java.util.ArrayList.forEach(ArrayList.java:1596)
	at java.base/java.util.ArrayList.forEach(ArrayList.java:1596)

[INFO] 
[INFO] Results:
[INFO] 
[ERROR] Errors: 
[ERROR]   M3A3RegexMemoryLabDeliveryRecipeTest.exactCurrentA3PreimagesAdvanceRegexMemoryLabAndReachFixedPoint:40->apply:82 » IllegalState Java template parse/format drift: src/main/java/com/m3/a3/A3RegexMatrix.java
[INFO] 
[ERROR] Tests run: 4, Failures: 0, Errors: 1, Skipped: 0
[INFO] 
[INFO] ------------------------------------------------------------------------
[INFO] BUILD FAILURE
[INFO] ------------------------------------------------------------------------
[INFO] Total time:  6.605 s
[INFO] Finished at: 2026-10-06T14:16:34+09:00
[INFO] ------------------------------------------------------------------------
[ERROR] Failed to execute goal org.apache.maven.plugins:maven-surefire-plugin:3.2.5:test (default-test) on project jcc-ci-a3-behavior: 
[ERROR] 
[ERROR] Please refer to /workspace/scratch/1c68df1bae79/javac-convergence-20261006/current-ci/a3-behavior-v01/workspace/m3/tooling/migration-recipes/tasks/jcc-ci-repair-20261006/a3-behavior-verification/target/surefire-reports for the individual test results.
[ERROR] Please refer to dump files (if any exist) [date].dump, [date]-jvmRun[N].dump and [date].dumpstream.
[ERROR] -> [Help 1]
[ERROR] 
[ERROR] To see the full stack trace of the errors, re-run Maven with the -e switch.
[ERROR] Re-run Maven using the -X switch to enable full debug logging.
[ERROR] 
[ERROR] For more information about the errors and possible solutions, please read the following articles:
[ERROR] [Help 1] http://cwiki.apache.org/confluence/display/MAVEN/MojoFailureException
