full source tree inventory is incomplete
semantic dependency/ownership closure is incomplete
pinned exhaustive inventory receipt is absent
uninspected domains remain
m3.p0-view-dependencies: pending
m3.p0-view-dependencies: synchronization gaps remain
synexia.frozen-chars: pending
synexia.frozen-chars: synchronization gaps remain
synexia.inventory-producer: pending
synexia.inventory-producer: synchronization gaps remain
synexia.inventory-cli: pending
synexia.inventory-cli: synchronization gaps remain
bridge.MIndexCanonicalBridge: pending
bridge.MIndexCanonicalBridge: synchronization gaps remain
bridge.MIndexDagDeferredSwap: pending
bridge.MIndexDagDeferredSwap: synchronization gaps remain
bridge.MIndexDagPage: pending
bridge.MIndexDagPage: synchronization gaps remain
bridge.MIndexDagPageCodec: pending
bridge.MIndexDagPageCodec: synchronization gaps remain
bridge.MIndexKnowledgeArgumentCompiler: pending
bridge.MIndexKnowledgeArgumentCompiler: synchronization gaps remain
bridge.MIndexKnowledgeArguments: pending
bridge.MIndexKnowledgeArguments: synchronization gaps remain
bridge.MIndexLexiconCoordinateCompilerCli: pending
bridge.MIndexLexiconCoordinateCompilerCli: synchronization gaps remain
bridge.MIndexLexiconCoordinateManifest: pending
bridge.MIndexLexiconCoordinateManifest: synchronization gaps remain
bridge.MIndexLexiconCoordinatePublisher: pending
bridge.MIndexLexiconCoordinatePublisher: synchronization gaps remain
bridge.MIndexLexiconCoordinateSpace: pending
bridge.MIndexLexiconCoordinateSpace: synchronization gaps remain
bridge.MIndexRuntimeStructuralAdapterProvider: pending
bridge.MIndexRuntimeStructuralAdapterProvider: synchronization gaps remain
bridge.MIndexStringConversionBridge: pending
bridge.MIndexStringConversionBridge: synchronization gaps remain
family.entire-source-closure: pending
family.entire-source-closure: synchronization gaps remain
family.structural-owners: pending
family.structural-owners: synchronization gaps remain
family.substring-conflict: pending
family.substring-conflict: synchronization gaps remain
family.word-facts: pending
family.word-facts: synchronization gaps remain
family.application-structures: pending
family.application-structures: synchronization gaps remain
route-a.canonical-storage: pending
route-a.canonical-storage: synchronization gaps remain
route-b.compiler-lowering: pending
route-b.compiler-lowering: synchronization gaps remain
route-c.complete-jdk: pending
route-c.complete-jdk: synchronization gaps remain
synexia.counterpart.MIndexVersionTable: implemented-unverified
synexia.counterpart.MIndexVersionTable: synchronization gaps remain
synexia.counterpart.MIndexLibraryRelease: implemented-unverified
synexia.counterpart.MIndexLibraryRelease: synchronization gaps remain
synexia.counterpart.MIndexVmSession: implemented-unverified
synexia.counterpart.MIndexVmSession: synchronization gaps remain
synexia.counterpart.MIndexVmPrecomputeKey: implemented-unverified
synexia.counterpart.MIndexVmPrecomputeKey: synchronization gaps remain
synexia.counterpart.MIndexClass: implemented-unverified
synexia.counterpart.MIndexClass: synchronization gaps remain
synexia.counterpart.MIndexClassIndex: implemented-unverified
synexia.counterpart.MIndexClassIndex: synchronization gaps remain
synexia.counterpart.MIndexAST: pending
synexia.counterpart.MIndexAST: synchronization gaps remain
synexia.counterpart.MIndexAST: unresolved dependency
synexia.counterpart.MIndexASTPrecompute: pending
synexia.counterpart.MIndexASTPrecompute: synchronization gaps remain
synexia.counterpart.MIndexASTPrecompute: unresolved dependency
synexia.counterpart.MIndexCompilerASTPrecompute: pending
synexia.counterpart.MIndexCompilerASTPrecompute: synchronization gaps remain
synexia.counterpart.MIndexCompilerASTPrecompute: unresolved dependency
synexia.counterpart.MIndexClassBoundary: implemented-unverified
synexia.counterpart.MIndexClassBoundary: synchronization gaps remain
synexia.counterpart.MIndexJvmDescriptor: implemented-unverified
synexia.counterpart.MIndexJvmDescriptor: synchronization gaps remain
synexia.counterpart.MIndexMember: implemented-unverified
synexia.counterpart.MIndexMember: synchronization gaps remain
synexia.counterpart.MIndexMemberKind: implemented-unverified
synexia.counterpart.MIndexMemberKind: synchronization gaps remain
synexia.counterpart.MIndexMemberFlags: implemented-unverified
synexia.counterpart.MIndexMemberFlags: synchronization gaps remain
synexia.counterpart.MIndexClassFlags: implemented-unverified
synexia.counterpart.MIndexClassFlags: synchronization gaps remain
synexia.counterpart.MIndexField: implemented-unverified
synexia.counterpart.MIndexField: synchronization gaps remain
synexia.counterpart.MIndexMethod: implemented-unverified
synexia.counterpart.MIndexMethod: synchronization gaps remain
synexia.counterpart.MIndexConstructor: implemented-unverified
synexia.counterpart.MIndexConstructor: synchronization gaps remain
synexia.counterpart.MIndexRecordComponent: implemented-unverified
synexia.counterpart.MIndexRecordComponent: synchronization gaps remain
synexia.jcc-recipe-laboratory: blocked
synexia.jcc-recipe-laboratory: synchronization gaps remain
synexia.jcc-recipe-laboratory: unresolved dependency
synexia.jcc-java-jni-regression: blocked
synexia.jcc-java-jni-regression: synchronization gaps remain
synexia.jcc-java-jni-regression: unresolved dependency
synexia.jcc-java-jni-regression: unresolved dependency
synexia.jcc-java-jni-regression: unresolved dependency
synexia.counterpart.MIndexRegexTrigramQuery: implemented-unverified
synexia.counterpart.MIndexRegexTrigramQuery: synchronization gaps remain
synexia.counterpart.MIndexRegexTrigramQuery: unresolved dependency
source-inventory: blocked
ownership-naming: open
source-owner-differential: open
maven-recipe-lifecycle: blocked
route-a-canonical-storage: open
route-b-lowering: open
route-c-complete-image: open
runtime-flag-off: open
runtime-enabled: failed
jit-intrinsics: open
gc-intern-jni-jvmti: open
cds-serialization-serviceability: open
string-unicode-regex: open
shared-generation-cross-process: open
windows-native: open
performance-memory: open
independent-audit: open
future-port-full-closure: open
target-baseline-drift: blocked
source default-branch tip changed since baseline; reconcile rather than silently repin
MIGRATION_MANIFEST_VALID completion=INCOMPLETE
