2026-10-05T12:33:28.2881166Z Current runner version: '2.337.0'
2026-10-05T12:33:28.2909292Z ##[group]Runner Image Provisioner
2026-10-05T12:33:28.2910266Z Hosted Compute Agent
2026-10-05T12:33:28.2911113Z Version: 20260901.588
2026-10-05T12:33:28.2911890Z Commit: f88ec8081b781fac6c440065ac7ff9e710ce3d0b
2026-10-05T12:33:28.2912788Z Build Date: 2026-09-01T19:56:44Z
2026-10-05T12:33:28.2913722Z Worker ID: {cc8c6c4e-5bee-4953-a2ea-addd7b5976e3}
2026-10-05T12:33:28.2914870Z Azure Region: westus2
2026-10-05T12:33:28.2915699Z ##[endgroup]
2026-10-05T12:33:28.2917698Z ##[group]Operating System
2026-10-05T12:33:28.2918541Z Ubuntu
2026-10-05T12:33:28.2919247Z 22.04.5
2026-10-05T12:33:28.2919886Z LTS
2026-10-05T12:33:28.2920593Z ##[endgroup]
2026-10-05T12:33:28.2921297Z ##[group]Runner Image
2026-10-05T12:33:28.2922006Z Image: ubuntu-22.04
2026-10-05T12:33:28.2922772Z Version: 20260927.309.1
2026-10-05T12:33:28.2924356Z Included Software: https://github.com/actions/runner-images/blob/ubuntu22/20260927.309/images/ubuntu/Ubuntu2204-Readme.md
2026-10-05T12:33:28.2926256Z Image Release: https://github.com/actions/runner-images/releases/tag/ubuntu22%2F20260927.309
2026-10-05T12:33:28.2927296Z ##[endgroup]
2026-10-05T12:33:28.2928748Z ##[group]GITHUB_TOKEN Permissions
2026-10-05T12:33:28.2931140Z Contents: read
2026-10-05T12:33:28.2931855Z Metadata: read
2026-10-05T12:33:28.2932512Z ##[endgroup]
2026-10-05T12:33:28.2935322Z Secret source: Actions
2026-10-05T12:33:28.2936366Z Cache mode: write
2026-10-05T12:33:28.2937249Z Prepare workflow directory
2026-10-05T12:33:28.3296097Z Prepare all required actions
2026-10-05T12:33:28.3346550Z Getting action download info
2026-10-05T12:33:28.6953634Z Download action repository 'actions/upload-artifact@ea165f8d65b6e75b540449e92b4886f43607fa02' (SHA:ea165f8d65b6e75b540449e92b4886f43607fa02)
2026-10-05T12:33:28.9638853Z Complete job name: verify-recipes
2026-10-05T12:33:29.0456622Z ##[group]Run set -euo pipefail
2026-10-05T12:33:29.0457307Z [36;1mset -euo pipefail[0m
2026-10-05T12:33:29.0457852Z [36;1mtest -n "$HEAD_SHA"[0m
2026-10-05T12:33:29.0458443Z [36;1mcurl --fail --location --retry 3 \[0m
2026-10-05T12:33:29.0459278Z [36;1m  "https://codeload.github.com/${GITHUB_REPOSITORY}/tar.gz/${HEAD_SHA}" \[0m
2026-10-05T12:33:29.0460100Z [36;1m  -o "$RUNNER_TEMP/repo.tar.gz"[0m
2026-10-05T12:33:29.0460694Z [36;1mmkdir -p "$RUNNER_TEMP/repo"[0m
2026-10-05T12:33:29.0461670Z [36;1mtar -xzf "$RUNNER_TEMP/repo.tar.gz" -C "$RUNNER_TEMP/repo" --strip-components=1[0m
2026-10-05T12:33:29.0462810Z [36;1mprintf 'REPO=%s\n' "$RUNNER_TEMP/repo" >> "$GITHUB_ENV"[0m
2026-10-05T12:33:29.0871723Z shell: /usr/bin/bash --noprofile --norc -e -o pipefail {0}
2026-10-05T12:33:29.0872871Z env:
2026-10-05T12:33:29.0873472Z   HEAD_SHA: 5c1ee9490e76943dfdb3ca27fade0d093d017226
2026-10-05T12:33:29.0874607Z ##[endgroup]
2026-10-05T12:33:29.1139084Z   % Total    % Received % Xferd  Average Speed   Time    Time     Time  Current
2026-10-05T12:33:29.1140161Z                                  Dload  Upload   Total   Spent    Left  Speed
2026-10-05T12:33:29.1140667Z 
2026-10-05T12:33:29.6000781Z   0     0    0     0    0     0      0      0 --:--:-- --:--:-- --:--:--     0
2026-10-05T12:33:30.5869658Z 100  800k    0  800k    0     0  1637k      0 --:--:-- --:--:-- --:--:-- 1635k
2026-10-05T12:33:31.5830952Z 100 10.0M    0 10.0M    0     0  6946k      0 --:--:--  0:00:01 --:--:-- 6946k
2026-10-05T12:33:32.6040863Z 100 15.0M    0 15.0M    0     0  6230k      0 --:--:--  0:00:02 --:--:-- 6231k
2026-10-05T12:33:33.5830325Z 100 20.7M    0 20.7M    0     0  6084k      0 --:--:--  0:00:03 --:--:-- 6083k
2026-10-05T12:33:34.5901867Z 100 28.1M    0 28.1M    0     0  6441k      0 --:--:--  0:00:04 --:--:-- 6441k
2026-10-05T12:33:35.5963271Z 100 33.2M    0 33.2M    0     0  6215k      0 --:--:--  0:00:05 --:--:-- 6663k
2026-10-05T12:33:36.5829589Z 100 39.2M    0 39.2M    0     0  6198k      0 --:--:--  0:00:06 --:--:-- 5979k
2026-10-05T12:33:37.6006449Z 100 45.0M    0 45.0M    0     0  6174k      0 --:--:--  0:00:07 --:--:-- 6146k
2026-10-05T12:33:38.5944405Z 100 50.5M    0 50.5M    0     0  6101k      0 --:--:--  0:00:08 --:--:-- 6113k
2026-10-05T12:33:39.5843126Z 100 56.5M    0 56.5M    0     0  6102k      0 --:--:--  0:00:09 --:--:-- 5799k
2026-10-05T12:33:40.6358549Z 100 62.7M    0 62.7M    0     0  6136k      0 --:--:--  0:00:10 --:--:-- 6047k
2026-10-05T12:33:41.5891577Z 100 67.8M    0 67.8M    0     0  6026k      0 --:--:--  0:00:11 --:--:-- 5806k
2026-10-05T12:33:42.5829629Z 100 73.0M    0 73.0M    0     0  5992k      0 --:--:--  0:00:12 --:--:-- 5722k
2026-10-05T12:33:43.6087493Z 100 79.2M    0 79.2M    0     0  6024k      0 --:--:--  0:00:13 --:--:-- 5892k
2026-10-05T12:33:44.6061586Z 100 84.5M    0 84.5M    0     0  5968k      0 --:--:--  0:00:14 --:--:-- 5717k
2026-10-05T12:33:45.5848897Z 100 89.2M    0 89.2M    0     0  5901k      0 --:--:--  0:00:15 --:--:-- 5413k
2026-10-05T12:33:46.5981291Z 100 95.9M    0 95.9M    0     0  5965k      0 --:--:--  0:00:16 --:--:-- 5821k
2026-10-05T12:33:47.5828757Z 100  103M    0  103M    0     0  6076k      0 --:--:--  0:00:17 --:--:-- 6286k
2026-10-05T12:33:48.5829166Z 100  109M    0  109M    0     0  6057k      0 --:--:--  0:00:18 --:--:-- 6145k
2026-10-05T12:33:48.6268044Z 100  115M    0  115M    0     0  6096k      0 --:--:--  0:00:19 --:--:-- 6467k
2026-10-05T12:33:48.6269641Z 100  116M    0  116M    0     0  6087k      0 --:--:--  0:00:19 --:--:-- 6803k
2026-10-05T12:33:53.4472292Z ##[group]Run set -euo pipefail
2026-10-05T12:33:53.4472657Z [36;1mset -euo pipefail[0m
2026-10-05T12:33:53.4472952Z [36;1mcurl --fail --location --retry 3 \[0m
2026-10-05T12:33:53.4473734Z [36;1m  'https://github.com/adoptium/temurin21-binaries/releases/download/jdk-21%2B35/OpenJDK21U-jdk_x64_linux_hotspot_21_35.tar.gz' \[0m
2026-10-05T12:33:53.4474607Z [36;1m  -o "$RUNNER_TEMP/jdk21.tar.gz"[0m
2026-10-05T12:33:53.4474904Z [36;1mprintf '%s  %s\n' \[0m
2026-10-05T12:33:53.4475280Z [36;1m  '82f64c53acaa045370d6762ebd7441b74e6fda14b464d54d1ff8ca941ec069e6' \[0m
2026-10-05T12:33:53.4475760Z [36;1m  "$RUNNER_TEMP/jdk21.tar.gz" | sha256sum --check -[0m
2026-10-05T12:33:53.4476189Z [36;1mtar -xzf "$RUNNER_TEMP/jdk21.tar.gz" -C "$RUNNER_TEMP"[0m
2026-10-05T12:33:53.4476694Z [36;1mprintf 'JAVA_HOME=%s\n' "$RUNNER_TEMP/jdk-21+35" >> "$GITHUB_ENV"[0m
2026-10-05T12:33:53.4477147Z [36;1mprintf '%s\n' "$RUNNER_TEMP/jdk-21+35/bin" >> "$GITHUB_PATH"[0m
2026-10-05T12:33:53.4551650Z shell: /usr/bin/bash --noprofile --norc -e -o pipefail {0}
2026-10-05T12:33:53.4552008Z env:
2026-10-05T12:33:53.4552217Z   REPO: /home/runner/work/_temp/repo
2026-10-05T12:33:53.4552496Z ##[endgroup]
2026-10-05T12:33:53.4708690Z   % Total    % Received % Xferd  Average Speed   Time    Time     Time  Current
2026-10-05T12:33:53.4709788Z                                  Dload  Upload   Total   Spent    Left  Speed
2026-10-05T12:33:53.4710555Z 
2026-10-05T12:33:53.6309893Z   0     0    0     0    0     0      0      0 --:--:-- --:--:-- --:--:--     0
2026-10-05T12:33:53.6311224Z   0     0    0     0    0     0      0      0 --:--:-- --:--:-- --:--:--     0
2026-10-05T12:33:53.6312365Z   0     0    0     0    0     0      0      0 --:--:-- --:--:-- --:--:--     0
2026-10-05T12:33:54.4361931Z 
2026-10-05T12:33:54.4362635Z 100  198M  100  198M    0     0   205M      0 --:--:-- --:--:-- --:--:--  205M
2026-10-05T12:33:55.2415904Z /home/runner/work/_temp/jdk21.tar.gz: OK
2026-10-05T12:33:57.5904805Z ##[group]Run set -euo pipefail
2026-10-05T12:33:57.5905200Z [36;1mset -euo pipefail[0m
2026-10-05T12:33:57.5905448Z [36;1mjava -version[0m
2026-10-05T12:33:57.5905671Z [36;1mmvn -version[0m
2026-10-05T12:33:57.5906023Z [36;1mmvn -B -ntp -f "$REPO/m3/tooling/migration-recipes/pom.xml" clean verify[0m
2026-10-05T12:33:57.5984551Z shell: /usr/bin/bash --noprofile --norc -e -o pipefail {0}
2026-10-05T12:33:57.5984916Z env:
2026-10-05T12:33:57.5985123Z   REPO: /home/runner/work/_temp/repo
2026-10-05T12:33:57.5985490Z   JAVA_HOME: /home/runner/work/_temp/jdk-21+35
2026-10-05T12:33:57.5985787Z ##[endgroup]
2026-10-05T12:33:57.6503272Z openjdk version "21" 2023-09-19 LTS
2026-10-05T12:33:57.6505435Z OpenJDK Runtime Environment Temurin-21+35 (build 21+35-LTS)
2026-10-05T12:33:57.6506256Z OpenJDK 64-Bit Server VM Temurin-21+35 (build 21+35-LTS, mixed mode, sharing)
2026-10-05T12:33:58.4796007Z Apache Maven 3.9.16 (2bdd9fddda4b155ebf8000e807eb73fd829a51d5)
2026-10-05T12:33:58.4797055Z Maven home: /usr/share/apache-maven-3.9.16
2026-10-05T12:33:58.4797859Z Java version: 21, vendor: Eclipse Adoptium, runtime: /home/runner/work/_temp/jdk-21+35
2026-10-05T12:33:58.4798702Z Default locale: en, platform encoding: UTF-8
2026-10-05T12:33:58.4799532Z OS name: "linux", version: "6.8.0-1064-azure", arch: "amd64", family: "unix"
2026-10-05T12:34:00.3301770Z [INFO] Scanning for projects...
2026-10-05T12:34:00.4168074Z [INFO] 
2026-10-05T12:34:00.4205393Z [INFO] ------------------< com.m3.tooling:migration-recipes >------------------
2026-10-05T12:34:00.4206569Z [INFO] Building migration-recipes 0.1.0-SNAPSHOT
2026-10-05T12:34:00.4207440Z [INFO]   from pom.xml
2026-10-05T12:34:00.4208201Z [INFO] --------------------------------[ jar ]---------------------------------
2026-10-05T12:34:05.7555383Z [INFO] 
2026-10-05T12:34:05.7556005Z [INFO] --- clean:3.2.0:clean (default-clean) @ migration-recipes ---
2026-10-05T12:34:06.1033479Z [INFO] 
2026-10-05T12:34:06.1034474Z [INFO] --- jacoco:0.8.15:prepare-agent (m3-coverage-agent) @ migration-recipes ---
2026-10-05T12:34:07.2388545Z [INFO] argLine set to -javaagent:/home/runner/.m2/repository/org/jacoco/org.jacoco.agent/0.8.15/org.jacoco.agent-0.8.15-runtime.jar=destfile=/home/runner/work/_temp/repo/m3/tooling/migration-recipes/target/jacoco.exec
2026-10-05T12:34:07.2405181Z [INFO] 
2026-10-05T12:34:07.2406336Z [INFO] --- resources:3.4.0:resources (default-resources) @ migration-recipes ---
2026-10-05T12:34:07.9991294Z [INFO] Copying 384 resources from src/main/resources to target/classes
2026-10-05T12:34:08.0689426Z [INFO] 
2026-10-05T12:34:08.0690256Z [INFO] --- compiler:3.13.0:compile (default-compile) @ migration-recipes ---
2026-10-05T12:34:08.7583385Z [INFO] Recompiling the module because of changed source code.
2026-10-05T12:34:08.7696811Z [INFO] Compiling 34 source files with javac [debug release 21] to target/classes
2026-10-05T12:34:10.4817426Z [INFO] 
2026-10-05T12:34:10.4863810Z [INFO] --- resources:3.4.0:testResources (default-testResources) @ migration-recipes ---
2026-10-05T12:34:10.4922334Z [INFO] Copying 56 resources from src/test/resources to target/test-classes
2026-10-05T12:34:10.5073867Z [INFO] 
2026-10-05T12:34:10.5105138Z [INFO] --- compiler:3.13.0:testCompile (default-testCompile) @ migration-recipes ---
2026-10-05T12:34:10.5235749Z [INFO] Recompiling the module because of changed dependency.
2026-10-05T12:34:10.5252106Z [INFO] Compiling 60 source files with javac [debug release 21] to target/test-classes
2026-10-05T12:34:10.7408410Z [INFO] -------------------------------------------------------------
2026-10-05T12:34:10.7409579Z [ERROR] COMPILATION ERROR : 
2026-10-05T12:34:10.7435952Z [INFO] -------------------------------------------------------------
2026-10-05T12:34:10.7481429Z [ERROR] /home/runner/work/_temp/repo/m3/tooling/migration-recipes/src/test/java/com/m3/rewrite/M3A3RegexMemoryLabDeliveryRecipeTest.java:[97,54] unclosed character literal
2026-10-05T12:34:10.7496086Z [ERROR] /home/runner/work/_temp/repo/m3/tooling/migration-recipes/src/test/java/com/m3/rewrite/M3A3RegexMemoryLabDeliveryRecipeTest.java:[98,53] ';' expected
2026-10-05T12:34:10.7498381Z [ERROR] /home/runner/work/_temp/repo/m3/tooling/migration-recipes/src/test/java/com/m3/rewrite/M3A3RegexMemoryWorkflowRecipeTest.java:[100,54] unclosed character literal
2026-10-05T12:34:10.7514266Z [ERROR] /home/runner/work/_temp/repo/m3/tooling/migration-recipes/src/test/java/com/m3/rewrite/M3A3RegexMemoryWorkflowRecipeTest.java:[101,53] ';' expected
2026-10-05T12:34:10.7515501Z [INFO] 4 errors 
2026-10-05T12:34:10.7516173Z [INFO] -------------------------------------------------------------
2026-10-05T12:34:10.7516870Z [INFO] ------------------------------------------------------------------------
2026-10-05T12:34:10.7517906Z [INFO] BUILD FAILURE
2026-10-05T12:34:10.7518449Z [INFO] ------------------------------------------------------------------------
2026-10-05T12:34:10.7519095Z [INFO] Total time:  10.445 s
2026-10-05T12:34:10.7519538Z [INFO] Finished at: 2026-10-05T12:34:10Z
2026-10-05T12:34:10.7520141Z [INFO] ------------------------------------------------------------------------
2026-10-05T12:34:10.7521685Z [ERROR] Failed to execute goal org.apache.maven.plugins:maven-compiler-plugin:3.13.0:testCompile (default-testCompile) on project migration-recipes: Compilation failure: Compilation failure: 
2026-10-05T12:34:10.7523325Z [ERROR] /home/runner/work/_temp/repo/m3/tooling/migration-recipes/src/test/java/com/m3/rewrite/M3A3RegexMemoryLabDeliveryRecipeTest.java:[97,54] unclosed character literal
2026-10-05T12:34:10.7525133Z [ERROR] /home/runner/work/_temp/repo/m3/tooling/migration-recipes/src/test/java/com/m3/rewrite/M3A3RegexMemoryLabDeliveryRecipeTest.java:[98,53] ';' expected
2026-10-05T12:34:10.7526326Z [ERROR] /home/runner/work/_temp/repo/m3/tooling/migration-recipes/src/test/java/com/m3/rewrite/M3A3RegexMemoryWorkflowRecipeTest.java:[100,54] unclosed character literal
2026-10-05T12:34:10.7527446Z [ERROR] /home/runner/work/_temp/repo/m3/tooling/migration-recipes/src/test/java/com/m3/rewrite/M3A3RegexMemoryWorkflowRecipeTest.java:[101,53] ';' expected
2026-10-05T12:34:10.7528156Z [ERROR] -> [Help 1]
2026-10-05T12:34:10.7528354Z [ERROR] 
2026-10-05T12:34:10.7528666Z [ERROR] To see the full stack trace of the errors, re-run Maven with the -e switch.
2026-10-05T12:34:10.7529143Z [ERROR] Re-run Maven using the -X switch to enable full debug logging.
2026-10-05T12:34:10.7529480Z [ERROR] 
2026-10-05T12:34:10.7529878Z [ERROR] For more information about the errors and possible solutions, please read the following articles:
2026-10-05T12:34:10.7530543Z [ERROR] [Help 1] http://cwiki.apache.org/confluence/display/MAVEN/MojoFailureException
2026-10-05T12:34:10.7906169Z ##[error]Process completed with exit code 1.
2026-10-05T12:34:10.8013604Z Cleaning up orphan processes
