2026-10-05T18:24:45.7837597Z Current runner version: '2.337.0'
2026-10-05T18:24:45.7861710Z ##[group]Runner Image Provisioner
2026-10-05T18:24:45.7862595Z Hosted Compute Agent
2026-10-05T18:24:45.7863320Z Version: 20260901.588
2026-10-05T18:24:45.7863979Z Commit: f88ec8081b781fac6c440065ac7ff9e710ce3d0b
2026-10-05T18:24:45.7865160Z Build Date: 2026-09-01T19:56:44Z
2026-10-05T18:24:45.7866032Z Worker ID: {aee37683-b18b-431d-bf92-32b78f7cb30f}
2026-10-05T18:24:45.7866815Z Azure Region: westus2
2026-10-05T18:24:45.7867482Z ##[endgroup]
2026-10-05T18:24:45.7869015Z ##[group]Operating System
2026-10-05T18:24:45.7869659Z Ubuntu
2026-10-05T18:24:45.7870336Z 22.04.5
2026-10-05T18:24:45.7870873Z LTS
2026-10-05T18:24:45.7871466Z ##[endgroup]
2026-10-05T18:24:45.7872065Z ##[group]Runner Image
2026-10-05T18:24:45.7872703Z Image: ubuntu-22.04
2026-10-05T18:24:45.7873390Z Version: 20260927.309.1
2026-10-05T18:24:45.7875059Z Included Software: https://github.com/actions/runner-images/blob/ubuntu22/20260927.309/images/ubuntu/Ubuntu2204-Readme.md
2026-10-05T18:24:45.7876802Z Image Release: https://github.com/actions/runner-images/releases/tag/ubuntu22%2F20260927.309
2026-10-05T18:24:45.7877812Z ##[endgroup]
2026-10-05T18:24:45.7879039Z ##[group]GITHUB_TOKEN Permissions
2026-10-05T18:24:45.7880945Z Contents: read
2026-10-05T18:24:45.7881693Z Metadata: read
2026-10-05T18:24:45.7882293Z ##[endgroup]
2026-10-05T18:24:45.7884621Z Secret source: Actions
2026-10-05T18:24:45.7885671Z Cache mode: write
2026-10-05T18:24:45.7886520Z Prepare workflow directory
2026-10-05T18:24:45.8226230Z Prepare all required actions
2026-10-05T18:24:45.8275594Z Getting action download info
2026-10-05T18:24:46.2053442Z Download action repository 'actions/checkout@v4' (SHA:11d5960a326750d5838078e36cf38b85af677262)
2026-10-05T18:24:46.3014358Z Download action repository 'actions/setup-java@v4' (SHA:cf277c60eb25467037889841efdb72551f06f6c3)
2026-10-05T18:24:46.6506000Z Download action repository 'actions/upload-artifact@ea165f8d65b6e75b540449e92b4886f43607fa02' (SHA:ea165f8d65b6e75b540449e92b4886f43607fa02)
2026-10-05T18:24:47.0332309Z Complete job name: dag-proof
2026-10-05T18:24:47.1176798Z ##[group]Run actions/checkout@v4
2026-10-05T18:24:47.1177770Z with:
2026-10-05T18:24:47.1178253Z   repository: hsoliwal/M3jdk21
2026-10-05T18:24:47.1182393Z   token: ***
2026-10-05T18:24:47.1182873Z   ssh-strict: true
2026-10-05T18:24:47.1183354Z   ssh-user: git
2026-10-05T18:24:47.1183841Z   persist-credentials: true
2026-10-05T18:24:47.1184373Z   clean: true
2026-10-05T18:24:47.1185112Z   sparse-checkout-cone-mode: true
2026-10-05T18:24:47.1185684Z   fetch-depth: 1
2026-10-05T18:24:47.1186157Z   fetch-tags: false
2026-10-05T18:24:47.1186656Z   show-progress: true
2026-10-05T18:24:47.1187145Z   lfs: false
2026-10-05T18:24:47.1187604Z   submodules: false
2026-10-05T18:24:47.1188095Z   set-safe-directory: true
2026-10-05T18:24:47.1188650Z   allow-unsafe-pr-checkout: false
2026-10-05T18:24:47.1189490Z ##[endgroup]
2026-10-05T18:24:47.2253686Z Syncing repository: hsoliwal/M3jdk21
2026-10-05T18:24:47.2257222Z ##[group]Getting Git version info
2026-10-05T18:24:47.2259003Z Working directory is '/home/runner/work/M3jdk21/M3jdk21'
2026-10-05T18:24:47.2261188Z [command]/usr/bin/git version
2026-10-05T18:24:47.2343215Z git version 2.55.0
2026-10-05T18:24:47.2366914Z ##[endgroup]
2026-10-05T18:24:47.2381856Z Temporarily overriding HOME='/home/runner/work/_temp/70563c41-efcb-425d-9848-9582fc0cb84f' before making global git config changes
2026-10-05T18:24:47.2384868Z Adding repository directory to the temporary git global config as a safe directory
2026-10-05T18:24:47.2387510Z [command]/usr/bin/git config --global --add safe.directory /home/runner/work/M3jdk21/M3jdk21
2026-10-05T18:24:47.2439508Z Deleting the contents of '/home/runner/work/M3jdk21/M3jdk21'
2026-10-05T18:24:47.2441511Z ##[group]Initializing the repository
2026-10-05T18:24:47.2442890Z [command]/usr/bin/git init /home/runner/work/M3jdk21/M3jdk21
2026-10-05T18:24:47.2559792Z hint: Using 'master' as the name for the initial branch. This default branch name
2026-10-05T18:24:47.2562454Z hint: will change to "main" in Git 3.0. To configure the initial branch name
2026-10-05T18:24:47.2564960Z hint: to use in all of your new repositories, which will suppress this warning,
2026-10-05T18:24:47.2566741Z hint: call:
2026-10-05T18:24:47.2567799Z hint:
2026-10-05T18:24:47.2569280Z hint: 	git config --global init.defaultBranch <name>
2026-10-05T18:24:47.2570794Z hint:
2026-10-05T18:24:47.2572116Z hint: Names commonly chosen instead of 'master' are 'main', 'trunk' and
2026-10-05T18:24:47.2575695Z hint: 'development'. The just-created branch can be renamed via this command:
2026-10-05T18:24:47.2577416Z hint:
2026-10-05T18:24:47.2578736Z hint: 	git branch -m <name>
2026-10-05T18:24:47.2580141Z hint:
2026-10-05T18:24:47.2581736Z hint: Disable this message with "git config set advice.defaultBranchName false"
2026-10-05T18:24:47.2584059Z Initialized empty Git repository in /home/runner/work/M3jdk21/M3jdk21/.git/
2026-10-05T18:24:47.2588498Z [command]/usr/bin/git remote add origin https://github.com/hsoliwal/M3jdk21
2026-10-05T18:24:47.2616566Z ##[endgroup]
2026-10-05T18:24:47.2618537Z ##[group]Disabling automatic garbage collection
2026-10-05T18:24:47.2622483Z [command]/usr/bin/git config --local gc.auto 0
2026-10-05T18:24:47.2667931Z ##[endgroup]
2026-10-05T18:24:47.2670136Z ##[group]Setting up auth
2026-10-05T18:24:47.2672363Z [command]/usr/bin/git config --local --name-only --get-regexp core\.sshCommand
2026-10-05T18:24:47.2711709Z [command]/usr/bin/git submodule foreach --recursive sh -c "git config --local --name-only --get-regexp 'core\.sshCommand' && git config --local --unset-all 'core.sshCommand' || :"
2026-10-05T18:24:47.3116447Z [command]/usr/bin/git config --local --name-only --get-regexp http\.https\:\/\/github\.com\/\.extraheader
2026-10-05T18:24:47.3170751Z [command]/usr/bin/git submodule foreach --recursive sh -c "git config --local --name-only --get-regexp 'http\.https\:\/\/github\.com\/\.extraheader' && git config --local --unset-all 'http.https://github.com/.extraheader' || :"
2026-10-05T18:24:47.3450622Z [command]/usr/bin/git config --local --name-only --get-regexp ^includeIf\.gitdir:
2026-10-05T18:24:47.3490530Z [command]/usr/bin/git submodule foreach --recursive git config --local --show-origin --name-only --get-regexp remote.origin.url
2026-10-05T18:24:47.3751663Z [command]/usr/bin/git config --local http.https://github.com/.extraheader AUTHORIZATION: basic ***
2026-10-05T18:24:47.3796828Z ##[endgroup]
2026-10-05T18:24:47.3798573Z ##[group]Fetching the repository
2026-10-05T18:24:47.3807057Z [command]/usr/bin/git -c protocol.version=2 fetch --no-tags --prune --no-recurse-submodules --depth=1 origin +7bea159254b27ecf4ac5eb6bf11a9ec94ae1911d:refs/remotes/pull/147/merge
2026-10-05T18:25:21.1013404Z From https://github.com/hsoliwal/M3jdk21
2026-10-05T18:25:21.1015112Z  * [new ref]             7bea159254b27ecf4ac5eb6bf11a9ec94ae1911d -> pull/147/merge
2026-10-05T18:25:21.1019277Z ##[endgroup]
2026-10-05T18:25:21.1020672Z ##[group]Determining the checkout info
2026-10-05T18:25:21.1022635Z ##[endgroup]
2026-10-05T18:25:21.1030225Z [command]/usr/bin/git sparse-checkout disable
2026-10-05T18:25:21.1085501Z [command]/usr/bin/git config --local --unset-all extensions.worktreeConfig
2026-10-05T18:25:21.1130685Z ##[group]Checking out the ref
2026-10-05T18:25:21.1199358Z [command]/usr/bin/git checkout --progress --force refs/remotes/pull/147/merge
2026-10-05T18:25:22.1935322Z Updating files:  12% (9096/70062)
2026-10-05T18:25:22.2639971Z Updating files:  13% (9109/70062)
2026-10-05T18:25:22.3343609Z Updating files:  14% (9809/70062)
2026-10-05T18:25:22.3940883Z Updating files:  15% (10510/70062)
2026-10-05T18:25:22.4609802Z Updating files:  16% (11210/70062)
2026-10-05T18:25:22.5438132Z Updating files:  17% (11911/70062)
2026-10-05T18:25:22.5993425Z Updating files:  18% (12612/70062)
2026-10-05T18:25:22.6645549Z Updating files:  19% (13312/70062)
2026-10-05T18:25:22.7313873Z Updating files:  20% (14013/70062)
2026-10-05T18:25:22.7875137Z Updating files:  21% (14714/70062)
2026-10-05T18:25:22.8548037Z Updating files:  22% (15414/70062)
2026-10-05T18:25:22.9211647Z Updating files:  23% (16115/70062)
2026-10-05T18:25:22.9948606Z Updating files:  24% (16815/70062)
2026-10-05T18:25:23.0556423Z Updating files:  25% (17516/70062)
2026-10-05T18:25:23.1133900Z Updating files:  26% (18217/70062)
2026-10-05T18:25:23.1737572Z Updating files:  27% (18917/70062)
2026-10-05T18:25:23.1909084Z Updating files:  28% (19618/70062)
2026-10-05T18:25:23.2318798Z Updating files:  28% (19925/70062)
2026-10-05T18:25:23.2924178Z Updating files:  29% (20318/70062)
2026-10-05T18:25:23.3516786Z Updating files:  30% (21019/70062)
2026-10-05T18:25:23.4331232Z Updating files:  31% (21720/70062)
2026-10-05T18:25:23.4808513Z Updating files:  32% (22420/70062)
2026-10-05T18:25:23.5221885Z Updating files:  33% (23121/70062)
2026-10-05T18:25:23.6102782Z Updating files:  34% (23822/70062)
2026-10-05T18:25:23.6633543Z Updating files:  35% (24522/70062)
2026-10-05T18:25:23.7139413Z Updating files:  36% (25223/70062)
2026-10-05T18:25:23.7609835Z Updating files:  37% (25923/70062)
2026-10-05T18:25:23.8176688Z Updating files:  38% (26624/70062)
2026-10-05T18:25:23.8642624Z Updating files:  39% (27325/70062)
2026-10-05T18:25:23.9146142Z Updating files:  40% (28025/70062)
2026-10-05T18:25:23.9590966Z Updating files:  41% (28726/70062)
2026-10-05T18:25:24.0048952Z Updating files:  42% (29427/70062)
2026-10-05T18:25:24.0487654Z Updating files:  43% (30127/70062)
2026-10-05T18:25:24.0900642Z Updating files:  44% (30828/70062)
2026-10-05T18:25:24.1357666Z Updating files:  45% (31528/70062)
2026-10-05T18:25:24.1779929Z Updating files:  46% (32229/70062)
2026-10-05T18:25:24.1909128Z Updating files:  47% (32930/70062)
2026-10-05T18:25:24.2282832Z Updating files:  47% (33116/70062)
2026-10-05T18:25:24.2849431Z Updating files:  48% (33630/70062)
2026-10-05T18:25:24.3352344Z Updating files:  49% (34331/70062)
2026-10-05T18:25:24.3860475Z Updating files:  50% (35031/70062)
2026-10-05T18:25:24.4361067Z Updating files:  51% (35732/70062)
2026-10-05T18:25:24.4835296Z Updating files:  52% (36433/70062)
2026-10-05T18:25:24.5334267Z Updating files:  53% (37133/70062)
2026-10-05T18:25:24.5745252Z Updating files:  54% (37834/70062)
2026-10-05T18:25:24.6163156Z Updating files:  55% (38535/70062)
2026-10-05T18:25:24.6597160Z Updating files:  56% (39235/70062)
2026-10-05T18:25:24.7075710Z Updating files:  57% (39936/70062)
2026-10-05T18:25:24.7545885Z Updating files:  58% (40636/70062)
2026-10-05T18:25:24.7991853Z Updating files:  59% (41337/70062)
2026-10-05T18:25:24.8403106Z Updating files:  60% (42038/70062)
2026-10-05T18:25:24.8842714Z Updating files:  61% (42738/70062)
2026-10-05T18:25:24.9349570Z Updating files:  62% (43439/70062)
2026-10-05T18:25:24.9825159Z Updating files:  63% (44140/70062)
2026-10-05T18:25:25.0315049Z Updating files:  64% (44840/70062)
2026-10-05T18:25:25.0772996Z Updating files:  65% (45541/70062)
2026-10-05T18:25:25.1448214Z Updating files:  66% (46241/70062)
2026-10-05T18:25:25.1910229Z Updating files:  67% (46942/70062)
2026-10-05T18:25:25.1945684Z Updating files:  67% (47602/70062)
2026-10-05T18:25:25.2443285Z Updating files:  68% (47643/70062)
2026-10-05T18:25:25.2984781Z Updating files:  69% (48343/70062)
2026-10-05T18:25:25.3469786Z Updating files:  70% (49044/70062)
2026-10-05T18:25:25.3916617Z Updating files:  71% (49745/70062)
2026-10-05T18:25:25.4335669Z Updating files:  72% (50445/70062)
2026-10-05T18:25:25.4957367Z Updating files:  73% (51146/70062)
2026-10-05T18:25:25.6608444Z Updating files:  74% (51846/70062)
2026-10-05T18:25:25.7217700Z Updating files:  75% (52547/70062)
2026-10-05T18:25:25.7670603Z Updating files:  76% (53248/70062)
2026-10-05T18:25:25.8095196Z Updating files:  77% (53948/70062)
2026-10-05T18:25:25.8559440Z Updating files:  78% (54649/70062)
2026-10-05T18:25:25.9118302Z Updating files:  79% (55349/70062)
2026-10-05T18:25:25.9660659Z Updating files:  80% (56050/70062)
2026-10-05T18:25:26.0066932Z Updating files:  81% (56751/70062)
2026-10-05T18:25:26.0625608Z Updating files:  82% (57451/70062)
2026-10-05T18:25:26.1919594Z Updating files:  83% (58152/70062)
2026-10-05T18:25:26.1972161Z Updating files:  83% (58828/70062)
2026-10-05T18:25:26.2489250Z Updating files:  84% (58853/70062)
2026-10-05T18:25:26.2959902Z Updating files:  85% (59553/70062)
2026-10-05T18:25:26.3494566Z Updating files:  86% (60254/70062)
2026-10-05T18:25:26.3944929Z Updating files:  87% (60954/70062)
2026-10-05T18:25:26.4391060Z Updating files:  88% (61655/70062)
2026-10-05T18:25:26.4768955Z Updating files:  89% (62356/70062)
2026-10-05T18:25:26.5137811Z Updating files:  90% (63056/70062)
2026-10-05T18:25:26.5514268Z Updating files:  91% (63757/70062)
2026-10-05T18:25:26.5897706Z Updating files:  92% (64458/70062)
2026-10-05T18:25:26.6256422Z Updating files:  93% (65158/70062)
2026-10-05T18:25:26.6599806Z Updating files:  94% (65859/70062)
2026-10-05T18:25:26.6945083Z Updating files:  95% (66559/70062)
2026-10-05T18:25:26.7338160Z Updating files:  96% (67260/70062)
2026-10-05T18:25:26.7723013Z Updating files:  97% (67961/70062)
2026-10-05T18:25:26.8141239Z Updating files:  98% (68661/70062)
2026-10-05T18:25:26.8560975Z Updating files:  99% (69362/70062)
2026-10-05T18:25:26.8561312Z Updating files: 100% (70062/70062)
2026-10-05T18:25:26.8561618Z Updating files: 100% (70062/70062), done.
2026-10-05T18:25:26.9486567Z Note: switching to 'refs/remotes/pull/147/merge'.
2026-10-05T18:25:26.9487394Z 
2026-10-05T18:25:26.9487850Z You are in 'detached HEAD' state. You can look around, make experimental
2026-10-05T18:25:26.9488982Z changes and commit them, and you can discard any commits you make in this
2026-10-05T18:25:26.9490099Z state without impacting any branches by switching back to a branch.
2026-10-05T18:25:26.9490748Z 
2026-10-05T18:25:26.9491162Z If you want to create a new branch to retain commits you create, you may
2026-10-05T18:25:26.9492143Z do so (now or later) by using -c with the switch command. Example:
2026-10-05T18:25:26.9492720Z 
2026-10-05T18:25:26.9492998Z   git switch -c <new-branch-name>
2026-10-05T18:25:26.9493370Z 
2026-10-05T18:25:26.9493603Z Or undo this operation with:
2026-10-05T18:25:26.9493942Z 
2026-10-05T18:25:26.9494732Z   git switch -
2026-10-05T18:25:26.9495038Z 
2026-10-05T18:25:26.9495445Z Turn off this advice by setting config variable advice.detachedHead to false
2026-10-05T18:25:26.9496033Z 
2026-10-05T18:25:26.9496671Z HEAD is now at 7bea15925 Merge 0483f79ae51dd578c2e4fec1b8431bd51b59b469 into 752191c9291f6467110fb8a7badfbdc4c2d41af2
2026-10-05T18:25:26.9615230Z ##[endgroup]
2026-10-05T18:25:26.9666274Z [command]/usr/bin/git log -1 --format=%H
2026-10-05T18:25:26.9697562Z 7bea159254b27ecf4ac5eb6bf11a9ec94ae1911d
2026-10-05T18:25:27.0027115Z ##[group]Run actions/setup-java@v4
2026-10-05T18:25:27.0027408Z with:
2026-10-05T18:25:27.0027610Z   distribution: temurin
2026-10-05T18:25:27.0027833Z   java-version: 21
2026-10-05T18:25:27.0028029Z   cache: maven
2026-10-05T18:25:27.0028222Z   java-package: jdk
2026-10-05T18:25:27.0028440Z   check-latest: false
2026-10-05T18:25:27.0028646Z   server-id: github
2026-10-05T18:25:27.0028872Z   server-username: GITHUB_ACTOR
2026-10-05T18:25:27.0029123Z   server-password: GITHUB_TOKEN
2026-10-05T18:25:27.0029372Z   overwrite-settings: true
2026-10-05T18:25:27.0029600Z   job-status: success
2026-10-05T18:25:27.0032443Z   token: ***
2026-10-05T18:25:27.0032655Z ##[endgroup]
2026-10-05T18:25:27.1859486Z ##[warning]setup-java v4 is deprecated and will no longer receive updates. Please migrate to actions/setup-java@v5.
2026-10-05T18:25:27.1867111Z ##[group]Installed distributions
2026-10-05T18:25:27.2024145Z Resolved Java 21.0.12+1 from tool-cache
2026-10-05T18:25:27.2024631Z Setting Java 21.0.12+1 as the default
2026-10-05T18:25:27.2035289Z (node:2026) [DEP0040] DeprecationWarning: The `punycode` module is deprecated. Please use a userland alternative instead.
2026-10-05T18:25:27.2036264Z (Use `node --trace-deprecation ...` to show where the warning was created)
2026-10-05T18:25:27.2038724Z Creating toolchains.xml for JDK version 21 from temurin
2026-10-05T18:25:27.2114806Z Writing to /home/runner/.m2/toolchains.xml
2026-10-05T18:25:27.2115554Z 
2026-10-05T18:25:27.2115714Z Java configuration:
2026-10-05T18:25:27.2116054Z   Distribution: temurin
2026-10-05T18:25:27.2116403Z   Version: 21.0.12+1
2026-10-05T18:25:27.2116831Z   Path: /opt/hostedtoolcache/Java_Temurin-Hotspot_jdk/21.0.12-1/x64
2026-10-05T18:25:27.2117187Z 
2026-10-05T18:25:27.2117517Z ##[endgroup]
2026-10-05T18:25:27.2132990Z Creating settings.xml with server-id: github
2026-10-05T18:25:27.2165363Z Writing to /home/runner/.m2/settings.xml
2026-10-05T18:25:34.5057728Z maven cache is not found
2026-10-05T18:25:34.5365347Z ##[group]Run mvn -B -ntp -f m3/pom.xml -pl tooling/backport-dag -am clean verify
2026-10-05T18:25:34.5365984Z [36;1mmvn -B -ntp -f m3/pom.xml -pl tooling/backport-dag -am clean verify[0m
2026-10-05T18:25:34.5770710Z shell: /usr/bin/bash -e {0}
2026-10-05T18:25:34.5770989Z env:
2026-10-05T18:25:34.5771309Z   JAVA_HOME: /opt/hostedtoolcache/Java_Temurin-Hotspot_jdk/21.0.12-1/x64
2026-10-05T18:25:34.5771828Z   JAVA_HOME_21_X64: /opt/hostedtoolcache/Java_Temurin-Hotspot_jdk/21.0.12-1/x64
2026-10-05T18:25:34.5772237Z ##[endgroup]
2026-10-05T18:25:38.4120109Z [INFO] Scanning for projects...
2026-10-05T18:25:38.5237171Z [INFO] ------------------------------------------------------------------------
2026-10-05T18:25:38.5238242Z [INFO] Reactor Build Order:
2026-10-05T18:25:38.5238935Z [INFO] 
2026-10-05T18:25:38.5255215Z [INFO] migration-recipes                                                  [jar]
2026-10-05T18:25:38.5285241Z [INFO] M3JDK21 backport recipe DAG                                        [jar]
2026-10-05T18:25:38.5344868Z [INFO] 
2026-10-05T18:25:38.5365553Z [INFO] ------------------< com.m3.tooling:migration-recipes >------------------
2026-10-05T18:25:38.5366781Z [INFO] Building migration-recipes 0.1.0-SNAPSHOT                          [1/2]
2026-10-05T18:25:38.5392074Z [INFO]   from pom.xml
2026-10-05T18:25:38.5394884Z [INFO] --------------------------------[ jar ]---------------------------------
2026-10-05T18:25:46.1316867Z [INFO] 
2026-10-05T18:25:46.1325375Z [INFO] --- clean:3.2.0:clean (default-clean) @ migration-recipes ---
2026-10-05T18:25:46.5880557Z [INFO] 
2026-10-05T18:25:46.5881034Z [INFO] --- jacoco:0.8.15:prepare-agent (m3-coverage-agent) @ migration-recipes ---
2026-10-05T18:25:48.1597906Z [INFO] argLine set to -javaagent:/home/runner/.m2/repository/org/jacoco/org.jacoco.agent/0.8.15/org.jacoco.agent-0.8.15-runtime.jar=destfile=/home/runner/work/M3jdk21/M3jdk21/m3/tooling/migration-recipes/target/jacoco.exec
2026-10-05T18:25:48.1599788Z [INFO] 
2026-10-05T18:25:48.1600426Z [INFO] --- resources:3.4.0:resources (default-resources) @ migration-recipes ---
2026-10-05T18:25:49.2828110Z [INFO] Copying 405 resources from src/main/resources to target/classes
2026-10-05T18:25:49.3517312Z [INFO] 
2026-10-05T18:25:49.3517755Z [INFO] --- compiler:3.13.0:compile (default-compile) @ migration-recipes ---
2026-10-05T18:25:50.5232608Z [INFO] Recompiling the module because of changed source code.
2026-10-05T18:25:50.5393360Z [INFO] Compiling 34 source files with javac [debug release 21] to target/classes
2026-10-05T18:25:52.5940330Z [INFO] 
2026-10-05T18:25:52.5948196Z [INFO] --- resources:3.4.0:testResources (default-testResources) @ migration-recipes ---
2026-10-05T18:25:52.6037228Z [INFO] Copying 56 resources from src/test/resources to target/test-classes
2026-10-05T18:25:52.6209554Z [INFO] 
2026-10-05T18:25:52.6229694Z [INFO] --- compiler:3.13.0:testCompile (default-testCompile) @ migration-recipes ---
2026-10-05T18:25:52.6377874Z [INFO] Recompiling the module because of changed dependency.
2026-10-05T18:25:52.6402804Z [INFO] Compiling 62 source files with javac [debug release 21] to target/test-classes
2026-10-05T18:25:52.8934669Z [INFO] -------------------------------------------------------------
2026-10-05T18:25:52.8935838Z [ERROR] COMPILATION ERROR : 
2026-10-05T18:25:52.8936718Z [INFO] -------------------------------------------------------------
2026-10-05T18:25:52.8938697Z [ERROR] /home/runner/work/M3jdk21/M3jdk21/m3/tooling/migration-recipes/src/test/java/com/m3/rewrite/M3A3RegexMemoryLabDeliveryRecipeTest.java:[97,54] unclosed character literal
2026-10-05T18:25:52.8941789Z [ERROR] /home/runner/work/M3jdk21/M3jdk21/m3/tooling/migration-recipes/src/test/java/com/m3/rewrite/M3A3RegexMemoryLabDeliveryRecipeTest.java:[98,53] ';' expected
2026-10-05T18:25:52.8944681Z [ERROR] /home/runner/work/M3jdk21/M3jdk21/m3/tooling/migration-recipes/src/test/java/com/m3/rewrite/M3A3RegexMemoryWorkflowRecipeTest.java:[100,54] unclosed character literal
2026-10-05T18:25:52.8947581Z [ERROR] /home/runner/work/M3jdk21/M3jdk21/m3/tooling/migration-recipes/src/test/java/com/m3/rewrite/M3A3RegexMemoryWorkflowRecipeTest.java:[101,53] ';' expected
2026-10-05T18:25:52.8950257Z [INFO] 4 errors 
2026-10-05T18:25:52.8952587Z [INFO] -------------------------------------------------------------
2026-10-05T18:25:52.8953586Z [INFO] ------------------------------------------------------------------------
2026-10-05T18:25:52.8955048Z [INFO] Reactor Summary for migration-recipes 0.1.0-SNAPSHOT:
2026-10-05T18:25:52.8955904Z [INFO] 
2026-10-05T18:25:52.8956736Z [INFO] migration-recipes .................................. FAILURE [ 14.360 s]
2026-10-05T18:25:52.8957791Z [INFO] M3JDK21 backport recipe DAG ........................ SKIPPED
2026-10-05T18:25:52.8985476Z [INFO] ------------------------------------------------------------------------
2026-10-05T18:25:52.8989996Z [INFO] BUILD FAILURE
2026-10-05T18:25:52.8990782Z [INFO] ------------------------------------------------------------------------
2026-10-05T18:25:52.8991684Z [INFO] Total time:  14.528 s
2026-10-05T18:25:52.8992329Z [INFO] Finished at: 2026-10-05T18:25:52Z
2026-10-05T18:25:52.9003181Z [INFO] ------------------------------------------------------------------------
2026-10-05T18:25:52.9006711Z [ERROR] Failed to execute goal org.apache.maven.plugins:maven-compiler-plugin:3.13.0:testCompile (default-testCompile) on project migration-recipes: Compilation failure: Compilation failure: 
2026-10-05T18:25:52.9009513Z [ERROR] /home/runner/work/M3jdk21/M3jdk21/m3/tooling/migration-recipes/src/test/java/com/m3/rewrite/M3A3RegexMemoryLabDeliveryRecipeTest.java:[97,54] unclosed character literal
2026-10-05T18:25:52.9011973Z [ERROR] /home/runner/work/M3jdk21/M3jdk21/m3/tooling/migration-recipes/src/test/java/com/m3/rewrite/M3A3RegexMemoryLabDeliveryRecipeTest.java:[98,53] ';' expected
2026-10-05T18:25:52.9013538Z [ERROR] /home/runner/work/M3jdk21/M3jdk21/m3/tooling/migration-recipes/src/test/java/com/m3/rewrite/M3A3RegexMemoryWorkflowRecipeTest.java:[100,54] unclosed character literal
2026-10-05T18:25:52.9015775Z [ERROR] /home/runner/work/M3jdk21/M3jdk21/m3/tooling/migration-recipes/src/test/java/com/m3/rewrite/M3A3RegexMemoryWorkflowRecipeTest.java:[101,53] ';' expected
2026-10-05T18:25:52.9017241Z [ERROR] -> [Help 1]
2026-10-05T18:25:52.9017624Z [ERROR] 
2026-10-05T18:25:52.9018111Z [ERROR] To see the full stack trace of the errors, re-run Maven with the -e switch.
2026-10-05T18:25:52.9018920Z [ERROR] Re-run Maven using the -X switch to enable full debug logging.
2026-10-05T18:25:52.9019492Z [ERROR] 
2026-10-05T18:25:52.9020127Z [ERROR] For more information about the errors and possible solutions, please read the following articles:
2026-10-05T18:25:52.9021184Z [ERROR] [Help 1] http://cwiki.apache.org/confluence/display/MAVEN/MojoFailureException
2026-10-05T18:25:52.9343327Z ##[error]Process completed with exit code 1.
2026-10-05T18:25:52.9504791Z Post job cleanup.
2026-10-05T18:25:53.0960794Z (node:2137) [DEP0040] DeprecationWarning: The `punycode` module is deprecated. Please use a userland alternative instead.
2026-10-05T18:25:53.0961768Z (Use `node --trace-deprecation ...` to show where the warning was created)
2026-10-05T18:25:53.1205696Z Post job cleanup.
2026-10-05T18:25:53.2218217Z [command]/usr/bin/git version
2026-10-05T18:25:53.2285565Z git version 2.55.0
2026-10-05T18:25:53.2332727Z Temporarily overriding HOME='/home/runner/work/_temp/2974126c-59d9-4317-b3e6-652c307d075b' before making global git config changes
2026-10-05T18:25:53.2334827Z Adding repository directory to the temporary git global config as a safe directory
2026-10-05T18:25:53.2338892Z [command]/usr/bin/git config --global --add safe.directory /home/runner/work/M3jdk21/M3jdk21
2026-10-05T18:25:53.2393442Z [command]/usr/bin/git config --local --name-only --get-regexp core\.sshCommand
2026-10-05T18:25:53.2442358Z [command]/usr/bin/git submodule foreach --recursive sh -c "git config --local --name-only --get-regexp 'core\.sshCommand' && git config --local --unset-all 'core.sshCommand' || :"
2026-10-05T18:25:53.3036427Z [command]/usr/bin/git config --local --name-only --get-regexp http\.https\:\/\/github\.com\/\.extraheader
2026-10-05T18:25:53.3069415Z http.https://github.com/.extraheader
2026-10-05T18:25:53.3093508Z [command]/usr/bin/git config --local --unset-all http.https://github.com/.extraheader
2026-10-05T18:25:53.3136688Z [command]/usr/bin/git submodule foreach --recursive sh -c "git config --local --name-only --get-regexp 'http\.https\:\/\/github\.com\/\.extraheader' && git config --local --unset-all 'http.https://github.com/.extraheader' || :"
2026-10-05T18:25:53.3568307Z [command]/usr/bin/git config --local --name-only --get-regexp ^includeIf\.gitdir:
2026-10-05T18:25:53.3616981Z [command]/usr/bin/git submodule foreach --recursive git config --local --show-origin --name-only --get-regexp remote.origin.url
2026-10-05T18:25:53.4253192Z Cleaning up orphan processes
2026-10-05T18:25:53.4618493Z ##[warning]Node.js 20 is deprecated. The following actions target Node.js 20 but are being forced to run on Node.js 24: actions/checkout@v4, actions/setup-java@v4. For more information see: https://github.blog/changelog/2025-09-19-deprecation-of-node-20-on-github-actions-runners/
